---
http_interactions:
- request:
    method: get
    uri: https://staging2-lcm-dev.intgdc.com/gdc/md/auf7ejg5mq8nlrydldhrddyssk6wsh4e/objects/query?category=projectDashboard&limit=50&offset=0
    body:
      encoding: US-ASCII
      string: ''
    headers:
      Accept:
      - application/json, application/zip
      Accept-Encoding:
      - gzip, deflate
      User-Agent:
      - gooddata-gem/2.1.3/x86_64-darwin18/2.4.5
      Content-Type:
      - application/json
      X-Gdc-Authtt:
      - "<X_GDC_AUTHTT>"
      X-Gdc-Request:
      - ":LUAPE43vz1OObhJlKnNSVw:9vgJ-Olq2nT1FFwLCYPqVQ"
      Stats-On:
      - ''
      Host:
      - staging2-lcm-dev.intgdc.com
  response:
    status:
      code: 200
      message: OK
    headers:
      Date:
      - Thu, 18 Apr 2019 13:00:31 GMT
      Server:
      - GoodData WebApp
      Keep-Alive:
      - timeout=5, max=96
      X-Gdc-Log-Header:
      - ''
      Cache-Control:
      - no-cache, no-store, must-revalidate
      Content-Type:
      - application/json;charset=UTF-8
      Transfer-Encoding:
      - chunked
      Vary:
      - Accept-Encoding
      - origin
      X-Gdc-Request:
      - ":LUAPE43vz1OObhJlKnNSVw:9vgJ-Olq2nT1FFwLCYPqVQ:15UgEUvS4lxXsYkY"
      X-Gdc-Request-Time:
      - '37'
      Strict-Transport-Security:
      - max-age=10886400; includeSubDomains; preload;
    body:
      encoding: ASCII-8BIT
      string: '{"objects":{"paging":{"count":2,"offset":0},"items":[{"projectDashboard":{"content":{"tabs":[{"identifier":"aac9ZeDKgyVm","title":"Tab
        1","items":[{"reportItem":{"obj":"/gdc/md/auf7ejg5mq8nlrydldhrddyssk6wsh4e/obj/380","sizeY":100,"sizeX":640,"visualization":{"grid":{"columnWidths":[]},"oneNumber":{"labels":{}}},"style":{"displayTitle":1,"background":{"opacity":0.0}},"positionY":0,"filters":[],"positionX":0}},{"reportItem":{"obj":"/gdc/md/auf7ejg5mq8nlrydldhrddyssk6wsh4e/obj/382","sizeY":100,"sizeX":640,"visualization":{"grid":{"columnWidths":[]},"oneNumber":{"labels":{}}},"style":{"displayTitle":1,"background":{"opacity":0.0}},"positionY":150,"filters":[],"positionX":0}},{"reportItem":{"obj":"/gdc/md/auf7ejg5mq8nlrydldhrddyssk6wsh4e/obj/392","sizeY":100,"sizeX":640,"visualization":{"grid":{"columnWidths":[]},"oneNumber":{"labels":{}}},"style":{"displayTitle":1,"background":{"opacity":0.0}},"positionY":0,"filters":[],"positionX":0}},{"reportItem":{"obj":"/gdc/md/auf7ejg5mq8nlrydldhrddyssk6wsh4e/obj/398","sizeY":200,"sizeX":300,"visualization":{"grid":{"columnWidths":[]},"oneNumber":{"labels":{}}},"style":{"displayTitle":1,"background":{"opacity":0.0}},"positionY":300,"filters":[],"positionX":0}}]},{"identifier":"aad9ZeDKgyVm","title":"Tab
        2","items":[{"reportItem":{"obj":"/gdc/md/auf7ejg5mq8nlrydldhrddyssk6wsh4e/obj/380","sizeY":100,"sizeX":640,"visualization":{"grid":{"columnWidths":[]},"oneNumber":{"labels":{}}},"style":{"displayTitle":1,"background":{"opacity":0.0}},"positionY":0,"filters":[],"positionX":0}},{"reportItem":{"obj":"/gdc/md/auf7ejg5mq8nlrydldhrddyssk6wsh4e/obj/382","sizeY":100,"sizeX":640,"visualization":{"grid":{"columnWidths":[]},"oneNumber":{"labels":{}}},"style":{"displayTitle":1,"background":{"opacity":0.0}},"positionY":150,"filters":[],"positionX":0}},{"reportItem":{"obj":"/gdc/md/auf7ejg5mq8nlrydldhrddyssk6wsh4e/obj/392","sizeY":100,"sizeX":640,"visualization":{"grid":{"columnWidths":[]},"oneNumber":{"labels":{}}},"style":{"displayTitle":1,"background":{"opacity":0.0}},"positionY":0,"filters":[],"positionX":0}}]}],"filters":[]},"meta":{"author":"/gdc/account/profile/ef00d74950b4291e8567b4bcbdfed9a0","uri":"/gdc/md/auf7ejg5mq8nlrydldhrddyssk6wsh4e/obj/393","tags":"dashboard","created":"2019-04-18
        14:36:02","identifier":"dashboard.dashboard.1","deprecated":"0","summary":"","isProduction":1,"title":"Dashboard
        1","category":"projectDashboard","updated":"2019-04-18 14:55:10","contributor":"/gdc/account/profile/ef00d74950b4291e8567b4bcbdfed9a0"}}},{"projectDashboard":{"content":{"tabs":[{"identifier":"aab9ZlWqgy9M","title":"Tab
        1","items":[{"reportItem":{"obj":"/gdc/md/auf7ejg5mq8nlrydldhrddyssk6wsh4e/obj/380","sizeY":100,"sizeX":640,"visualization":{"grid":{"columnWidths":[]},"oneNumber":{"labels":{}}},"style":{"displayTitle":1,"background":{"opacity":0.0}},"positionY":0,"filters":[],"positionX":0}},{"reportItem":{"obj":"/gdc/md/auf7ejg5mq8nlrydldhrddyssk6wsh4e/obj/382","sizeY":100,"sizeX":640,"visualization":{"grid":{"columnWidths":[]},"oneNumber":{"labels":{}}},"style":{"displayTitle":1,"background":{"opacity":0.0}},"positionY":150,"filters":[],"positionX":0}},{"reportItem":{"obj":"/gdc/md/auf7ejg5mq8nlrydldhrddyssk6wsh4e/obj/392","sizeY":100,"sizeX":640,"visualization":{"grid":{"columnWidths":[]},"oneNumber":{"labels":{}}},"style":{"displayTitle":1,"background":{"opacity":0.0}},"positionY":0,"filters":[],"positionX":0}}]},{"identifier":"aac9ZlWqgy9M","title":"Tab
        2","items":[{"reportItem":{"obj":"/gdc/md/auf7ejg5mq8nlrydldhrddyssk6wsh4e/obj/380","sizeY":100,"sizeX":640,"visualization":{"grid":{"columnWidths":[]},"oneNumber":{"labels":{}}},"style":{"displayTitle":1,"background":{"opacity":0.0}},"positionY":0,"filters":[],"positionX":0}},{"reportItem":{"obj":"/gdc/md/auf7ejg5mq8nlrydldhrddyssk6wsh4e/obj/382","sizeY":100,"sizeX":640,"visualization":{"grid":{"columnWidths":[]},"oneNumber":{"labels":{}}},"style":{"displayTitle":1,"background":{"opacity":0.0}},"positionY":150,"filters":[],"positionX":0}},{"reportItem":{"obj":"/gdc/md/auf7ejg5mq8nlrydldhrddyssk6wsh4e/obj/392","sizeY":100,"sizeX":640,"visualization":{"grid":{"columnWidths":[]},"oneNumber":{"labels":{}}},"style":{"displayTitle":1,"background":{"opacity":0.0}},"positionY":0,"filters":[],"positionX":0}}]}],"filters":[]},"meta":{"author":"/gdc/account/profile/ef00d74950b4291e8567b4bcbdfed9a0","uri":"/gdc/md/auf7ejg5mq8nlrydldhrddyssk6wsh4e/obj/394","tags":"dashboard","created":"2019-04-18
        14:36:12","identifier":"dashboard.dashboard.2","deprecated":"0","summary":"","isProduction":1,"title":"Dashboard
        2","category":"projectDashboard","updated":"2019-04-18 14:36:13","contributor":"/gdc/account/profile/ef00d74950b4291e8567b4bcbdfed9a0"}}}]}}'
    http_version: 
  recorded_at: Thu, 18 Apr 2019 13:00:31 GMT
- request:
    method: get
    uri: https://staging2-lcm-dev.intgdc.com/gdc/md/auf7ejg5mq8nlrydldhrddyssk6wsh4e/obj/380
    body:
      encoding: US-ASCII
      string: ''
    headers:
      Accept:
      - application/json, application/zip
      Accept-Encoding:
      - gzip, deflate
      User-Agent:
      - gooddata-gem/2.1.3/x86_64-darwin18/2.4.5
      Content-Type:
      - application/json
      X-Gdc-Authtt:
      - "<X_GDC_AUTHTT>"
      X-Gdc-Request:
      - ":LUAPE43vz1OObhJlKnNSVw:ZAiAbCH2RCoOY0OUhpmxOA"
      Stats-On:
      - ''
      Host:
      - staging2-lcm-dev.intgdc.com
  response:
    status:
      code: 200
      message: OK
    headers:
      Date:
      - Thu, 18 Apr 2019 13:00:32 GMT
      Server:
      - GoodData WebApp
      Keep-Alive:
      - timeout=5, max=97
      X-Gdc-Log-Header:
      - ''
      Cache-Control:
      - no-cache, no-store, must-revalidate
      Content-Type:
      - application/json;charset=UTF-8
      X-Gdc-Request:
      - ":LUAPE43vz1OObhJlKnNSVw:ZAiAbCH2RCoOY0OUhpmxOA:6FuevjvaExJ1dmCI"
      Vary:
      - origin
      X-Gdc-Request-Time:
      - '32'
      Transfer-Encoding:
      - chunked
      Strict-Transport-Security:
      - max-age=10886400; includeSubDomains; preload;
    body:
      encoding: ASCII-8BIT
      string: '{"report":{"content":{"domains":[],"definitions":["/gdc/md/auf7ejg5mq8nlrydldhrddyssk6wsh4e/obj/379"]},"meta":{"author":"/gdc/account/profile/ef00d74950b4291e8567b4bcbdfed9a0","uri":"/gdc/md/auf7ejg5mq8nlrydldhrddyssk6wsh4e/obj/380","tags":"","created":"2019-04-18
        14:35:07","identifier":"report.customers.count.by.gender","deprecated":"0","summary":"","isProduction":1,"title":"Customers
        Count By Gender","category":"report","updated":"2019-04-18 14:35:08","contributor":"/gdc/account/profile/ef00d74950b4291e8567b4bcbdfed9a0"}}}'
    http_version: 
  recorded_at: Thu, 18 Apr 2019 13:00:32 GMT
- request:
    method: get
    uri: https://staging2-lcm-dev.intgdc.com/gdc/md/auf7ejg5mq8nlrydldhrddyssk6wsh4e/obj/382
    body:
      encoding: US-ASCII
      string: ''
    headers:
      Accept:
      - application/json, application/zip
      Accept-Encoding:
      - gzip, deflate
      User-Agent:
      - gooddata-gem/2.1.3/x86_64-darwin18/2.4.5
      Content-Type:
      - application/json
      X-Gdc-Authtt:
      - "<X_GDC_AUTHTT>"
      X-Gdc-Request:
      - ":LUAPE43vz1OObhJlKnNSVw:HcVXj7_cEovvne5x-lz4dQ"
      Stats-On:
      - ''
      Host:
      - staging2-lcm-dev.intgdc.com
  response:
    status:
      code: 200
      message: OK
    headers:
      Date:
      - Thu, 18 Apr 2019 13:00:32 GMT
      Server:
      - GoodData WebApp
      Keep-Alive:
      - timeout=5, max=81
      X-Gdc-Log-Header:
      - ''
      Cache-Control:
      - no-cache, no-store, must-revalidate
      Content-Type:
      - application/json;charset=UTF-8
      X-Gdc-Request:
      - ":LUAPE43vz1OObhJlKnNSVw:HcVXj7_cEovvne5x-lz4dQ:z49gSJ3p58YUeps1"
      Vary:
      - origin
      X-Gdc-Request-Time:
      - '28'
      Transfer-Encoding:
      - chunked
      Strict-Transport-Security:
      - max-age=10886400; includeSubDomains; preload;
    body:
      encoding: ASCII-8BIT
      string: '{"report":{"content":{"domains":[],"definitions":["/gdc/md/auf7ejg5mq8nlrydldhrddyssk6wsh4e/obj/381"]},"meta":{"author":"/gdc/account/profile/ef00d74950b4291e8567b4bcbdfed9a0","uri":"/gdc/md/auf7ejg5mq8nlrydldhrddyssk6wsh4e/obj/382","tags":"","created":"2019-04-18
        14:35:13","identifier":"report.customers.count.by.state","deprecated":"0","summary":"","isProduction":1,"title":"Customers
        Count By State","category":"report","updated":"2019-04-18 14:35:14","contributor":"/gdc/account/profile/ef00d74950b4291e8567b4bcbdfed9a0"}}}'
    http_version: 
  recorded_at: Thu, 18 Apr 2019 13:00:33 GMT
- request:
    method: get
    uri: https://staging2-lcm-dev.intgdc.com/gdc/md/auf7ejg5mq8nlrydldhrddyssk6wsh4e/obj/392
    body:
      encoding: US-ASCII
      string: ''
    headers:
      Accept:
      - application/json, application/zip
      Accept-Encoding:
      - gzip, deflate
      User-Agent:
      - gooddata-gem/2.1.3/x86_64-darwin18/2.4.5
      Content-Type:
      - application/json
      X-Gdc-Authtt:
      - "<X_GDC_AUTHTT>"
      X-Gdc-Request:
      - ":LUAPE43vz1OObhJlKnNSVw:HWs3msVflQqV6SSW-Y0S_A"
      Stats-On:
      - ''
      Host:
      - staging2-lcm-dev.intgdc.com
  response:
    status:
      code: 200
      message: OK
    headers:
      Date:
      - Thu, 18 Apr 2019 13:00:33 GMT
      Server:
      - GoodData WebApp
      Keep-Alive:
      - timeout=5, max=95
      X-Gdc-Log-Header:
      - ''
      Cache-Control:
      - no-cache, no-store, must-revalidate
      Content-Type:
      - application/json;charset=UTF-8
      X-Gdc-Request:
      - ":LUAPE43vz1OObhJlKnNSVw:HWs3msVflQqV6SSW-Y0S_A:0LWxLolxr669Yi0h"
      Vary:
      - origin
      X-Gdc-Request-Time:
      - '28'
      Transfer-Encoding:
      - chunked
      Strict-Transport-Security:
      - max-age=10886400; includeSubDomains; preload;
    body:
      encoding: ASCII-8BIT
      string: '{"report":{"content":{"domains":[],"definitions":["/gdc/md/auf7ejg5mq8nlrydldhrddyssk6wsh4e/obj/391"]},"meta":{"author":"/gdc/account/profile/ef00d74950b4291e8567b4bcbdfed9a0","uri":"/gdc/md/auf7ejg5mq8nlrydldhrddyssk6wsh4e/obj/392","tags":"","created":"2019-04-18
        14:35:44","identifier":"report.report.contains.ca","deprecated":"0","summary":"","isProduction":1,"title":"Report
        contains CA","category":"report","updated":"2019-04-18 14:35:45","contributor":"/gdc/account/profile/ef00d74950b4291e8567b4bcbdfed9a0"}}}'
    http_version: 
  recorded_at: Thu, 18 Apr 2019 13:00:33 GMT
- request:
    method: get
    uri: https://staging2-lcm-dev.intgdc.com/gdc/md/auf7ejg5mq8nlrydldhrddyssk6wsh4e/obj/398
    body:
      encoding: US-ASCII
      string: ''
    headers:
      Accept:
      - application/json, application/zip
      Accept-Encoding:
      - gzip, deflate
      User-Agent:
      - gooddata-gem/2.1.3/x86_64-darwin18/2.4.5
      Content-Type:
      - application/json
      X-Gdc-Authtt:
      - "<X_GDC_AUTHTT>"
      X-Gdc-Request:
      - ":LUAPE43vz1OObhJlKnNSVw:TXjnunTVvSMgHi2Oxurqxg"
      Stats-On:
      - ''
      Host:
      - staging2-lcm-dev.intgdc.com
  response:
    status:
      code: 200
      message: OK
    headers:
      Date:
      - Thu, 18 Apr 2019 13:00:34 GMT
      Server:
      - GoodData WebApp
      Keep-Alive:
      - timeout=5, max=95
      X-Gdc-Log-Header:
      - ''
      Cache-Control:
      - no-cache, no-store, must-revalidate
      Content-Type:
      - application/json;charset=UTF-8
      X-Gdc-Request:
      - ":LUAPE43vz1OObhJlKnNSVw:TXjnunTVvSMgHi2Oxurqxg:MbmsBXoT88dzmEwx"
      Vary:
      - origin
      X-Gdc-Request-Time:
      - '28'
      Transfer-Encoding:
      - chunked
      Strict-Transport-Security:
      - max-age=10886400; includeSubDomains; preload;
    body:
      encoding: ASCII-8BIT
      string: '{"report":{"content":{"domains":[],"definitions":["/gdc/md/auf7ejg5mq8nlrydldhrddyssk6wsh4e/obj/397"]},"meta":{"author":"/gdc/account/profile/ef00d74950b4291e8567b4bcbdfed9a0","uri":"/gdc/md/auf7ejg5mq8nlrydldhrddyssk6wsh4e/obj/398","tags":"","created":"2019-04-18
        14:55:08","identifier":"aab937oqg41V","deprecated":"0","summary":"","isProduction":1,"title":"Awesome
        report","category":"report","updated":"2019-04-18 14:55:09","contributor":"/gdc/account/profile/ef00d74950b4291e8567b4bcbdfed9a0"}}}'
    http_version: 
  recorded_at: Thu, 18 Apr 2019 13:00:34 GMT
- request:
    method: get
    uri: https://staging2-lcm-dev.intgdc.com/gdc/md/auf7ejg5mq8nlrydldhrddyssk6wsh4e/obj/380
    body:
      encoding: US-ASCII
      string: ''
    headers:
      Accept:
      - application/json, application/zip
      Accept-Encoding:
      - gzip, deflate
      User-Agent:
      - gooddata-gem/2.1.3/x86_64-darwin18/2.4.5
      Content-Type:
      - application/json
      X-Gdc-Authtt:
      - "<X_GDC_AUTHTT>"
      X-Gdc-Request:
      - ":LUAPE43vz1OObhJlKnNSVw:EicoWaEsZ6XsCBA7YCgt4w"
      Stats-On:
      - ''
      Host:
      - staging2-lcm-dev.intgdc.com
  response:
    status:
      code: 200
      message: OK
    headers:
      Date:
      - Thu, 18 Apr 2019 13:00:34 GMT
      Server:
      - GoodData WebApp
      Keep-Alive:
      - timeout=5, max=82
      X-Gdc-Log-Header:
      - ''
      Cache-Control:
      - no-cache, no-store, must-revalidate
      Content-Type:
      - application/json;charset=UTF-8
      X-Gdc-Request:
      - ":LUAPE43vz1OObhJlKnNSVw:EicoWaEsZ6XsCBA7YCgt4w:N8tVJg1WtlYH6Itr"
      Vary:
      - origin
      X-Gdc-Request-Time:
      - '28'
      Transfer-Encoding:
      - chunked
      Strict-Transport-Security:
      - max-age=10886400; includeSubDomains; preload;
    body:
      encoding: ASCII-8BIT
      string: '{"report":{"content":{"domains":[],"definitions":["/gdc/md/auf7ejg5mq8nlrydldhrddyssk6wsh4e/obj/379"]},"meta":{"author":"/gdc/account/profile/ef00d74950b4291e8567b4bcbdfed9a0","uri":"/gdc/md/auf7ejg5mq8nlrydldhrddyssk6wsh4e/obj/380","tags":"","created":"2019-04-18
        14:35:07","identifier":"report.customers.count.by.gender","deprecated":"0","summary":"","isProduction":1,"title":"Customers
        Count By Gender","category":"report","updated":"2019-04-18 14:35:08","contributor":"/gdc/account/profile/ef00d74950b4291e8567b4bcbdfed9a0"}}}'
    http_version: 
  recorded_at: Thu, 18 Apr 2019 13:00:34 GMT
- request:
    method: get
    uri: https://staging2-lcm-dev.intgdc.com/gdc/md/auf7ejg5mq8nlrydldhrddyssk6wsh4e/obj/382
    body:
      encoding: US-ASCII
      string: ''
    headers:
      Accept:
      - application/json, application/zip
      Accept-Encoding:
      - gzip, deflate
      User-Agent:
      - gooddata-gem/2.1.3/x86_64-darwin18/2.4.5
      Content-Type:
      - application/json
      X-Gdc-Authtt:
      - "<X_GDC_AUTHTT>"
      X-Gdc-Request:
      - ":LUAPE43vz1OObhJlKnNSVw:-aEoo-2uQi_bDIOZl76DFw"
      Stats-On:
      - ''
      Host:
      - staging2-lcm-dev.intgdc.com
  response:
    status:
      code: 200
      message: OK
    headers:
      Date:
      - Thu, 18 Apr 2019 13:00:35 GMT
      Server:
      - GoodData WebApp
      Keep-Alive:
      - timeout=5, max=95
      X-Gdc-Log-Header:
      - ''
      Cache-Control:
      - no-cache, no-store, must-revalidate
      Content-Type:
      - application/json;charset=UTF-8
      X-Gdc-Request:
      - ":LUAPE43vz1OObhJlKnNSVw:-aEoo-2uQi_bDIOZl76DFw:BfFyCFvJVvFdvgGl"
      Vary:
      - origin
      X-Gdc-Request-Time:
      - '29'
      Transfer-Encoding:
      - chunked
      Strict-Transport-Security:
      - max-age=10886400; includeSubDomains; preload;
    body:
      encoding: ASCII-8BIT
      string: '{"report":{"content":{"domains":[],"definitions":["/gdc/md/auf7ejg5mq8nlrydldhrddyssk6wsh4e/obj/381"]},"meta":{"author":"/gdc/account/profile/ef00d74950b4291e8567b4bcbdfed9a0","uri":"/gdc/md/auf7ejg5mq8nlrydldhrddyssk6wsh4e/obj/382","tags":"","created":"2019-04-18
        14:35:13","identifier":"report.customers.count.by.state","deprecated":"0","summary":"","isProduction":1,"title":"Customers
        Count By State","category":"report","updated":"2019-04-18 14:35:14","contributor":"/gdc/account/profile/ef00d74950b4291e8567b4bcbdfed9a0"}}}'
    http_version: 
  recorded_at: Thu, 18 Apr 2019 13:00:35 GMT
- request:
    method: get
    uri: https://staging2-lcm-dev.intgdc.com/gdc/md/auf7ejg5mq8nlrydldhrddyssk6wsh4e/obj/392
    body:
      encoding: US-ASCII
      string: ''
    headers:
      Accept:
      - application/json, application/zip
      Accept-Encoding:
      - gzip, deflate
      User-Agent:
      - gooddata-gem/2.1.3/x86_64-darwin18/2.4.5
      Content-Type:
      - application/json
      X-Gdc-Authtt:
      - "<X_GDC_AUTHTT>"
      X-Gdc-Request:
      - ":LUAPE43vz1OObhJlKnNSVw:rjeReqKSVbUIhBr7kEur7g"
      Stats-On:
      - ''
      Host:
      - staging2-lcm-dev.intgdc.com
  response:
    status:
      code: 200
      message: OK
    headers:
      Date:
      - Thu, 18 Apr 2019 13:00:36 GMT
      Server:
      - GoodData WebApp
      Keep-Alive:
      - timeout=5, max=95
      X-Gdc-Log-Header:
      - ''
      Cache-Control:
      - no-cache, no-store, must-revalidate
      Content-Type:
      - application/json;charset=UTF-8
      X-Gdc-Request:
      - ":LUAPE43vz1OObhJlKnNSVw:rjeReqKSVbUIhBr7kEur7g:lKB9PhjCoekZHgEj"
      Vary:
      - origin
      X-Gdc-Request-Time:
      - '29'
      Transfer-Encoding:
      - chunked
      Strict-Transport-Security:
      - max-age=10886400; includeSubDomains; preload;
    body:
      encoding: ASCII-8BIT
      string: '{"report":{"content":{"domains":[],"definitions":["/gdc/md/auf7ejg5mq8nlrydldhrddyssk6wsh4e/obj/391"]},"meta":{"author":"/gdc/account/profile/ef00d74950b4291e8567b4bcbdfed9a0","uri":"/gdc/md/auf7ejg5mq8nlrydldhrddyssk6wsh4e/obj/392","tags":"","created":"2019-04-18
        14:35:44","identifier":"report.report.contains.ca","deprecated":"0","summary":"","isProduction":1,"title":"Report
        contains CA","category":"report","updated":"2019-04-18 14:35:45","contributor":"/gdc/account/profile/ef00d74950b4291e8567b4bcbdfed9a0"}}}'
    http_version: 
  recorded_at: Thu, 18 Apr 2019 13:00:36 GMT
- request:
    method: get
    uri: https://staging2-lcm-dev.intgdc.com/gdc/md/auf7ejg5mq8nlrydldhrddyssk6wsh4e/obj/380
    body:
      encoding: US-ASCII
      string: ''
    headers:
      Accept:
      - application/json, application/zip
      Accept-Encoding:
      - gzip, deflate
      User-Agent:
      - gooddata-gem/2.1.3/x86_64-darwin18/2.4.5
      Content-Type:
      - application/json
      X-Gdc-Authtt:
      - "<X_GDC_AUTHTT>"
      X-Gdc-Request:
      - ":LUAPE43vz1OObhJlKnNSVw:XiadAaKButlz9RrARlOIYw"
      Stats-On:
      - ''
      Host:
      - staging2-lcm-dev.intgdc.com
  response:
    status:
      code: 200
      message: OK
    headers:
      Date:
      - Thu, 18 Apr 2019 13:00:36 GMT
      Server:
      - GoodData WebApp
      Keep-Alive:
      - timeout=5, max=100
      X-Gdc-Log-Header:
      - ''
      Cache-Control:
      - no-cache, no-store, must-revalidate
      Content-Type:
      - application/json;charset=UTF-8
      X-Gdc-Request:
      - ":LUAPE43vz1OObhJlKnNSVw:XiadAaKButlz9RrARlOIYw:lU2grHH26bN3AJyI"
      Vary:
      - origin
      X-Gdc-Request-Time:
      - '30'
      Transfer-Encoding:
      - chunked
      Strict-Transport-Security:
      - max-age=10886400; includeSubDomains; preload;
    body:
      encoding: ASCII-8BIT
      string: '{"report":{"content":{"domains":[],"definitions":["/gdc/md/auf7ejg5mq8nlrydldhrddyssk6wsh4e/obj/379"]},"meta":{"author":"/gdc/account/profile/ef00d74950b4291e8567b4bcbdfed9a0","uri":"/gdc/md/auf7ejg5mq8nlrydldhrddyssk6wsh4e/obj/380","tags":"","created":"2019-04-18
        14:35:07","identifier":"report.customers.count.by.gender","deprecated":"0","summary":"","isProduction":1,"title":"Customers
        Count By Gender","category":"report","updated":"2019-04-18 14:35:08","contributor":"/gdc/account/profile/ef00d74950b4291e8567b4bcbdfed9a0"}}}'
    http_version: 
  recorded_at: Thu, 18 Apr 2019 13:00:36 GMT
- request:
    method: get
    uri: https://staging2-lcm-dev.intgdc.com/gdc/md/auf7ejg5mq8nlrydldhrddyssk6wsh4e/obj/382
    body:
      encoding: US-ASCII
      string: ''
    headers:
      Accept:
      - application/json, application/zip
      Accept-Encoding:
      - gzip, deflate
      User-Agent:
      - gooddata-gem/2.1.3/x86_64-darwin18/2.4.5
      Content-Type:
      - application/json
      X-Gdc-Authtt:
      - "<X_GDC_AUTHTT>"
      X-Gdc-Request:
      - ":LUAPE43vz1OObhJlKnNSVw:qQVQUc6nH0KHGvKsjtRdXg"
      Stats-On:
      - ''
      Host:
      - staging2-lcm-dev.intgdc.com
  response:
    status:
      code: 200
      message: OK
    headers:
      Date:
      - Thu, 18 Apr 2019 13:00:37 GMT
      Server:
      - GoodData WebApp
      Keep-Alive:
      - timeout=5, max=80
      X-Gdc-Log-Header:
      - ''
      Cache-Control:
      - no-cache, no-store, must-revalidate
      Content-Type:
      - application/json;charset=UTF-8
      X-Gdc-Request:
      - ":LUAPE43vz1OObhJlKnNSVw:qQVQUc6nH0KHGvKsjtRdXg:m22S18YilkderHeI"
      Vary:
      - origin
      X-Gdc-Request-Time:
      - '28'
      Transfer-Encoding:
      - chunked
      Strict-Transport-Security:
      - max-age=10886400; includeSubDomains; preload;
    body:
      encoding: ASCII-8BIT
      string: '{"report":{"content":{"domains":[],"definitions":["/gdc/md/auf7ejg5mq8nlrydldhrddyssk6wsh4e/obj/381"]},"meta":{"author":"/gdc/account/profile/ef00d74950b4291e8567b4bcbdfed9a0","uri":"/gdc/md/auf7ejg5mq8nlrydldhrddyssk6wsh4e/obj/382","tags":"","created":"2019-04-18
        14:35:13","identifier":"report.customers.count.by.state","deprecated":"0","summary":"","isProduction":1,"title":"Customers
        Count By State","category":"report","updated":"2019-04-18 14:35:14","contributor":"/gdc/account/profile/ef00d74950b4291e8567b4bcbdfed9a0"}}}'
    http_version: 
  recorded_at: Thu, 18 Apr 2019 13:00:37 GMT
- request:
    method: get
    uri: https://staging2-lcm-dev.intgdc.com/gdc/md/auf7ejg5mq8nlrydldhrddyssk6wsh4e/obj/392
    body:
      encoding: US-ASCII
      string: ''
    headers:
      Accept:
      - application/json, application/zip
      Accept-Encoding:
      - gzip, deflate
      User-Agent:
      - gooddata-gem/2.1.3/x86_64-darwin18/2.4.5
      Content-Type:
      - application/json
      X-Gdc-Authtt:
      - "<X_GDC_AUTHTT>"
      X-Gdc-Request:
      - ":LUAPE43vz1OObhJlKnNSVw:wbv-4EwwGef43F9IEmUnJA"
      Stats-On:
      - ''
      Host:
      - staging2-lcm-dev.intgdc.com
  response:
    status:
      code: 200
      message: OK
    headers:
      Date:
      - Thu, 18 Apr 2019 13:00:37 GMT
      Server:
      - GoodData WebApp
      Keep-Alive:
      - timeout=5, max=100
      X-Gdc-Log-Header:
      - ''
      Cache-Control:
      - no-cache, no-store, must-revalidate
      Content-Type:
      - application/json;charset=UTF-8
      X-Gdc-Request:
      - ":LUAPE43vz1OObhJlKnNSVw:wbv-4EwwGef43F9IEmUnJA:MTIBjQO4mp8AMCRW"
      Vary:
      - origin
      X-Gdc-Request-Time:
      - '29'
      Transfer-Encoding:
      - chunked
      Strict-Transport-Security:
      - max-age=10886400; includeSubDomains; preload;
    body:
      encoding: ASCII-8BIT
      string: '{"report":{"content":{"domains":[],"definitions":["/gdc/md/auf7ejg5mq8nlrydldhrddyssk6wsh4e/obj/391"]},"meta":{"author":"/gdc/account/profile/ef00d74950b4291e8567b4bcbdfed9a0","uri":"/gdc/md/auf7ejg5mq8nlrydldhrddyssk6wsh4e/obj/392","tags":"","created":"2019-04-18
        14:35:44","identifier":"report.report.contains.ca","deprecated":"0","summary":"","isProduction":1,"title":"Report
        contains CA","category":"report","updated":"2019-04-18 14:35:45","contributor":"/gdc/account/profile/ef00d74950b4291e8567b4bcbdfed9a0"}}}'
    http_version: 
  recorded_at: Thu, 18 Apr 2019 13:00:37 GMT
- request:
    method: get
    uri: https://staging2-lcm-dev.intgdc.com/gdc/md/auf7ejg5mq8nlrydldhrddyssk6wsh4e/obj/380
    body:
      encoding: US-ASCII
      string: ''
    headers:
      Accept:
      - application/json, application/zip
      Accept-Encoding:
      - gzip, deflate
      User-Agent:
      - gooddata-gem/2.1.3/x86_64-darwin18/2.4.5
      Content-Type:
      - application/json
      X-Gdc-Authtt:
      - "<X_GDC_AUTHTT>"
      X-Gdc-Request:
      - ":LUAPE43vz1OObhJlKnNSVw:AjrXQg7m9KF9oy_NLX-HXQ"
      Stats-On:
      - ''
      Host:
      - staging2-lcm-dev.intgdc.com
  response:
    status:
      code: 200
      message: OK
    headers:
      Date:
      - Thu, 18 Apr 2019 13:00:38 GMT
      Server:
      - GoodData WebApp
      Keep-Alive:
      - timeout=5, max=94
      X-Gdc-Log-Header:
      - ''
      Cache-Control:
      - no-cache, no-store, must-revalidate
      Content-Type:
      - application/json;charset=UTF-8
      X-Gdc-Request:
      - ":LUAPE43vz1OObhJlKnNSVw:AjrXQg7m9KF9oy_NLX-HXQ:wc2HOhpr0AojT5DG"
      Vary:
      - origin
      X-Gdc-Request-Time:
      - '35'
      Transfer-Encoding:
      - chunked
      Strict-Transport-Security:
      - max-age=10886400; includeSubDomains; preload;
    body:
      encoding: ASCII-8BIT
      string: '{"report":{"content":{"domains":[],"definitions":["/gdc/md/auf7ejg5mq8nlrydldhrddyssk6wsh4e/obj/379"]},"meta":{"author":"/gdc/account/profile/ef00d74950b4291e8567b4bcbdfed9a0","uri":"/gdc/md/auf7ejg5mq8nlrydldhrddyssk6wsh4e/obj/380","tags":"","created":"2019-04-18
        14:35:07","identifier":"report.customers.count.by.gender","deprecated":"0","summary":"","isProduction":1,"title":"Customers
        Count By Gender","category":"report","updated":"2019-04-18 14:35:08","contributor":"/gdc/account/profile/ef00d74950b4291e8567b4bcbdfed9a0"}}}'
    http_version: 
  recorded_at: Thu, 18 Apr 2019 13:00:38 GMT
- request:
    method: get
    uri: https://staging2-lcm-dev.intgdc.com/gdc/md/auf7ejg5mq8nlrydldhrddyssk6wsh4e/obj/382
    body:
      encoding: US-ASCII
      string: ''
    headers:
      Accept:
      - application/json, application/zip
      Accept-Encoding:
      - gzip, deflate
      User-Agent:
      - gooddata-gem/2.1.3/x86_64-darwin18/2.4.5
      Content-Type:
      - application/json
      X-Gdc-Authtt:
      - "<X_GDC_AUTHTT>"
      X-Gdc-Request:
      - ":LUAPE43vz1OObhJlKnNSVw:8sKO8QxGC7FUIHIyTRO0Wg"
      Stats-On:
      - ''
      Host:
      - staging2-lcm-dev.intgdc.com
  response:
    status:
      code: 200
      message: OK
    headers:
      Date:
      - Thu, 18 Apr 2019 13:00:39 GMT
      Server:
      - GoodData WebApp
      Keep-Alive:
      - timeout=5, max=100
      X-Gdc-Log-Header:
      - ''
      Cache-Control:
      - no-cache, no-store, must-revalidate
      Content-Type:
      - application/json;charset=UTF-8
      X-Gdc-Request:
      - ":LUAPE43vz1OObhJlKnNSVw:8sKO8QxGC7FUIHIyTRO0Wg:f6SoMFmeVQZxvJjV"
      Vary:
      - origin
      X-Gdc-Request-Time:
      - '29'
      Transfer-Encoding:
      - chunked
      Strict-Transport-Security:
      - max-age=10886400; includeSubDomains; preload;
    body:
      encoding: ASCII-8BIT
      string: '{"report":{"content":{"domains":[],"definitions":["/gdc/md/auf7ejg5mq8nlrydldhrddyssk6wsh4e/obj/381"]},"meta":{"author":"/gdc/account/profile/ef00d74950b4291e8567b4bcbdfed9a0","uri":"/gdc/md/auf7ejg5mq8nlrydldhrddyssk6wsh4e/obj/382","tags":"","created":"2019-04-18
        14:35:13","identifier":"report.customers.count.by.state","deprecated":"0","summary":"","isProduction":1,"title":"Customers
        Count By State","category":"report","updated":"2019-04-18 14:35:14","contributor":"/gdc/account/profile/ef00d74950b4291e8567b4bcbdfed9a0"}}}'
    http_version: 
  recorded_at: Thu, 18 Apr 2019 13:00:39 GMT
- request:
    method: get
    uri: https://staging2-lcm-dev.intgdc.com/gdc/md/auf7ejg5mq8nlrydldhrddyssk6wsh4e/obj/392
    body:
      encoding: US-ASCII
      string: ''
    headers:
      Accept:
      - application/json, application/zip
      Accept-Encoding:
      - gzip, deflate
      User-Agent:
      - gooddata-gem/2.1.3/x86_64-darwin18/2.4.5
      Content-Type:
      - application/json
      X-Gdc-Authtt:
      - "<X_GDC_AUTHTT>"
      X-Gdc-Request:
      - ":LUAPE43vz1OObhJlKnNSVw:qgsLhGT4bIkyg6xVH8ogpw"
      Stats-On:
      - ''
      Host:
      - staging2-lcm-dev.intgdc.com
  response:
    status:
      code: 200
      message: OK
    headers:
      Date:
      - Thu, 18 Apr 2019 13:00:39 GMT
      Server:
      - GoodData WebApp
      Keep-Alive:
      - timeout=5, max=94
      X-Gdc-Log-Header:
      - ''
      Cache-Control:
      - no-cache, no-store, must-revalidate
      Content-Type:
      - application/json;charset=UTF-8
      X-Gdc-Request:
      - ":LUAPE43vz1OObhJlKnNSVw:qgsLhGT4bIkyg6xVH8ogpw:r8MXQFkpTqEMWVKY"
      Vary:
      - origin
      X-Gdc-Request-Time:
      - '29'
      Transfer-Encoding:
      - chunked
      Strict-Transport-Security:
      - max-age=10886400; includeSubDomains; preload;
    body:
      encoding: ASCII-8BIT
      string: '{"report":{"content":{"domains":[],"definitions":["/gdc/md/auf7ejg5mq8nlrydldhrddyssk6wsh4e/obj/391"]},"meta":{"author":"/gdc/account/profile/ef00d74950b4291e8567b4bcbdfed9a0","uri":"/gdc/md/auf7ejg5mq8nlrydldhrddyssk6wsh4e/obj/392","tags":"","created":"2019-04-18
        14:35:44","identifier":"report.report.contains.ca","deprecated":"0","summary":"","isProduction":1,"title":"Report
        contains CA","category":"report","updated":"2019-04-18 14:35:45","contributor":"/gdc/account/profile/ef00d74950b4291e8567b4bcbdfed9a0"}}}'
    http_version: 
  recorded_at: Thu, 18 Apr 2019 13:00:39 GMT
- request:
    method: get
    uri: https://staging2-lcm-prod.intgdc.com/gdc/md/j2tzl8cmbome4ugne2mhli9wj9pmd9w6/objects/query?category=report&limit=50&offset=0
    body:
      encoding: US-ASCII
      string: ''
    headers:
      Accept:
      - application/json, application/zip
      Accept-Encoding:
      - gzip, deflate
      User-Agent:
      - gooddata-gem/2.1.3/x86_64-darwin18/2.4.5
      Content-Type:
      - application/json
      X-Gdc-Authtt:
      - "<X_GDC_AUTHTT>"
      X-Gdc-Request:
      - ":mqq9aj74KN01b_JNGLlprw:NafEZNW0DVTepMlDPYwT8A"
      Stats-On:
      - ''
      Host:
      - staging2-lcm-prod.intgdc.com
  response:
    status:
      code: 200
      message: OK
    headers:
      Date:
      - Thu, 18 Apr 2019 13:00:40 GMT
      Server:
      - GoodData WebApp
      Keep-Alive:
      - timeout=5, max=100
      X-Gdc-Log-Header:
      - ''
      Cache-Control:
      - no-cache, no-store, must-revalidate
      Content-Type:
      - application/json;charset=UTF-8
      Transfer-Encoding:
      - chunked
      Vary:
      - Accept-Encoding
      - origin
      X-Gdc-Request:
      - ":mqq9aj74KN01b_JNGLlprw:NafEZNW0DVTepMlDPYwT8A:ZrY56ucPLgrY2qgb"
      X-Gdc-Request-Time:
      - '39'
      Strict-Transport-Security:
      - max-age=10886400; includeSubDomains; preload;
    body:
      encoding: ASCII-8BIT
      string: '{"objects":{"paging":{"count":4,"offset":0},"items":[{"report":{"content":{"domains":[],"definitions":["/gdc/md/j2tzl8cmbome4ugne2mhli9wj9pmd9w6/obj/352"]},"meta":{"author":"/gdc/account/profile/5ad80b895edcc438e5a4418e222733fa","uri":"/gdc/md/j2tzl8cmbome4ugne2mhli9wj9pmd9w6/obj/353","tags":"","created":"2019-04-18
        14:58:04","identifier":"aab937oqg41V","deprecated":"0","summary":"","isProduction":1,"title":"Awesome
        report","category":"report","updated":"2019-04-18 14:55:09","contributor":"/gdc/account/profile/5ad80b895edcc438e5a4418e222733fa"}}},{"report":{"content":{"domains":[],"definitions":["/gdc/md/j2tzl8cmbome4ugne2mhli9wj9pmd9w6/obj/355"]},"meta":{"author":"/gdc/account/profile/5ad80b895edcc438e5a4418e222733fa","uri":"/gdc/md/j2tzl8cmbome4ugne2mhli9wj9pmd9w6/obj/356","tags":"","created":"2019-04-18
        14:58:04","identifier":"report.customers.count.by.state","deprecated":"0","summary":"","isProduction":1,"title":"Customers
        Count By State","category":"report","updated":"2019-04-18 14:35:14","contributor":"/gdc/account/profile/5ad80b895edcc438e5a4418e222733fa"}}},{"report":{"content":{"domains":[],"definitions":["/gdc/md/j2tzl8cmbome4ugne2mhli9wj9pmd9w6/obj/357"]},"meta":{"author":"/gdc/account/profile/5ad80b895edcc438e5a4418e222733fa","uri":"/gdc/md/j2tzl8cmbome4ugne2mhli9wj9pmd9w6/obj/358","tags":"","created":"2019-04-18
        14:58:04","identifier":"report.customers.count.by.gender","deprecated":"0","summary":"","isProduction":1,"title":"Customers
        Count By Gender","category":"report","updated":"2019-04-18 14:35:08","contributor":"/gdc/account/profile/5ad80b895edcc438e5a4418e222733fa"}}},{"report":{"content":{"domains":[],"definitions":["/gdc/md/j2tzl8cmbome4ugne2mhli9wj9pmd9w6/obj/359"]},"meta":{"author":"/gdc/account/profile/5ad80b895edcc438e5a4418e222733fa","uri":"/gdc/md/j2tzl8cmbome4ugne2mhli9wj9pmd9w6/obj/360","tags":"","created":"2019-04-18
        14:58:04","identifier":"report.report.contains.ca","deprecated":"0","summary":"","isProduction":1,"title":"Report
        contains CA","category":"report","updated":"2019-04-18 14:35:45","contributor":"/gdc/account/profile/5ad80b895edcc438e5a4418e222733fa"}}}]}}'
    http_version: 
  recorded_at: Thu, 18 Apr 2019 13:00:40 GMT
- request:
    method: get
    uri: https://staging2-lcm-prod.intgdc.com/gdc/md/m5sam0e9tjgghtstn5re30se45kioqmt/objects/query?category=report&limit=50&offset=0
    body:
      encoding: US-ASCII
      string: ''
    headers:
      Accept:
      - application/json, application/zip
      Accept-Encoding:
      - gzip, deflate
      User-Agent:
      - gooddata-gem/2.1.3/x86_64-darwin18/2.4.5
      Content-Type:
      - application/json
      X-Gdc-Authtt:
      - "<X_GDC_AUTHTT>"
      X-Gdc-Request:
      - ":mqq9aj74KN01b_JNGLlprw:KnYGyN-hBqJRZ0D3bI_KbA"
      Stats-On:
      - ''
      Host:
      - staging2-lcm-prod.intgdc.com
  response:
    status:
      code: 200
      message: OK
    headers:
      Date:
      - Thu, 18 Apr 2019 13:00:41 GMT
      Server:
      - GoodData WebApp
      Keep-Alive:
      - timeout=5, max=99
      X-Gdc-Log-Header:
      - ''
      Cache-Control:
      - no-cache, no-store, must-revalidate
      Content-Type:
      - application/json;charset=UTF-8
      Transfer-Encoding:
      - chunked
      Vary:
      - Accept-Encoding
      - origin
      X-Gdc-Request:
      - ":mqq9aj74KN01b_JNGLlprw:KnYGyN-hBqJRZ0D3bI_KbA:4XAq8eC5kU2SwAFj"
      X-Gdc-Request-Time:
      - '50'
      Strict-Transport-Security:
      - max-age=10886400; includeSubDomains; preload;
    body:
      encoding: ASCII-8BIT
      string: '{"objects":{"paging":{"count":4,"offset":0},"items":[{"report":{"content":{"domains":[],"definitions":["/gdc/md/m5sam0e9tjgghtstn5re30se45kioqmt/obj/352"]},"meta":{"author":"/gdc/account/profile/5ad80b895edcc438e5a4418e222733fa","uri":"/gdc/md/m5sam0e9tjgghtstn5re30se45kioqmt/obj/353","tags":"","created":"2019-04-18
        14:58:21","identifier":"aab937oqg41V","deprecated":"0","summary":"","isProduction":1,"title":"Awesome
        report","category":"report","updated":"2019-04-18 14:55:09","contributor":"/gdc/account/profile/5ad80b895edcc438e5a4418e222733fa"}}},{"report":{"content":{"domains":[],"definitions":["/gdc/md/m5sam0e9tjgghtstn5re30se45kioqmt/obj/355"]},"meta":{"author":"/gdc/account/profile/5ad80b895edcc438e5a4418e222733fa","uri":"/gdc/md/m5sam0e9tjgghtstn5re30se45kioqmt/obj/356","tags":"","created":"2019-04-18
        14:58:21","identifier":"report.customers.count.by.state","deprecated":"0","summary":"","isProduction":1,"title":"Customers
        Count By State","category":"report","updated":"2019-04-18 14:35:14","contributor":"/gdc/account/profile/5ad80b895edcc438e5a4418e222733fa"}}},{"report":{"content":{"domains":[],"definitions":["/gdc/md/m5sam0e9tjgghtstn5re30se45kioqmt/obj/357"]},"meta":{"author":"/gdc/account/profile/5ad80b895edcc438e5a4418e222733fa","uri":"/gdc/md/m5sam0e9tjgghtstn5re30se45kioqmt/obj/358","tags":"","created":"2019-04-18
        14:58:21","identifier":"report.customers.count.by.gender","deprecated":"0","summary":"","isProduction":1,"title":"Customers
        Count By Gender","category":"report","updated":"2019-04-18 14:35:08","contributor":"/gdc/account/profile/5ad80b895edcc438e5a4418e222733fa"}}},{"report":{"content":{"domains":[],"definitions":["/gdc/md/m5sam0e9tjgghtstn5re30se45kioqmt/obj/359"]},"meta":{"author":"/gdc/account/profile/5ad80b895edcc438e5a4418e222733fa","uri":"/gdc/md/m5sam0e9tjgghtstn5re30se45kioqmt/obj/360","tags":"","created":"2019-04-18
        14:58:22","identifier":"report.report.contains.ca","deprecated":"0","summary":"","isProduction":1,"title":"Report
        contains CA","category":"report","updated":"2019-04-18 14:35:45","contributor":"/gdc/account/profile/5ad80b895edcc438e5a4418e222733fa"}}}]}}'
    http_version: 
  recorded_at: Thu, 18 Apr 2019 13:00:41 GMT
- request:
    method: get
    uri: https://staging2-lcm-dev.intgdc.com/gdc/md/cjhlh8mhlhzvrf9g0rzrgfii58q7wnkm/objects/query?category=projectDashboard&limit=50&offset=0
    body:
      encoding: US-ASCII
      string: ''
    headers:
      Accept:
      - application/json, application/zip
      User-Agent:
      - gooddata-gem/2.1.9/x86_64-darwin17/2.3.8
      Content-Type:
      - application/json
      X-Gdc-Authtt:
      - "<X_GDC_AUTHTT>"
      X-Gdc-Request:
      - ":d6bInfixKY30jU8rD6OWVw:cHsHLMboHteNaxWx_dfx3g"
      Stats-On:
      - ''
      X-Gdc-Version:
      - '2'
      Accept-Encoding:
      - gzip;q=1.0,deflate;q=0.6,identity;q=0.3
      Host:
      - staging2-lcm-dev.intgdc.com
  response:
    status:
      code: 200
      message: OK
    headers:
      Date:
      - Mon, 20 Jan 2020 05:07:22 GMT
      Server:
      - GoodData WebApp
      Keep-Alive:
      - timeout=5, max=100
      X-Gdc-Log-Header:
      - ''
      Cache-Control:
      - no-cache, no-store, must-revalidate
      Content-Type:
      - application/json;charset=UTF-8
      Transfer-Encoding:
      - chunked
      X-Gdc-Request-Time:
      - '46'
      X-Gdc-Request:
      - ":d6bInfixKY30jU8rD6OWVw:cHsHLMboHteNaxWx_dfx3g:q2i6mdWmj3TQwinR"
      Vary:
      - Accept-Encoding,origin,X-GDC-VERSION
      Strict-Transport-Security:
      - max-age=10886400; includeSubDomains; preload;
    body:
      encoding: ASCII-8BIT
      string: '{"objects":{"paging":{"count":2,"offset":0},"items":[{"projectDashboard":{"content":{"tabs":[{"identifier":"aavfGSuufUib","title":"Tab
        1","items":[{"reportItem":{"obj":"/gdc/md/cjhlh8mhlhzvrf9g0rzrgfii58q7wnkm/obj/382","sizeY":100,"sizeX":640,"visualization":{"grid":{"columnWidths":[]},"oneNumber":{"labels":{}}},"style":{"displayTitle":1,"background":{"opacity":0.0}},"positionY":0,"filters":[],"positionX":0}},{"reportItem":{"obj":"/gdc/md/cjhlh8mhlhzvrf9g0rzrgfii58q7wnkm/obj/384","sizeY":100,"sizeX":640,"visualization":{"grid":{"columnWidths":[]},"oneNumber":{"labels":{}}},"style":{"displayTitle":1,"background":{"opacity":0.0}},"positionY":150,"filters":[],"positionX":0}},{"reportItem":{"obj":"/gdc/md/cjhlh8mhlhzvrf9g0rzrgfii58q7wnkm/obj/394","sizeY":100,"sizeX":640,"visualization":{"grid":{"columnWidths":[]},"oneNumber":{"labels":{}}},"style":{"displayTitle":1,"background":{"opacity":0.0}},"positionY":0,"filters":[],"positionX":0}},{"reportItem":{"obj":"/gdc/md/cjhlh8mhlhzvrf9g0rzrgfii58q7wnkm/obj/400","sizeY":200,"sizeX":300,"visualization":{"grid":{"columnWidths":[]},"oneNumber":{"labels":{}}},"style":{"displayTitle":1,"background":{"opacity":0.0}},"positionY":300,"filters":[],"positionX":0}}]},{"identifier":"aawfGSuufUib","title":"Tab
        2","items":[{"reportItem":{"obj":"/gdc/md/cjhlh8mhlhzvrf9g0rzrgfii58q7wnkm/obj/382","sizeY":100,"sizeX":640,"visualization":{"grid":{"columnWidths":[]},"oneNumber":{"labels":{}}},"style":{"displayTitle":1,"background":{"opacity":0.0}},"positionY":0,"filters":[],"positionX":0}},{"reportItem":{"obj":"/gdc/md/cjhlh8mhlhzvrf9g0rzrgfii58q7wnkm/obj/384","sizeY":100,"sizeX":640,"visualization":{"grid":{"columnWidths":[]},"oneNumber":{"labels":{}}},"style":{"displayTitle":1,"background":{"opacity":0.0}},"positionY":150,"filters":[],"positionX":0}},{"reportItem":{"obj":"/gdc/md/cjhlh8mhlhzvrf9g0rzrgfii58q7wnkm/obj/394","sizeY":100,"sizeX":640,"visualization":{"grid":{"columnWidths":[]},"oneNumber":{"labels":{}}},"style":{"displayTitle":1,"background":{"opacity":0.0}},"positionY":0,"filters":[],"positionX":0}}]}],"filters":[]},"meta":{"author":"/gdc/account/profile/ef00d74950b4291e8567b4bcbdfed9a0","uri":"/gdc/md/cjhlh8mhlhzvrf9g0rzrgfii58q7wnkm/obj/395","tags":"dashboard","created":"2020-01-20
        05:41:31","identifier":"dashboard.dashboard.1","deprecated":"0","summary":"","isProduction":1,"title":"Dashboard
        1","category":"projectDashboard","updated":"2020-01-20 06:00:40","contributor":"/gdc/account/profile/ef00d74950b4291e8567b4bcbdfed9a0"}}},{"projectDashboard":{"content":{"tabs":[{"identifier":"aabfJuUPe1Qc","title":"Tab
        1","items":[{"reportItem":{"obj":"/gdc/md/cjhlh8mhlhzvrf9g0rzrgfii58q7wnkm/obj/382","sizeY":100,"sizeX":640,"visualization":{"grid":{"columnWidths":[]},"oneNumber":{"labels":{}}},"style":{"displayTitle":1,"background":{"opacity":0.0}},"positionY":0,"filters":[],"positionX":0}},{"reportItem":{"obj":"/gdc/md/cjhlh8mhlhzvrf9g0rzrgfii58q7wnkm/obj/384","sizeY":100,"sizeX":640,"visualization":{"grid":{"columnWidths":[]},"oneNumber":{"labels":{}}},"style":{"displayTitle":1,"background":{"opacity":0.0}},"positionY":150,"filters":[],"positionX":0}},{"reportItem":{"obj":"/gdc/md/cjhlh8mhlhzvrf9g0rzrgfii58q7wnkm/obj/394","sizeY":100,"sizeX":640,"visualization":{"grid":{"columnWidths":[]},"oneNumber":{"labels":{}}},"style":{"displayTitle":1,"background":{"opacity":0.0}},"positionY":0,"filters":[],"positionX":0}}]},{"identifier":"aacfJuUPe1Qc","title":"Tab
        2","items":[{"reportItem":{"obj":"/gdc/md/cjhlh8mhlhzvrf9g0rzrgfii58q7wnkm/obj/382","sizeY":100,"sizeX":640,"visualization":{"grid":{"columnWidths":[]},"oneNumber":{"labels":{}}},"style":{"displayTitle":1,"background":{"opacity":0.0}},"positionY":0,"filters":[],"positionX":0}},{"reportItem":{"obj":"/gdc/md/cjhlh8mhlhzvrf9g0rzrgfii58q7wnkm/obj/384","sizeY":100,"sizeX":640,"visualization":{"grid":{"columnWidths":[]},"oneNumber":{"labels":{}}},"style":{"displayTitle":1,"background":{"opacity":0.0}},"positionY":150,"filters":[],"positionX":0}},{"reportItem":{"obj":"/gdc/md/cjhlh8mhlhzvrf9g0rzrgfii58q7wnkm/obj/394","sizeY":100,"sizeX":640,"visualization":{"grid":{"columnWidths":[]},"oneNumber":{"labels":{}}},"style":{"displayTitle":1,"background":{"opacity":0.0}},"positionY":0,"filters":[],"positionX":0}}]}],"filters":[]},"meta":{"author":"/gdc/account/profile/ef00d74950b4291e8567b4bcbdfed9a0","uri":"/gdc/md/cjhlh8mhlhzvrf9g0rzrgfii58q7wnkm/obj/396","tags":"dashboard","created":"2020-01-20
        05:41:45","identifier":"dashboard.dashboard.2","deprecated":"0","summary":"","isProduction":1,"title":"Dashboard
        2","category":"projectDashboard","updated":"2020-01-20 05:41:47","contributor":"/gdc/account/profile/ef00d74950b4291e8567b4bcbdfed9a0"}}}]}}'
    http_version: 
  recorded_at: Mon, 20 Jan 2020 05:07:22 GMT
- request:
    method: get
    uri: https://staging2-lcm-dev.intgdc.com/gdc/md/cjhlh8mhlhzvrf9g0rzrgfii58q7wnkm/obj/382
    body:
      encoding: US-ASCII
      string: ''
    headers:
      Accept:
      - application/json, application/zip
      User-Agent:
      - gooddata-gem/2.1.9/x86_64-darwin17/2.3.8
      Content-Type:
      - application/json
      X-Gdc-Authtt:
      - "<X_GDC_AUTHTT>"
      X-Gdc-Request:
      - ":d6bInfixKY30jU8rD6OWVw:Ai1fY9eoYlmzcIgnwOeRmg"
      Stats-On:
      - ''
      X-Gdc-Version:
      - '2'
      Accept-Encoding:
      - gzip;q=1.0,deflate;q=0.6,identity;q=0.3
      Host:
      - staging2-lcm-dev.intgdc.com
  response:
    status:
      code: 200
      message: OK
    headers:
      Date:
      - Mon, 20 Jan 2020 05:07:23 GMT
      Server:
      - GoodData WebApp
      Keep-Alive:
      - timeout=5, max=100
      X-Gdc-Log-Header:
      - ''
      Cache-Control:
      - no-cache, no-store, must-revalidate
      Content-Type:
      - application/json;charset=UTF-8
      X-Gdc-Request-Time:
      - '30'
      X-Gdc-Request:
      - ":d6bInfixKY30jU8rD6OWVw:Ai1fY9eoYlmzcIgnwOeRmg:jfhTbNC8I1RyXfi7"
      Vary:
      - origin,X-GDC-VERSION
      Transfer-Encoding:
      - chunked
      Strict-Transport-Security:
      - max-age=10886400; includeSubDomains; preload;
    body:
      encoding: ASCII-8BIT
      string: '{"report":{"content":{"domains":[],"definitions":["/gdc/md/cjhlh8mhlhzvrf9g0rzrgfii58q7wnkm/obj/381"]},"meta":{"author":"/gdc/account/profile/ef00d74950b4291e8567b4bcbdfed9a0","uri":"/gdc/md/cjhlh8mhlhzvrf9g0rzrgfii58q7wnkm/obj/382","tags":"","created":"2020-01-20
        05:40:24","identifier":"report.customers.count.by.gender","deprecated":"0","summary":"","isProduction":1,"title":"Customers
        Count By Gender","category":"report","updated":"2020-01-20 05:40:25","contributor":"/gdc/account/profile/ef00d74950b4291e8567b4bcbdfed9a0"}}}'
    http_version: 
  recorded_at: Mon, 20 Jan 2020 05:07:23 GMT
- request:
    method: get
    uri: https://staging2-lcm-dev.intgdc.com/gdc/md/cjhlh8mhlhzvrf9g0rzrgfii58q7wnkm/obj/384
    body:
      encoding: US-ASCII
      string: ''
    headers:
      Accept:
      - application/json, application/zip
      User-Agent:
      - gooddata-gem/2.1.9/x86_64-darwin17/2.3.8
      Content-Type:
      - application/json
      X-Gdc-Authtt:
      - "<X_GDC_AUTHTT>"
      X-Gdc-Request:
      - ":d6bInfixKY30jU8rD6OWVw:1AhqzpQSeetqmUMi01JIZQ"
      Stats-On:
      - ''
      X-Gdc-Version:
      - '2'
      Accept-Encoding:
      - gzip;q=1.0,deflate;q=0.6,identity;q=0.3
      Host:
      - staging2-lcm-dev.intgdc.com
  response:
    status:
      code: 200
      message: OK
    headers:
      Date:
      - Mon, 20 Jan 2020 05:07:24 GMT
      Server:
      - GoodData WebApp
      Keep-Alive:
      - timeout=5, max=100
      X-Gdc-Log-Header:
      - ''
      Cache-Control:
      - no-cache, no-store, must-revalidate
      Content-Type:
      - application/json;charset=UTF-8
      X-Gdc-Request-Time:
      - '31'
      X-Gdc-Request:
      - ":d6bInfixKY30jU8rD6OWVw:1AhqzpQSeetqmUMi01JIZQ:FneAI7jFyXA7zLor"
      Vary:
      - origin,X-GDC-VERSION
      Transfer-Encoding:
      - chunked
      Strict-Transport-Security:
      - max-age=10886400; includeSubDomains; preload;
    body:
      encoding: ASCII-8BIT
      string: '{"report":{"content":{"domains":[],"definitions":["/gdc/md/cjhlh8mhlhzvrf9g0rzrgfii58q7wnkm/obj/383"]},"meta":{"author":"/gdc/account/profile/ef00d74950b4291e8567b4bcbdfed9a0","uri":"/gdc/md/cjhlh8mhlhzvrf9g0rzrgfii58q7wnkm/obj/384","tags":"","created":"2020-01-20
        05:40:32","identifier":"report.customers.count.by.state","deprecated":"0","summary":"","isProduction":1,"title":"Customers
        Count By State","category":"report","updated":"2020-01-20 05:40:34","contributor":"/gdc/account/profile/ef00d74950b4291e8567b4bcbdfed9a0"}}}'
    http_version: 
  recorded_at: Mon, 20 Jan 2020 05:07:24 GMT
- request:
    method: get
    uri: https://staging2-lcm-dev.intgdc.com/gdc/md/cjhlh8mhlhzvrf9g0rzrgfii58q7wnkm/obj/394
    body:
      encoding: US-ASCII
      string: ''
    headers:
      Accept:
      - application/json, application/zip
      User-Agent:
      - gooddata-gem/2.1.9/x86_64-darwin17/2.3.8
      Content-Type:
      - application/json
      X-Gdc-Authtt:
      - "<X_GDC_AUTHTT>"
      X-Gdc-Request:
      - ":d6bInfixKY30jU8rD6OWVw:Qdx9hEp7l0Q5CnntRr0J3A"
      Stats-On:
      - ''
      X-Gdc-Version:
      - '2'
      Accept-Encoding:
      - gzip;q=1.0,deflate;q=0.6,identity;q=0.3
      Host:
      - staging2-lcm-dev.intgdc.com
  response:
    status:
      code: 200
      message: OK
    headers:
      Date:
      - Mon, 20 Jan 2020 05:07:25 GMT
      Server:
      - GoodData WebApp
      Keep-Alive:
      - timeout=5, max=100
      X-Gdc-Log-Header:
      - ''
      Cache-Control:
      - no-cache, no-store, must-revalidate
      Content-Type:
      - application/json;charset=UTF-8
      X-Gdc-Request-Time:
      - '32'
      X-Gdc-Request:
      - ":d6bInfixKY30jU8rD6OWVw:Qdx9hEp7l0Q5CnntRr0J3A:Sqh64SK6TxVoxXKU"
      Vary:
      - origin,X-GDC-VERSION
      Transfer-Encoding:
      - chunked
      Strict-Transport-Security:
      - max-age=10886400; includeSubDomains; preload;
    body:
      encoding: ASCII-8BIT
      string: '{"report":{"content":{"domains":[],"definitions":["/gdc/md/cjhlh8mhlhzvrf9g0rzrgfii58q7wnkm/obj/393"]},"meta":{"author":"/gdc/account/profile/ef00d74950b4291e8567b4bcbdfed9a0","uri":"/gdc/md/cjhlh8mhlhzvrf9g0rzrgfii58q7wnkm/obj/394","tags":"","created":"2020-01-20
        05:41:15","identifier":"report.report.contains.ca","deprecated":"0","summary":"","isProduction":1,"title":"Report
        contains CA","category":"report","updated":"2020-01-20 05:41:16","contributor":"/gdc/account/profile/ef00d74950b4291e8567b4bcbdfed9a0"}}}'
    http_version: 
  recorded_at: Mon, 20 Jan 2020 05:07:25 GMT
- request:
    method: get
    uri: https://staging2-lcm-dev.intgdc.com/gdc/md/cjhlh8mhlhzvrf9g0rzrgfii58q7wnkm/obj/400
    body:
      encoding: US-ASCII
      string: ''
    headers:
      Accept:
      - application/json, application/zip
      User-Agent:
      - gooddata-gem/2.1.9/x86_64-darwin17/2.3.8
      Content-Type:
      - application/json
      X-Gdc-Authtt:
      - "<X_GDC_AUTHTT>"
      X-Gdc-Request:
      - ":d6bInfixKY30jU8rD6OWVw:1k8lNRdE1BKjlf5muWuWaw"
      Stats-On:
      - ''
      X-Gdc-Version:
      - '2'
      Accept-Encoding:
      - gzip;q=1.0,deflate;q=0.6,identity;q=0.3
      Host:
      - staging2-lcm-dev.intgdc.com
  response:
    status:
      code: 200
      message: OK
    headers:
      Date:
      - Mon, 20 Jan 2020 05:07:26 GMT
      Server:
      - GoodData WebApp
      Keep-Alive:
      - timeout=5, max=100
      X-Gdc-Log-Header:
      - ''
      Cache-Control:
      - no-cache, no-store, must-revalidate
      Content-Type:
      - application/json;charset=UTF-8
      X-Gdc-Request-Time:
      - '35'
      X-Gdc-Request:
      - ":d6bInfixKY30jU8rD6OWVw:1k8lNRdE1BKjlf5muWuWaw:C7D2Un38iMw8A5IN"
      Vary:
      - origin,X-GDC-VERSION
      Transfer-Encoding:
      - chunked
      Strict-Transport-Security:
      - max-age=10886400; includeSubDomains; preload;
    body:
      encoding: ASCII-8BIT
      string: '{"report":{"content":{"domains":[],"definitions":["/gdc/md/cjhlh8mhlhzvrf9g0rzrgfii58q7wnkm/obj/399"]},"meta":{"author":"/gdc/account/profile/ef00d74950b4291e8567b4bcbdfed9a0","uri":"/gdc/md/cjhlh8mhlhzvrf9g0rzrgfii58q7wnkm/obj/400","tags":"","created":"2020-01-20
        06:00:37","identifier":"aadfN89QgMJu","deprecated":"0","summary":"","isProduction":1,"title":"Awesome
        report","category":"report","updated":"2020-01-20 06:00:39","contributor":"/gdc/account/profile/ef00d74950b4291e8567b4bcbdfed9a0"}}}'
    http_version: 
  recorded_at: Mon, 20 Jan 2020 05:07:26 GMT
- request:
    method: get
    uri: https://staging2-lcm-dev.intgdc.com/gdc/md/cjhlh8mhlhzvrf9g0rzrgfii58q7wnkm/obj/382
    body:
      encoding: US-ASCII
      string: ''
    headers:
      Accept:
      - application/json, application/zip
      User-Agent:
      - gooddata-gem/2.1.9/x86_64-darwin17/2.3.8
      Content-Type:
      - application/json
      X-Gdc-Authtt:
      - "<X_GDC_AUTHTT>"
      X-Gdc-Request:
      - ":d6bInfixKY30jU8rD6OWVw:n2LmDhUog1OH6s7Y12AeGQ"
      Stats-On:
      - ''
      X-Gdc-Version:
      - '2'
      Accept-Encoding:
      - gzip;q=1.0,deflate;q=0.6,identity;q=0.3
      Host:
      - staging2-lcm-dev.intgdc.com
  response:
    status:
      code: 200
      message: OK
    headers:
      Date:
      - Mon, 20 Jan 2020 05:07:27 GMT
      Server:
      - GoodData WebApp
      Keep-Alive:
      - timeout=5, max=100
      X-Gdc-Log-Header:
      - ''
      Cache-Control:
      - no-cache, no-store, must-revalidate
      Content-Type:
      - application/json;charset=UTF-8
      X-Gdc-Request-Time:
      - '32'
      X-Gdc-Request:
      - ":d6bInfixKY30jU8rD6OWVw:n2LmDhUog1OH6s7Y12AeGQ:oATY7wkMXacJzNmP"
      Vary:
      - origin,X-GDC-VERSION
      Transfer-Encoding:
      - chunked
      Strict-Transport-Security:
      - max-age=10886400; includeSubDomains; preload;
    body:
      encoding: ASCII-8BIT
      string: '{"report":{"content":{"domains":[],"definitions":["/gdc/md/cjhlh8mhlhzvrf9g0rzrgfii58q7wnkm/obj/381"]},"meta":{"author":"/gdc/account/profile/ef00d74950b4291e8567b4bcbdfed9a0","uri":"/gdc/md/cjhlh8mhlhzvrf9g0rzrgfii58q7wnkm/obj/382","tags":"","created":"2020-01-20
        05:40:24","identifier":"report.customers.count.by.gender","deprecated":"0","summary":"","isProduction":1,"title":"Customers
        Count By Gender","category":"report","updated":"2020-01-20 05:40:25","contributor":"/gdc/account/profile/ef00d74950b4291e8567b4bcbdfed9a0"}}}'
    http_version: 
  recorded_at: Mon, 20 Jan 2020 05:07:27 GMT
- request:
    method: get
    uri: https://staging2-lcm-dev.intgdc.com/gdc/md/cjhlh8mhlhzvrf9g0rzrgfii58q7wnkm/obj/384
    body:
      encoding: US-ASCII
      string: ''
    headers:
      Accept:
      - application/json, application/zip
      User-Agent:
      - gooddata-gem/2.1.9/x86_64-darwin17/2.3.8
      Content-Type:
      - application/json
      X-Gdc-Authtt:
      - "<X_GDC_AUTHTT>"
      X-Gdc-Request:
      - ":d6bInfixKY30jU8rD6OWVw:n6_gTMknwxPVtJC2NgqWJw"
      Stats-On:
      - ''
      X-Gdc-Version:
      - '2'
      Accept-Encoding:
      - gzip;q=1.0,deflate;q=0.6,identity;q=0.3
      Host:
      - staging2-lcm-dev.intgdc.com
  response:
    status:
      code: 200
      message: OK
    headers:
      Date:
      - Mon, 20 Jan 2020 05:07:28 GMT
      Server:
      - GoodData WebApp
      Keep-Alive:
      - timeout=5, max=100
      X-Gdc-Log-Header:
      - ''
      Cache-Control:
      - no-cache, no-store, must-revalidate
      Content-Type:
      - application/json;charset=UTF-8
      X-Gdc-Request-Time:
      - '29'
      X-Gdc-Request:
      - ":d6bInfixKY30jU8rD6OWVw:n6_gTMknwxPVtJC2NgqWJw:kqyBgI7umtrkuude"
      Vary:
      - origin,X-GDC-VERSION
      Transfer-Encoding:
      - chunked
      Strict-Transport-Security:
      - max-age=10886400; includeSubDomains; preload;
    body:
      encoding: ASCII-8BIT
      string: '{"report":{"content":{"domains":[],"definitions":["/gdc/md/cjhlh8mhlhzvrf9g0rzrgfii58q7wnkm/obj/383"]},"meta":{"author":"/gdc/account/profile/ef00d74950b4291e8567b4bcbdfed9a0","uri":"/gdc/md/cjhlh8mhlhzvrf9g0rzrgfii58q7wnkm/obj/384","tags":"","created":"2020-01-20
        05:40:32","identifier":"report.customers.count.by.state","deprecated":"0","summary":"","isProduction":1,"title":"Customers
        Count By State","category":"report","updated":"2020-01-20 05:40:34","contributor":"/gdc/account/profile/ef00d74950b4291e8567b4bcbdfed9a0"}}}'
    http_version: 
  recorded_at: Mon, 20 Jan 2020 05:07:28 GMT
- request:
    method: get
    uri: https://staging2-lcm-dev.intgdc.com/gdc/md/cjhlh8mhlhzvrf9g0rzrgfii58q7wnkm/obj/394
    body:
      encoding: US-ASCII
      string: ''
    headers:
      Accept:
      - application/json, application/zip
      User-Agent:
      - gooddata-gem/2.1.9/x86_64-darwin17/2.3.8
      Content-Type:
      - application/json
      X-Gdc-Authtt:
      - "<X_GDC_AUTHTT>"
      X-Gdc-Request:
      - ":d6bInfixKY30jU8rD6OWVw:HElzKX0T0PvZEegFvM798Q"
      Stats-On:
      - ''
      X-Gdc-Version:
      - '2'
      Accept-Encoding:
      - gzip;q=1.0,deflate;q=0.6,identity;q=0.3
      Host:
      - staging2-lcm-dev.intgdc.com
  response:
    status:
      code: 200
      message: OK
    headers:
      Date:
      - Mon, 20 Jan 2020 05:07:29 GMT
      Server:
      - GoodData WebApp
      Keep-Alive:
      - timeout=5, max=99
      X-Gdc-Log-Header:
      - ''
      Cache-Control:
      - no-cache, no-store, must-revalidate
      Content-Type:
      - application/json;charset=UTF-8
      X-Gdc-Request-Time:
      - '28'
      X-Gdc-Request:
      - ":d6bInfixKY30jU8rD6OWVw:HElzKX0T0PvZEegFvM798Q:6Ghc7VHRzFuc8Mcp"
      Vary:
      - origin,X-GDC-VERSION
      Transfer-Encoding:
      - chunked
      Strict-Transport-Security:
      - max-age=10886400; includeSubDomains; preload;
    body:
      encoding: ASCII-8BIT
      string: '{"report":{"content":{"domains":[],"definitions":["/gdc/md/cjhlh8mhlhzvrf9g0rzrgfii58q7wnkm/obj/393"]},"meta":{"author":"/gdc/account/profile/ef00d74950b4291e8567b4bcbdfed9a0","uri":"/gdc/md/cjhlh8mhlhzvrf9g0rzrgfii58q7wnkm/obj/394","tags":"","created":"2020-01-20
        05:41:15","identifier":"report.report.contains.ca","deprecated":"0","summary":"","isProduction":1,"title":"Report
        contains CA","category":"report","updated":"2020-01-20 05:41:16","contributor":"/gdc/account/profile/ef00d74950b4291e8567b4bcbdfed9a0"}}}'
    http_version: 
  recorded_at: Mon, 20 Jan 2020 05:07:29 GMT
- request:
    method: get
    uri: https://staging2-lcm-dev.intgdc.com/gdc/md/cjhlh8mhlhzvrf9g0rzrgfii58q7wnkm/obj/382
    body:
      encoding: US-ASCII
      string: ''
    headers:
      Accept:
      - application/json, application/zip
      User-Agent:
      - gooddata-gem/2.1.9/x86_64-darwin17/2.3.8
      Content-Type:
      - application/json
      X-Gdc-Authtt:
      - "<X_GDC_AUTHTT>"
      X-Gdc-Request:
      - ":d6bInfixKY30jU8rD6OWVw:ISVleLOctuibdqHuOHXYmg"
      Stats-On:
      - ''
      X-Gdc-Version:
      - '2'
      Accept-Encoding:
      - gzip;q=1.0,deflate;q=0.6,identity;q=0.3
      Host:
      - staging2-lcm-dev.intgdc.com
  response:
    status:
      code: 200
      message: OK
    headers:
      Date:
      - Mon, 20 Jan 2020 05:07:30 GMT
      Server:
      - GoodData WebApp
      Keep-Alive:
      - timeout=5, max=100
      X-Gdc-Log-Header:
      - ''
      Cache-Control:
      - no-cache, no-store, must-revalidate
      Content-Type:
      - application/json;charset=UTF-8
      X-Gdc-Request-Time:
      - '30'
      X-Gdc-Request:
      - ":d6bInfixKY30jU8rD6OWVw:ISVleLOctuibdqHuOHXYmg:XFAu0ObVEveTvCSX"
      Vary:
      - origin,X-GDC-VERSION
      Transfer-Encoding:
      - chunked
      Strict-Transport-Security:
      - max-age=10886400; includeSubDomains; preload;
    body:
      encoding: ASCII-8BIT
      string: '{"report":{"content":{"domains":[],"definitions":["/gdc/md/cjhlh8mhlhzvrf9g0rzrgfii58q7wnkm/obj/381"]},"meta":{"author":"/gdc/account/profile/ef00d74950b4291e8567b4bcbdfed9a0","uri":"/gdc/md/cjhlh8mhlhzvrf9g0rzrgfii58q7wnkm/obj/382","tags":"","created":"2020-01-20
        05:40:24","identifier":"report.customers.count.by.gender","deprecated":"0","summary":"","isProduction":1,"title":"Customers
        Count By Gender","category":"report","updated":"2020-01-20 05:40:25","contributor":"/gdc/account/profile/ef00d74950b4291e8567b4bcbdfed9a0"}}}'
    http_version: 
  recorded_at: Mon, 20 Jan 2020 05:07:30 GMT
- request:
    method: get
    uri: https://staging2-lcm-dev.intgdc.com/gdc/md/cjhlh8mhlhzvrf9g0rzrgfii58q7wnkm/obj/384
    body:
      encoding: US-ASCII
      string: ''
    headers:
      Accept:
      - application/json, application/zip
      User-Agent:
      - gooddata-gem/2.1.9/x86_64-darwin17/2.3.8
      Content-Type:
      - application/json
      X-Gdc-Authtt:
      - "<X_GDC_AUTHTT>"
      X-Gdc-Request:
      - ":d6bInfixKY30jU8rD6OWVw:yU2XSd5YFYrJZE4jLDdusQ"
      Stats-On:
      - ''
      X-Gdc-Version:
      - '2'
      Accept-Encoding:
      - gzip;q=1.0,deflate;q=0.6,identity;q=0.3
      Host:
      - staging2-lcm-dev.intgdc.com
  response:
    status:
      code: 200
      message: OK
    headers:
      Date:
      - Mon, 20 Jan 2020 05:07:31 GMT
      Server:
      - GoodData WebApp
      Keep-Alive:
      - timeout=5, max=100
      X-Gdc-Log-Header:
      - ''
      Cache-Control:
      - no-cache, no-store, must-revalidate
      Content-Type:
      - application/json;charset=UTF-8
      X-Gdc-Request-Time:
      - '30'
      X-Gdc-Request:
      - ":d6bInfixKY30jU8rD6OWVw:yU2XSd5YFYrJZE4jLDdusQ:kBuTADPQhO1yvBtl"
      Vary:
      - origin,X-GDC-VERSION
      Transfer-Encoding:
      - chunked
      Strict-Transport-Security:
      - max-age=10886400; includeSubDomains; preload;
    body:
      encoding: ASCII-8BIT
      string: '{"report":{"content":{"domains":[],"definitions":["/gdc/md/cjhlh8mhlhzvrf9g0rzrgfii58q7wnkm/obj/383"]},"meta":{"author":"/gdc/account/profile/ef00d74950b4291e8567b4bcbdfed9a0","uri":"/gdc/md/cjhlh8mhlhzvrf9g0rzrgfii58q7wnkm/obj/384","tags":"","created":"2020-01-20
        05:40:32","identifier":"report.customers.count.by.state","deprecated":"0","summary":"","isProduction":1,"title":"Customers
        Count By State","category":"report","updated":"2020-01-20 05:40:34","contributor":"/gdc/account/profile/ef00d74950b4291e8567b4bcbdfed9a0"}}}'
    http_version: 
  recorded_at: Mon, 20 Jan 2020 05:07:31 GMT
- request:
    method: get
    uri: https://staging2-lcm-dev.intgdc.com/gdc/md/cjhlh8mhlhzvrf9g0rzrgfii58q7wnkm/obj/394
    body:
      encoding: US-ASCII
      string: ''
    headers:
      Accept:
      - application/json, application/zip
      User-Agent:
      - gooddata-gem/2.1.9/x86_64-darwin17/2.3.8
      Content-Type:
      - application/json
      X-Gdc-Authtt:
      - "<X_GDC_AUTHTT>"
      X-Gdc-Request:
      - ":d6bInfixKY30jU8rD6OWVw:_KhKchpMyQOwv0-z8RPp8w"
      Stats-On:
      - ''
      X-Gdc-Version:
      - '2'
      Accept-Encoding:
      - gzip;q=1.0,deflate;q=0.6,identity;q=0.3
      Host:
      - staging2-lcm-dev.intgdc.com
  response:
    status:
      code: 200
      message: OK
    headers:
      Date:
      - Mon, 20 Jan 2020 05:07:31 GMT
      Server:
      - GoodData WebApp
      Keep-Alive:
      - timeout=5, max=100
      X-Gdc-Log-Header:
      - ''
      Cache-Control:
      - no-cache, no-store, must-revalidate
      Content-Type:
      - application/json;charset=UTF-8
      X-Gdc-Request-Time:
      - '54'
      X-Gdc-Request:
      - ":d6bInfixKY30jU8rD6OWVw:_KhKchpMyQOwv0-z8RPp8w:9Ze4wMGBDcS40tq3"
      Vary:
      - origin,X-GDC-VERSION
      Transfer-Encoding:
      - chunked
      Strict-Transport-Security:
      - max-age=10886400; includeSubDomains; preload;
    body:
      encoding: ASCII-8BIT
      string: '{"report":{"content":{"domains":[],"definitions":["/gdc/md/cjhlh8mhlhzvrf9g0rzrgfii58q7wnkm/obj/393"]},"meta":{"author":"/gdc/account/profile/ef00d74950b4291e8567b4bcbdfed9a0","uri":"/gdc/md/cjhlh8mhlhzvrf9g0rzrgfii58q7wnkm/obj/394","tags":"","created":"2020-01-20
        05:41:15","identifier":"report.report.contains.ca","deprecated":"0","summary":"","isProduction":1,"title":"Report
        contains CA","category":"report","updated":"2020-01-20 05:41:16","contributor":"/gdc/account/profile/ef00d74950b4291e8567b4bcbdfed9a0"}}}'
    http_version: 
  recorded_at: Mon, 20 Jan 2020 05:07:32 GMT
- request:
    method: get
    uri: https://staging2-lcm-dev.intgdc.com/gdc/md/cjhlh8mhlhzvrf9g0rzrgfii58q7wnkm/obj/382
    body:
      encoding: US-ASCII
      string: ''
    headers:
      Accept:
      - application/json, application/zip
      User-Agent:
      - gooddata-gem/2.1.9/x86_64-darwin17/2.3.8
      Content-Type:
      - application/json
      X-Gdc-Authtt:
      - "<X_GDC_AUTHTT>"
      X-Gdc-Request:
      - ":d6bInfixKY30jU8rD6OWVw:48MJC1KprltQ42lnBb-OpQ"
      Stats-On:
      - ''
      X-Gdc-Version:
      - '2'
      Accept-Encoding:
      - gzip;q=1.0,deflate;q=0.6,identity;q=0.3
      Host:
      - staging2-lcm-dev.intgdc.com
  response:
    status:
      code: 200
      message: OK
    headers:
      Date:
      - Mon, 20 Jan 2020 05:07:32 GMT
      Server:
      - GoodData WebApp
      Keep-Alive:
      - timeout=5, max=100
      X-Gdc-Log-Header:
      - ''
      Cache-Control:
      - no-cache, no-store, must-revalidate
      Content-Type:
      - application/json;charset=UTF-8
      X-Gdc-Request-Time:
      - '29'
      X-Gdc-Request:
      - ":d6bInfixKY30jU8rD6OWVw:48MJC1KprltQ42lnBb-OpQ:5kOlZItNc5F90Wvi"
      Vary:
      - origin,X-GDC-VERSION
      Transfer-Encoding:
      - chunked
      Strict-Transport-Security:
      - max-age=10886400; includeSubDomains; preload;
    body:
      encoding: ASCII-8BIT
      string: '{"report":{"content":{"domains":[],"definitions":["/gdc/md/cjhlh8mhlhzvrf9g0rzrgfii58q7wnkm/obj/381"]},"meta":{"author":"/gdc/account/profile/ef00d74950b4291e8567b4bcbdfed9a0","uri":"/gdc/md/cjhlh8mhlhzvrf9g0rzrgfii58q7wnkm/obj/382","tags":"","created":"2020-01-20
        05:40:24","identifier":"report.customers.count.by.gender","deprecated":"0","summary":"","isProduction":1,"title":"Customers
        Count By Gender","category":"report","updated":"2020-01-20 05:40:25","contributor":"/gdc/account/profile/ef00d74950b4291e8567b4bcbdfed9a0"}}}'
    http_version: 
  recorded_at: Mon, 20 Jan 2020 05:07:32 GMT
- request:
    method: get
    uri: https://staging2-lcm-dev.intgdc.com/gdc/md/cjhlh8mhlhzvrf9g0rzrgfii58q7wnkm/obj/384
    body:
      encoding: US-ASCII
      string: ''
    headers:
      Accept:
      - application/json, application/zip
      User-Agent:
      - gooddata-gem/2.1.9/x86_64-darwin17/2.3.8
      Content-Type:
      - application/json
      X-Gdc-Authtt:
      - "<X_GDC_AUTHTT>"
      X-Gdc-Request:
      - ":d6bInfixKY30jU8rD6OWVw:rWx7RzgzMExBwXIPVSXEPQ"
      Stats-On:
      - ''
      X-Gdc-Version:
      - '2'
      Accept-Encoding:
      - gzip;q=1.0,deflate;q=0.6,identity;q=0.3
      Host:
      - staging2-lcm-dev.intgdc.com
  response:
    status:
      code: 200
      message: OK
    headers:
      Date:
      - Mon, 20 Jan 2020 05:07:33 GMT
      Server:
      - GoodData WebApp
      Keep-Alive:
      - timeout=5, max=100
      X-Gdc-Log-Header:
      - ''
      Cache-Control:
      - no-cache, no-store, must-revalidate
      Content-Type:
      - application/json;charset=UTF-8
      X-Gdc-Request-Time:
      - '28'
      X-Gdc-Request:
      - ":d6bInfixKY30jU8rD6OWVw:rWx7RzgzMExBwXIPVSXEPQ:LQydRFJxOcdVuQPg"
      Vary:
      - origin,X-GDC-VERSION
      Transfer-Encoding:
      - chunked
      Strict-Transport-Security:
      - max-age=10886400; includeSubDomains; preload;
    body:
      encoding: ASCII-8BIT
      string: '{"report":{"content":{"domains":[],"definitions":["/gdc/md/cjhlh8mhlhzvrf9g0rzrgfii58q7wnkm/obj/383"]},"meta":{"author":"/gdc/account/profile/ef00d74950b4291e8567b4bcbdfed9a0","uri":"/gdc/md/cjhlh8mhlhzvrf9g0rzrgfii58q7wnkm/obj/384","tags":"","created":"2020-01-20
        05:40:32","identifier":"report.customers.count.by.state","deprecated":"0","summary":"","isProduction":1,"title":"Customers
        Count By State","category":"report","updated":"2020-01-20 05:40:34","contributor":"/gdc/account/profile/ef00d74950b4291e8567b4bcbdfed9a0"}}}'
    http_version: 
  recorded_at: Mon, 20 Jan 2020 05:07:33 GMT
- request:
    method: get
    uri: https://staging2-lcm-dev.intgdc.com/gdc/md/cjhlh8mhlhzvrf9g0rzrgfii58q7wnkm/obj/394
    body:
      encoding: US-ASCII
      string: ''
    headers:
      Accept:
      - application/json, application/zip
      User-Agent:
      - gooddata-gem/2.1.9/x86_64-darwin17/2.3.8
      Content-Type:
      - application/json
      X-Gdc-Authtt:
      - "<X_GDC_AUTHTT>"
      X-Gdc-Request:
      - ":d6bInfixKY30jU8rD6OWVw:-rpIivyKrkM9tvG5Jn3yoQ"
      Stats-On:
      - ''
      X-Gdc-Version:
      - '2'
      Accept-Encoding:
      - gzip;q=1.0,deflate;q=0.6,identity;q=0.3
      Host:
      - staging2-lcm-dev.intgdc.com
  response:
    status:
      code: 200
      message: OK
    headers:
      Date:
      - Mon, 20 Jan 2020 05:07:34 GMT
      Server:
      - GoodData WebApp
      Keep-Alive:
      - timeout=5, max=100
      X-Gdc-Log-Header:
      - ''
      Cache-Control:
      - no-cache, no-store, must-revalidate
      Content-Type:
      - application/json;charset=UTF-8
      X-Gdc-Request-Time:
      - '40'
      X-Gdc-Request:
      - ":d6bInfixKY30jU8rD6OWVw:-rpIivyKrkM9tvG5Jn3yoQ:ofo9sxJvQcKBdJmq"
      Vary:
      - origin,X-GDC-VERSION
      Transfer-Encoding:
      - chunked
      Strict-Transport-Security:
      - max-age=10886400; includeSubDomains; preload;
    body:
      encoding: ASCII-8BIT
      string: '{"report":{"content":{"domains":[],"definitions":["/gdc/md/cjhlh8mhlhzvrf9g0rzrgfii58q7wnkm/obj/393"]},"meta":{"author":"/gdc/account/profile/ef00d74950b4291e8567b4bcbdfed9a0","uri":"/gdc/md/cjhlh8mhlhzvrf9g0rzrgfii58q7wnkm/obj/394","tags":"","created":"2020-01-20
        05:41:15","identifier":"report.report.contains.ca","deprecated":"0","summary":"","isProduction":1,"title":"Report
        contains CA","category":"report","updated":"2020-01-20 05:41:16","contributor":"/gdc/account/profile/ef00d74950b4291e8567b4bcbdfed9a0"}}}'
    http_version: 
  recorded_at: Mon, 20 Jan 2020 05:07:34 GMT
- request:
    method: get
    uri: https://staging2-lcm-prod.intgdc.com/gdc/md/xsz1uanbekkxjyc5i9i2sh85khwy8xn9/objects/query?category=report&limit=50&offset=0
    body:
      encoding: US-ASCII
      string: ''
    headers:
      Accept:
      - application/json, application/zip
      User-Agent:
      - gooddata-gem/2.1.9/x86_64-darwin17/2.3.8
      Content-Type:
      - application/json
      X-Gdc-Authtt:
      - "<X_GDC_AUTHTT>"
      X-Gdc-Request:
      - ":khvB9WRu3MGEpnzND4O8Vw:6LB8xW2I0vhmBv7s9B642Q"
      Stats-On:
      - ''
      X-Gdc-Version:
      - '2'
      Accept-Encoding:
      - gzip;q=1.0,deflate;q=0.6,identity;q=0.3
      Host:
      - staging2-lcm-prod.intgdc.com
  response:
    status:
      code: 200
      message: OK
    headers:
      Date:
      - Mon, 20 Jan 2020 05:07:35 GMT
      Server:
      - GoodData WebApp
      Keep-Alive:
      - timeout=5, max=100
      X-Gdc-Log-Header:
      - ''
      Cache-Control:
      - no-cache, no-store, must-revalidate
      Content-Type:
      - application/json;charset=UTF-8
      Transfer-Encoding:
      - chunked
      X-Gdc-Request-Time:
      - '38'
      X-Gdc-Request:
      - ":khvB9WRu3MGEpnzND4O8Vw:6LB8xW2I0vhmBv7s9B642Q:8Zyg2MPPGJ2z8joD"
      Vary:
      - Accept-Encoding,origin,X-GDC-VERSION
      Strict-Transport-Security:
      - max-age=10886400; includeSubDomains; preload;
    body:
      encoding: ASCII-8BIT
      string: '{"objects":{"paging":{"count":4,"offset":0},"items":[{"report":{"content":{"domains":[],"definitions":["/gdc/md/xsz1uanbekkxjyc5i9i2sh85khwy8xn9/obj/354"]},"meta":{"author":"/gdc/account/profile/5ad80b895edcc438e5a4418e222733fa","uri":"/gdc/md/xsz1uanbekkxjyc5i9i2sh85khwy8xn9/obj/355","tags":"","created":"2020-01-20
        06:04:26","identifier":"aadfN89QgMJu","deprecated":"0","summary":"","isProduction":1,"title":"Awesome
        report","category":"report","updated":"2020-01-20 06:00:39","contributor":"/gdc/account/profile/5ad80b895edcc438e5a4418e222733fa"}}},{"report":{"content":{"domains":[],"definitions":["/gdc/md/xsz1uanbekkxjyc5i9i2sh85khwy8xn9/obj/357"]},"meta":{"author":"/gdc/account/profile/5ad80b895edcc438e5a4418e222733fa","uri":"/gdc/md/xsz1uanbekkxjyc5i9i2sh85khwy8xn9/obj/358","tags":"","created":"2020-01-20
        06:04:26","identifier":"report.customers.count.by.state","deprecated":"0","summary":"","isProduction":1,"title":"Customers
        Count By State","category":"report","updated":"2020-01-20 05:40:34","contributor":"/gdc/account/profile/5ad80b895edcc438e5a4418e222733fa"}}},{"report":{"content":{"domains":[],"definitions":["/gdc/md/xsz1uanbekkxjyc5i9i2sh85khwy8xn9/obj/359"]},"meta":{"author":"/gdc/account/profile/5ad80b895edcc438e5a4418e222733fa","uri":"/gdc/md/xsz1uanbekkxjyc5i9i2sh85khwy8xn9/obj/360","tags":"","created":"2020-01-20
        06:04:26","identifier":"report.customers.count.by.gender","deprecated":"0","summary":"","isProduction":1,"title":"Customers
        Count By Gender","category":"report","updated":"2020-01-20 05:40:25","contributor":"/gdc/account/profile/5ad80b895edcc438e5a4418e222733fa"}}},{"report":{"content":{"domains":[],"definitions":["/gdc/md/xsz1uanbekkxjyc5i9i2sh85khwy8xn9/obj/361"]},"meta":{"author":"/gdc/account/profile/5ad80b895edcc438e5a4418e222733fa","uri":"/gdc/md/xsz1uanbekkxjyc5i9i2sh85khwy8xn9/obj/362","tags":"","created":"2020-01-20
        06:04:26","identifier":"report.report.contains.ca","deprecated":"0","summary":"","isProduction":1,"title":"Report
        contains CA","category":"report","updated":"2020-01-20 05:41:16","contributor":"/gdc/account/profile/5ad80b895edcc438e5a4418e222733fa"}}}]}}'
    http_version: 
  recorded_at: Mon, 20 Jan 2020 05:07:35 GMT
- request:
    method: get
    uri: https://staging2-lcm-prod.intgdc.com/gdc/md/k591rceob1b44duhsipej4abqcntgqxi/objects/query?category=report&limit=50&offset=0
    body:
      encoding: US-ASCII
      string: ''
    headers:
      Accept:
      - application/json, application/zip
      User-Agent:
      - gooddata-gem/2.1.9/x86_64-darwin17/2.3.8
      Content-Type:
      - application/json
      X-Gdc-Authtt:
      - "<X_GDC_AUTHTT>"
      X-Gdc-Request:
      - ":khvB9WRu3MGEpnzND4O8Vw:EK_W2HWILr8DK6RymWSG4g"
      Stats-On:
      - ''
      X-Gdc-Version:
      - '2'
      Accept-Encoding:
      - gzip;q=1.0,deflate;q=0.6,identity;q=0.3
      Host:
      - staging2-lcm-prod.intgdc.com
  response:
    status:
      code: 200
      message: OK
    headers:
      Date:
      - Mon, 20 Jan 2020 05:07:36 GMT
      Server:
      - GoodData WebApp
      Keep-Alive:
      - timeout=5, max=100
      X-Gdc-Log-Header:
      - ''
      Cache-Control:
      - no-cache, no-store, must-revalidate
      Content-Type:
      - application/json;charset=UTF-8
      Transfer-Encoding:
      - chunked
      X-Gdc-Request-Time:
      - '37'
      X-Gdc-Request:
      - ":khvB9WRu3MGEpnzND4O8Vw:EK_W2HWILr8DK6RymWSG4g:wUNgTVNWJSl6ry7e"
      Vary:
      - Accept-Encoding,origin,X-GDC-VERSION
      Strict-Transport-Security:
      - max-age=10886400; includeSubDomains; preload;
    body:
      encoding: ASCII-8BIT
      string: '{"objects":{"paging":{"count":4,"offset":0},"items":[{"report":{"content":{"domains":[],"definitions":["/gdc/md/k591rceob1b44duhsipej4abqcntgqxi/obj/354"]},"meta":{"author":"/gdc/account/profile/5ad80b895edcc438e5a4418e222733fa","uri":"/gdc/md/k591rceob1b44duhsipej4abqcntgqxi/obj/355","tags":"","created":"2020-01-20
        06:04:42","identifier":"aadfN89QgMJu","deprecated":"0","summary":"","isProduction":1,"title":"Awesome
        report","category":"report","updated":"2020-01-20 06:00:39","contributor":"/gdc/account/profile/5ad80b895edcc438e5a4418e222733fa"}}},{"report":{"content":{"domains":[],"definitions":["/gdc/md/k591rceob1b44duhsipej4abqcntgqxi/obj/357"]},"meta":{"author":"/gdc/account/profile/5ad80b895edcc438e5a4418e222733fa","uri":"/gdc/md/k591rceob1b44duhsipej4abqcntgqxi/obj/358","tags":"","created":"2020-01-20
        06:04:43","identifier":"report.customers.count.by.state","deprecated":"0","summary":"","isProduction":1,"title":"Customers
        Count By State","category":"report","updated":"2020-01-20 05:40:34","contributor":"/gdc/account/profile/5ad80b895edcc438e5a4418e222733fa"}}},{"report":{"content":{"domains":[],"definitions":["/gdc/md/k591rceob1b44duhsipej4abqcntgqxi/obj/359"]},"meta":{"author":"/gdc/account/profile/5ad80b895edcc438e5a4418e222733fa","uri":"/gdc/md/k591rceob1b44duhsipej4abqcntgqxi/obj/360","tags":"","created":"2020-01-20
        06:04:43","identifier":"report.customers.count.by.gender","deprecated":"0","summary":"","isProduction":1,"title":"Customers
        Count By Gender","category":"report","updated":"2020-01-20 05:40:25","contributor":"/gdc/account/profile/5ad80b895edcc438e5a4418e222733fa"}}},{"report":{"content":{"domains":[],"definitions":["/gdc/md/k591rceob1b44duhsipej4abqcntgqxi/obj/361"]},"meta":{"author":"/gdc/account/profile/5ad80b895edcc438e5a4418e222733fa","uri":"/gdc/md/k591rceob1b44duhsipej4abqcntgqxi/obj/362","tags":"","created":"2020-01-20
        06:04:43","identifier":"report.report.contains.ca","deprecated":"0","summary":"","isProduction":1,"title":"Report
        contains CA","category":"report","updated":"2020-01-20 05:41:16","contributor":"/gdc/account/profile/5ad80b895edcc438e5a4418e222733fa"}}}]}}'
    http_version: 
  recorded_at: Mon, 20 Jan 2020 05:07:36 GMT
recorded_with: VCR 5.0.0
