---
http_interactions:
- request:
    method: get
    uri: https://staging2-lcm-prod.intgdc.com/gdc/projects/jkxr5qwqvzd4wleqh24ln9899xgkj1n8/model/view?includeCA=true&includeDeprecated=true&includeGrain=true
    body:
      encoding: US-ASCII
      string: ''
    headers:
      Accept:
      - application/json, application/zip
      Accept-Encoding:
      - gzip, deflate
      User-Agent:
      - gooddata-gem/2.1.3/x86_64-darwin18/2.4.5
      Content-Type:
      - application/json
      X-Gdc-Authtt:
      - "<X_GDC_AUTHTT>"
      X-Gdc-Request:
      - ":mqq9aj74KN01b_JNGLlprw:5c4uFiqAmu8GIZfh76t7cQ"
      Stats-On:
      - ''
      Host:
      - staging2-lcm-prod.intgdc.com
  response:
    status:
      code: 202
      message: Accepted
    headers:
      Location:
      - "/gdc/projects/jkxr5qwqvzd4wleqh24ln9899xgkj1n8/model/view/e983c7388f5d1d1d8badce89e4fc3191f984df6dad4c894600000018"
      X-Gdc-Log-Header:
      - ''
      Content-Type:
      - application/json;charset=UTF-8
      Date:
      - Thu, 18 Apr 2019 12:46:30 GMT
      Server:
      - GoodData WebApp
      X-Gdc-Request:
      - ":mqq9aj74KN01b_JNGLlprw:5c4uFiqAmu8GIZfh76t7cQ:imMrIbCsJEwATxte"
      Vary:
      - origin
      Cache-Control:
      - no-cache, no-store, must-revalidate
      X-Gdc-Request-Time:
      - '18'
      Transfer-Encoding:
      - chunked
      Strict-Transport-Security:
      - max-age=10886400; includeSubDomains; preload;
    body:
      encoding: ASCII-8BIT
      string: '{"asyncTask":{"link":{"poll":"/gdc/projects/jkxr5qwqvzd4wleqh24ln9899xgkj1n8/model/view/e983c7388f5d1d1d8badce89e4fc3191f984df6dad4c894600000018"}}}'
    http_version: 
  recorded_at: Thu, 18 Apr 2019 12:46:30 GMT
- request:
    method: get
    uri: https://staging2-lcm-prod.intgdc.com/gdc/projects/jkxr5qwqvzd4wleqh24ln9899xgkj1n8/model/view/e983c7388f5d1d1d8badce89e4fc3191f984df6dad4c894600000018
    body:
      encoding: US-ASCII
      string: ''
    headers:
      Accept:
      - application/json, application/zip
      Accept-Encoding:
      - gzip, deflate
      User-Agent:
      - gooddata-gem/2.1.3/x86_64-darwin18/2.4.5
      Content-Type:
      - application/json
      X-Gdc-Authtt:
      - "<X_GDC_AUTHTT>"
      X-Gdc-Request:
      - ":mqq9aj74KN01b_JNGLlprw:UnYbZD8tpu9z4cfKdiD_ew"
      Process:
      - 'false'
      Stats-On:
      - ''
      Host:
      - staging2-lcm-prod.intgdc.com
  response:
    status:
      code: 202
      message: Accepted
    headers:
      Location:
      - "/gdc/projects/jkxr5qwqvzd4wleqh24ln9899xgkj1n8/model/view/e983c7388f5d1d1d8badce89e4fc3191f984df6dad4c894600000018"
      X-Gdc-Log-Header:
      - ''
      Content-Type:
      - application/json;charset=UTF-8
      Date:
      - Thu, 18 Apr 2019 12:46:30 GMT
      Server:
      - GoodData WebApp
      X-Gdc-Request:
      - ":mqq9aj74KN01b_JNGLlprw:UnYbZD8tpu9z4cfKdiD_ew:JZUY6Ur5kuyQQ3nB"
      Vary:
      - origin
      Cache-Control:
      - no-cache, no-store, must-revalidate
      X-Gdc-Request-Time:
      - '13'
      Transfer-Encoding:
      - chunked
      Strict-Transport-Security:
      - max-age=10886400; includeSubDomains; preload;
    body:
      encoding: ASCII-8BIT
      string: '{"asyncTask":{"link":{"poll":"/gdc/projects/jkxr5qwqvzd4wleqh24ln9899xgkj1n8/model/view/e983c7388f5d1d1d8badce89e4fc3191f984df6dad4c894600000018"}}}'
    http_version: 
  recorded_at: Thu, 18 Apr 2019 12:46:30 GMT
- request:
    method: get
    uri: https://staging2-lcm-prod.intgdc.com/gdc/projects/jkxr5qwqvzd4wleqh24ln9899xgkj1n8/model/view/e983c7388f5d1d1d8badce89e4fc3191f984df6dad4c894600000018
    body:
      encoding: US-ASCII
      string: ''
    headers:
      Accept:
      - application/json, application/zip
      Accept-Encoding:
      - gzip, deflate
      User-Agent:
      - gooddata-gem/2.1.3/x86_64-darwin18/2.4.5
      Content-Type:
      - application/json
      X-Gdc-Authtt:
      - "<X_GDC_AUTHTT>"
      X-Gdc-Request:
      - ":mqq9aj74KN01b_JNGLlprw:iWs8O7Zu8-iHNLY5WLMLiw"
      Process:
      - 'false'
      Stats-On:
      - ''
      Host:
      - staging2-lcm-prod.intgdc.com
  response:
    status:
      code: 200
      message: OK
    headers:
      X-Gdc-Log-Header:
      - ''
      Content-Type:
      - application/json;charset=UTF-8
      Transfer-Encoding:
      - chunked
      Vary:
      - Accept-Encoding
      - origin
      Date:
      - Thu, 18 Apr 2019 12:46:32 GMT
      Server:
      - GoodData WebApp
      X-Gdc-Request:
      - ":mqq9aj74KN01b_JNGLlprw:iWs8O7Zu8-iHNLY5WLMLiw:9KZrOSvvRgbdQ8Xf"
      Cache-Control:
      - no-cache, no-store, must-revalidate
      X-Gdc-Request-Time:
      - '22'
      Strict-Transport-Security:
      - max-age=10886400; includeSubDomains; preload;
    body:
      encoding: ASCII-8BIT
      string: '{"projectModelView":{"model":{"projectModel":{"modelMetadata":{"containCA":true},"datasets":[{"dataset":{"identifier":"dataset.csv_policies","title":"Policies","anchor":{"attribute":{"identifier":"attr.csv_policies.factsof","title":"Records
        of Policies","folder":"Policies"}},"attributes":[{"attribute":{"identifier":"attr.csv_policies.customer","title":"Customer","folder":"Policies","labels":[{"label":{"identifier":"label.csv_policies.customer","title":"Customer","type":"GDC.text","dataType":"VARCHAR(255)"}}],"defaultLabel":"label.csv_policies.customer"}},{"attribute":{"identifier":"attr.csv_policies.state","title":"State","folder":"Policies","labels":[{"label":{"identifier":"label.csv_policies.state","title":"State","type":"GDC.text","dataType":"VARCHAR(255)"}}],"defaultLabel":"label.csv_policies.state"}},{"attribute":{"identifier":"attr.csv_policies.coverage","title":"Coverage","folder":"Policies","labels":[{"label":{"identifier":"label.csv_policies.coverage","title":"Coverage","type":"GDC.text","dataType":"VARCHAR(255)"}}],"defaultLabel":"label.csv_policies.coverage"}},{"attribute":{"identifier":"attr.csv_policies.education","title":"Education","folder":"Policies","labels":[{"label":{"identifier":"label.csv_policies.education","title":"Education","type":"GDC.text","dataType":"VARCHAR(255)"}}],"defaultLabel":"label.csv_policies.education"}},{"attribute":{"identifier":"attr.csv_policies.employmentstatus","title":"Employmentstatus","folder":"Policies","labels":[{"label":{"identifier":"label.csv_policies.employmentstatus","title":"Employmentstatus","type":"GDC.text","dataType":"VARCHAR(255)"}}],"defaultLabel":"label.csv_policies.employmentstatus"}},{"attribute":{"identifier":"attr.csv_policies.gender","title":"Gender","folder":"Policies","labels":[{"label":{"identifier":"label.csv_policies.gender","title":"Gender","type":"GDC.text","dataType":"VARCHAR(255)"}}],"defaultLabel":"label.csv_policies.gender"}},{"attribute":{"identifier":"attr.csv_policies.marital_status","title":"Marital
        Status","folder":"Policies","labels":[{"label":{"identifier":"label.csv_policies.marital_status","title":"Marital
        Status","type":"GDC.text","dataType":"VARCHAR(255)"}}],"defaultLabel":"label.csv_policies.marital_status"}},{"attribute":{"identifier":"attr.csv_policies.policy_type","title":"Policy
        Type","folder":"Policies","labels":[{"label":{"identifier":"label.csv_policies.policy_type","title":"Policy
        Type","type":"GDC.text","dataType":"VARCHAR(255)"}}],"defaultLabel":"label.csv_policies.policy_type"}},{"attribute":{"identifier":"attr.csv_policies.renew_offer_type","title":"Renew
        Offer Type","folder":"Policies","labels":[{"label":{"identifier":"label.csv_policies.renew_offer_type","title":"Renew
        Offer Type","type":"GDC.text","dataType":"VARCHAR(255)"}}],"defaultLabel":"label.csv_policies.renew_offer_type"}},{"attribute":{"identifier":"attr.csv_policies.sales_channel","title":"Sales
        Channel","folder":"Policies","labels":[{"label":{"identifier":"label.csv_policies.sales_channel","title":"Sales
        Channel","type":"GDC.text","dataType":"VARCHAR(255)"}}],"defaultLabel":"label.csv_policies.sales_channel"}},{"attribute":{"identifier":"attr.csv_policies.vehicle_class","title":"Vehicle
        Class","folder":"Policies","labels":[{"label":{"identifier":"label.csv_policies.vehicle_class","title":"Vehicle
        Class","type":"GDC.text","dataType":"VARCHAR(255)"}}],"defaultLabel":"label.csv_policies.vehicle_class"}},{"attribute":{"identifier":"attr.csv_policies.vehicle_size","title":"Vehicle
        Size","folder":"Policies","labels":[{"label":{"identifier":"label.csv_policies.vehicle_size","title":"Vehicle
        Size","type":"GDC.text","dataType":"VARCHAR(255)"}}],"defaultLabel":"label.csv_policies.vehicle_size"}}],"facts":[{"fact":{"identifier":"fact.csv_policies.customer_lifetime_value","title":"Customer
        Lifetime Value","folder":"Policies","dataType":"DECIMAL(15,6)","restricted":false}},{"fact":{"identifier":"fact.csv_policies.income","title":"Income","folder":"Policies","dataType":"DECIMAL(15,6)","restricted":false}},{"fact":{"identifier":"fact.csv_policies.monthly_premium_auto","title":"Monthly
        Premium Auto","folder":"Policies","dataType":"DECIMAL(15,6)","restricted":false}},{"fact":{"identifier":"fact.csv_policies.total_claim_amount","title":"Total
        Claim Amount","folder":"Policies","dataType":"DECIMAL(15,6)","restricted":false}}],"references":["effective_to_date"],"production":true}},{"dataset":{"identifier":"dataset.comp.my_computed_attr","title":"My
        computed attribute","anchor":{"attribute":{"identifier":"attr.comp.my_computed_attr","title":"My
        computed attribute","folder":"My computed attribute","labels":[{"label":{"identifier":"label.comp.my_computed_attr","title":"Label.Comp.My
        Computed Attr","type":"GDC.text","dataType":"VARCHAR(128)"}}],"defaultLabel":"label.comp.my_computed_attr","relations":["to
        {attr.csv_policies.state} as case when {metric.customers.count} <= 1000 then
        {attr.comp.my_computed_attr?\"Small\"}, when {metric.customers.count} <= 2000
        then {attr.comp.my_computed_attr?\"Medium\"}, when {metric.customers.count}
        > 2000 then {attr.comp.my_computed_attr?\"Large\"} else {attr.comp.my_computed_attr?\"\"}
        end"]}},"production":true}}],"dateDimensions":[{"dateDimension":{"name":"effective_to_date","title":"Effective
        To Date","production":true,"urn":"urn:gooddata:date","identifier":"effective_to_date.dataset.dt","identifierPrefix":"effective_to_date","bridges":[]}}]}}}}'
    http_version: 
  recorded_at: Thu, 18 Apr 2019 12:46:32 GMT
- request:
    method: get
    uri: https://staging2-lcm-prod.intgdc.com/gdc/projects/jkxr5qwqvzd4wleqh24ln9899xgkj1n8/model/view/e983c7388f5d1d1d8badce89e4fc3191f984df6dad4c894600000018
    body:
      encoding: US-ASCII
      string: ''
    headers:
      Accept:
      - application/json, application/zip
      Accept-Encoding:
      - gzip, deflate
      User-Agent:
      - gooddata-gem/2.1.3/x86_64-darwin18/2.4.5
      Content-Type:
      - application/json
      X-Gdc-Authtt:
      - "<X_GDC_AUTHTT>"
      X-Gdc-Request:
      - ":mqq9aj74KN01b_JNGLlprw:gPQDr7skod5s25rgKB_5Rg"
      Stats-On:
      - ''
      Host:
      - staging2-lcm-prod.intgdc.com
  response:
    status:
      code: 200
      message: OK
    headers:
      X-Gdc-Log-Header:
      - ''
      Content-Type:
      - application/json;charset=UTF-8
      Transfer-Encoding:
      - chunked
      Vary:
      - Accept-Encoding
      - origin
      Date:
      - Thu, 18 Apr 2019 12:46:32 GMT
      Server:
      - GoodData WebApp
      X-Gdc-Request:
      - ":mqq9aj74KN01b_JNGLlprw:gPQDr7skod5s25rgKB_5Rg:XUjWXo1pJ8Kf5wI8"
      Cache-Control:
      - no-cache, no-store, must-revalidate
      X-Gdc-Request-Time:
      - '15'
      Strict-Transport-Security:
      - max-age=10886400; includeSubDomains; preload;
    body:
      encoding: ASCII-8BIT
      string: '{"projectModelView":{"model":{"projectModel":{"modelMetadata":{"containCA":true},"datasets":[{"dataset":{"identifier":"dataset.csv_policies","title":"Policies","anchor":{"attribute":{"identifier":"attr.csv_policies.factsof","title":"Records
        of Policies","folder":"Policies"}},"attributes":[{"attribute":{"identifier":"attr.csv_policies.customer","title":"Customer","folder":"Policies","labels":[{"label":{"identifier":"label.csv_policies.customer","title":"Customer","type":"GDC.text","dataType":"VARCHAR(255)"}}],"defaultLabel":"label.csv_policies.customer"}},{"attribute":{"identifier":"attr.csv_policies.state","title":"State","folder":"Policies","labels":[{"label":{"identifier":"label.csv_policies.state","title":"State","type":"GDC.text","dataType":"VARCHAR(255)"}}],"defaultLabel":"label.csv_policies.state"}},{"attribute":{"identifier":"attr.csv_policies.coverage","title":"Coverage","folder":"Policies","labels":[{"label":{"identifier":"label.csv_policies.coverage","title":"Coverage","type":"GDC.text","dataType":"VARCHAR(255)"}}],"defaultLabel":"label.csv_policies.coverage"}},{"attribute":{"identifier":"attr.csv_policies.education","title":"Education","folder":"Policies","labels":[{"label":{"identifier":"label.csv_policies.education","title":"Education","type":"GDC.text","dataType":"VARCHAR(255)"}}],"defaultLabel":"label.csv_policies.education"}},{"attribute":{"identifier":"attr.csv_policies.employmentstatus","title":"Employmentstatus","folder":"Policies","labels":[{"label":{"identifier":"label.csv_policies.employmentstatus","title":"Employmentstatus","type":"GDC.text","dataType":"VARCHAR(255)"}}],"defaultLabel":"label.csv_policies.employmentstatus"}},{"attribute":{"identifier":"attr.csv_policies.gender","title":"Gender","folder":"Policies","labels":[{"label":{"identifier":"label.csv_policies.gender","title":"Gender","type":"GDC.text","dataType":"VARCHAR(255)"}}],"defaultLabel":"label.csv_policies.gender"}},{"attribute":{"identifier":"attr.csv_policies.marital_status","title":"Marital
        Status","folder":"Policies","labels":[{"label":{"identifier":"label.csv_policies.marital_status","title":"Marital
        Status","type":"GDC.text","dataType":"VARCHAR(255)"}}],"defaultLabel":"label.csv_policies.marital_status"}},{"attribute":{"identifier":"attr.csv_policies.policy_type","title":"Policy
        Type","folder":"Policies","labels":[{"label":{"identifier":"label.csv_policies.policy_type","title":"Policy
        Type","type":"GDC.text","dataType":"VARCHAR(255)"}}],"defaultLabel":"label.csv_policies.policy_type"}},{"attribute":{"identifier":"attr.csv_policies.renew_offer_type","title":"Renew
        Offer Type","folder":"Policies","labels":[{"label":{"identifier":"label.csv_policies.renew_offer_type","title":"Renew
        Offer Type","type":"GDC.text","dataType":"VARCHAR(255)"}}],"defaultLabel":"label.csv_policies.renew_offer_type"}},{"attribute":{"identifier":"attr.csv_policies.sales_channel","title":"Sales
        Channel","folder":"Policies","labels":[{"label":{"identifier":"label.csv_policies.sales_channel","title":"Sales
        Channel","type":"GDC.text","dataType":"VARCHAR(255)"}}],"defaultLabel":"label.csv_policies.sales_channel"}},{"attribute":{"identifier":"attr.csv_policies.vehicle_class","title":"Vehicle
        Class","folder":"Policies","labels":[{"label":{"identifier":"label.csv_policies.vehicle_class","title":"Vehicle
        Class","type":"GDC.text","dataType":"VARCHAR(255)"}}],"defaultLabel":"label.csv_policies.vehicle_class"}},{"attribute":{"identifier":"attr.csv_policies.vehicle_size","title":"Vehicle
        Size","folder":"Policies","labels":[{"label":{"identifier":"label.csv_policies.vehicle_size","title":"Vehicle
        Size","type":"GDC.text","dataType":"VARCHAR(255)"}}],"defaultLabel":"label.csv_policies.vehicle_size"}}],"facts":[{"fact":{"identifier":"fact.csv_policies.customer_lifetime_value","title":"Customer
        Lifetime Value","folder":"Policies","dataType":"DECIMAL(15,6)","restricted":false}},{"fact":{"identifier":"fact.csv_policies.income","title":"Income","folder":"Policies","dataType":"DECIMAL(15,6)","restricted":false}},{"fact":{"identifier":"fact.csv_policies.monthly_premium_auto","title":"Monthly
        Premium Auto","folder":"Policies","dataType":"DECIMAL(15,6)","restricted":false}},{"fact":{"identifier":"fact.csv_policies.total_claim_amount","title":"Total
        Claim Amount","folder":"Policies","dataType":"DECIMAL(15,6)","restricted":false}}],"references":["effective_to_date"],"production":true}},{"dataset":{"identifier":"dataset.comp.my_computed_attr","title":"My
        computed attribute","anchor":{"attribute":{"identifier":"attr.comp.my_computed_attr","title":"My
        computed attribute","folder":"My computed attribute","labels":[{"label":{"identifier":"label.comp.my_computed_attr","title":"Label.Comp.My
        Computed Attr","type":"GDC.text","dataType":"VARCHAR(128)"}}],"defaultLabel":"label.comp.my_computed_attr","relations":["to
        {attr.csv_policies.state} as case when {metric.customers.count} <= 1000 then
        {attr.comp.my_computed_attr?\"Small\"}, when {metric.customers.count} <= 2000
        then {attr.comp.my_computed_attr?\"Medium\"}, when {metric.customers.count}
        > 2000 then {attr.comp.my_computed_attr?\"Large\"} else {attr.comp.my_computed_attr?\"\"}
        end"]}},"production":true}}],"dateDimensions":[{"dateDimension":{"name":"effective_to_date","title":"Effective
        To Date","production":true,"urn":"urn:gooddata:date","identifier":"effective_to_date.dataset.dt","identifierPrefix":"effective_to_date","bridges":[]}}]}}}}'
    http_version: 
  recorded_at: Thu, 18 Apr 2019 12:46:33 GMT
- request:
    method: post
    uri: https://staging2-lcm-prod.intgdc.com/gdc/projects/yh4nq8fhp6fvw8vch2eb259dj7fy3q9x/model/diff?includeCA=true&includeGrain=true
    body:
      encoding: UTF-8
      string: '{"diffRequest":{"targetModel":{"projectModel":{"modelMetadata":{"containCA":true},"datasets":[{"dataset":{"identifier":"dataset.csv_policies","title":"Policies","anchor":{"attribute":{"identifier":"attr.csv_policies.factsof","title":"Records
        of Policies","folder":"Policies"}},"attributes":[{"attribute":{"identifier":"attr.csv_policies.customer","title":"Customer","folder":"Policies","labels":[{"label":{"identifier":"label.csv_policies.customer","title":"Customer","type":"GDC.text","dataType":"VARCHAR(255)"}}],"defaultLabel":"label.csv_policies.customer"}},{"attribute":{"identifier":"attr.csv_policies.state","title":"State","folder":"Policies","labels":[{"label":{"identifier":"label.csv_policies.state","title":"State","type":"GDC.text","dataType":"VARCHAR(255)"}}],"defaultLabel":"label.csv_policies.state"}},{"attribute":{"identifier":"attr.csv_policies.coverage","title":"Coverage","folder":"Policies","labels":[{"label":{"identifier":"label.csv_policies.coverage","title":"Coverage","type":"GDC.text","dataType":"VARCHAR(255)"}}],"defaultLabel":"label.csv_policies.coverage"}},{"attribute":{"identifier":"attr.csv_policies.education","title":"Education","folder":"Policies","labels":[{"label":{"identifier":"label.csv_policies.education","title":"Education","type":"GDC.text","dataType":"VARCHAR(255)"}}],"defaultLabel":"label.csv_policies.education"}},{"attribute":{"identifier":"attr.csv_policies.employmentstatus","title":"Employmentstatus","folder":"Policies","labels":[{"label":{"identifier":"label.csv_policies.employmentstatus","title":"Employmentstatus","type":"GDC.text","dataType":"VARCHAR(255)"}}],"defaultLabel":"label.csv_policies.employmentstatus"}},{"attribute":{"identifier":"attr.csv_policies.gender","title":"Gender","folder":"Policies","labels":[{"label":{"identifier":"label.csv_policies.gender","title":"Gender","type":"GDC.text","dataType":"VARCHAR(255)"}}],"defaultLabel":"label.csv_policies.gender"}},{"attribute":{"identifier":"attr.csv_policies.marital_status","title":"Marital
        Status","folder":"Policies","labels":[{"label":{"identifier":"label.csv_policies.marital_status","title":"Marital
        Status","type":"GDC.text","dataType":"VARCHAR(255)"}}],"defaultLabel":"label.csv_policies.marital_status"}},{"attribute":{"identifier":"attr.csv_policies.policy_type","title":"Policy
        Type","folder":"Policies","labels":[{"label":{"identifier":"label.csv_policies.policy_type","title":"Policy
        Type","type":"GDC.text","dataType":"VARCHAR(255)"}}],"defaultLabel":"label.csv_policies.policy_type"}},{"attribute":{"identifier":"attr.csv_policies.renew_offer_type","title":"Renew
        Offer Type","folder":"Policies","labels":[{"label":{"identifier":"label.csv_policies.renew_offer_type","title":"Renew
        Offer Type","type":"GDC.text","dataType":"VARCHAR(255)"}}],"defaultLabel":"label.csv_policies.renew_offer_type"}},{"attribute":{"identifier":"attr.csv_policies.sales_channel","title":"Sales
        Channel","folder":"Policies","labels":[{"label":{"identifier":"label.csv_policies.sales_channel","title":"Sales
        Channel","type":"GDC.text","dataType":"VARCHAR(255)"}}],"defaultLabel":"label.csv_policies.sales_channel"}},{"attribute":{"identifier":"attr.csv_policies.vehicle_class","title":"Vehicle
        Class","folder":"Policies","labels":[{"label":{"identifier":"label.csv_policies.vehicle_class","title":"Vehicle
        Class","type":"GDC.text","dataType":"VARCHAR(255)"}}],"defaultLabel":"label.csv_policies.vehicle_class"}},{"attribute":{"identifier":"attr.csv_policies.vehicle_size","title":"Vehicle
        Size","folder":"Policies","labels":[{"label":{"identifier":"label.csv_policies.vehicle_size","title":"Vehicle
        Size","type":"GDC.text","dataType":"VARCHAR(255)"}}],"defaultLabel":"label.csv_policies.vehicle_size"}}],"facts":[{"fact":{"identifier":"fact.csv_policies.customer_lifetime_value","title":"Customer
        Lifetime Value","folder":"Policies","dataType":"DECIMAL(15,6)","type":"fact"}},{"fact":{"identifier":"fact.csv_policies.income","title":"Income","folder":"Policies","dataType":"DECIMAL(15,6)","type":"fact"}},{"fact":{"identifier":"fact.csv_policies.monthly_premium_auto","title":"Monthly
        Premium Auto","folder":"Policies","dataType":"DECIMAL(15,6)","type":"fact"}},{"fact":{"identifier":"fact.csv_policies.total_claim_amount","title":"Total
        Claim Amount","folder":"Policies","dataType":"DECIMAL(15,6)","type":"fact"}}],"references":["effective_to_date"],"bridges":[]}},{"dataset":{"identifier":"dataset.comp.my_computed_attr","title":"My
        computed attribute","anchor":{"attribute":{"identifier":"attr.comp.my_computed_attr","title":"My
        computed attribute","folder":"My computed attribute","labels":[{"label":{"identifier":"label.comp.my_computed_attr","title":"Label.Comp.My
        Computed Attr","type":"GDC.text","dataType":"VARCHAR(128)"}}],"relations":["to
        {attr.csv_policies.state} as case when {metric.customers.count} <= 1000 then
        {attr.comp.my_computed_attr?\"Small\"}, when {metric.customers.count} <= 2000
        then {attr.comp.my_computed_attr?\"Medium\"}, when {metric.customers.count}
        > 2000 then {attr.comp.my_computed_attr?\"Large\"} else {attr.comp.my_computed_attr?\"\"}
        end"],"defaultLabel":"label.comp.my_computed_attr"}},"attributes":[],"facts":[],"references":[],"bridges":[]}}],"dateDimensions":[{"dateDimension":{"name":"effective_to_date","urn":"urn:gooddata:date","title":"Effective
        To Date","identifierPrefix":"effective_to_date","bridges":[]}}]}}}}'
    headers:
      Accept:
      - application/json, application/zip
      Accept-Encoding:
      - gzip, deflate
      User-Agent:
      - gooddata-gem/2.1.3/x86_64-darwin18/2.4.5
      Content-Type:
      - application/json
      X-Gdc-Authtt:
      - "<X_GDC_AUTHTT>"
      X-Gdc-Request:
      - ":mqq9aj74KN01b_JNGLlprw:bZjnsFqD3f-SElwujN--DQ"
      Stats-On:
      - ''
      Content-Length:
      - '5373'
      Host:
      - staging2-lcm-prod.intgdc.com
  response:
    status:
      code: 202
      message: Accepted
    headers:
      Location:
      - "/gdc/projects/yh4nq8fhp6fvw8vch2eb259dj7fy3q9x/model/diff/742b2d28ade4571dac70556d278f1a60e797d03464a7898f00000018"
      X-Gdc-Log-Header:
      - ''
      Content-Type:
      - application/json;charset=UTF-8
      Date:
      - Thu, 18 Apr 2019 12:46:34 GMT
      Server:
      - GoodData WebApp
      X-Gdc-Request:
      - ":mqq9aj74KN01b_JNGLlprw:bZjnsFqD3f-SElwujN--DQ:NIc9oxehhqLmIwCv"
      Vary:
      - origin
      Cache-Control:
      - no-cache, no-store, must-revalidate
      X-Gdc-Request-Time:
      - '157'
      Transfer-Encoding:
      - chunked
      Strict-Transport-Security:
      - max-age=10886400; includeSubDomains; preload;
    body:
      encoding: ASCII-8BIT
      string: '{"asyncTask":{"link":{"poll":"/gdc/projects/yh4nq8fhp6fvw8vch2eb259dj7fy3q9x/model/diff/742b2d28ade4571dac70556d278f1a60e797d03464a7898f00000018"}}}'
    http_version: 
  recorded_at: Thu, 18 Apr 2019 12:46:34 GMT
- request:
    method: get
    uri: https://staging2-lcm-prod.intgdc.com/gdc/projects/yh4nq8fhp6fvw8vch2eb259dj7fy3q9x/model/diff/742b2d28ade4571dac70556d278f1a60e797d03464a7898f00000018
    body:
      encoding: US-ASCII
      string: ''
    headers:
      Accept:
      - application/json, application/zip
      Accept-Encoding:
      - gzip, deflate
      User-Agent:
      - gooddata-gem/2.1.3/x86_64-darwin18/2.4.5
      Content-Type:
      - application/json
      X-Gdc-Authtt:
      - "<X_GDC_AUTHTT>"
      X-Gdc-Request:
      - ":mqq9aj74KN01b_JNGLlprw:QWTlT4iHzPVQRXTZNkq7lQ"
      Process:
      - 'false'
      Stats-On:
      - ''
      Host:
      - staging2-lcm-prod.intgdc.com
  response:
    status:
      code: 202
      message: Accepted
    headers:
      Location:
      - "/gdc/projects/yh4nq8fhp6fvw8vch2eb259dj7fy3q9x/model/diff/742b2d28ade4571dac70556d278f1a60e797d03464a7898f00000018"
      X-Gdc-Log-Header:
      - ''
      Content-Type:
      - application/json;charset=UTF-8
      Date:
      - Thu, 18 Apr 2019 12:46:34 GMT
      Server:
      - GoodData WebApp
      X-Gdc-Request:
      - ":mqq9aj74KN01b_JNGLlprw:QWTlT4iHzPVQRXTZNkq7lQ:2RKciY61BGvjM8TG"
      Vary:
      - origin
      Cache-Control:
      - no-cache, no-store, must-revalidate
      X-Gdc-Request-Time:
      - '10'
      Transfer-Encoding:
      - chunked
      Strict-Transport-Security:
      - max-age=10886400; includeSubDomains; preload;
    body:
      encoding: ASCII-8BIT
      string: '{"asyncTask":{"link":{"poll":"/gdc/projects/yh4nq8fhp6fvw8vch2eb259dj7fy3q9x/model/diff/742b2d28ade4571dac70556d278f1a60e797d03464a7898f00000018"}}}'
    http_version: 
  recorded_at: Thu, 18 Apr 2019 12:46:34 GMT
- request:
    method: get
    uri: https://staging2-lcm-prod.intgdc.com/gdc/projects/yh4nq8fhp6fvw8vch2eb259dj7fy3q9x/model/diff/742b2d28ade4571dac70556d278f1a60e797d03464a7898f00000018
    body:
      encoding: US-ASCII
      string: ''
    headers:
      Accept:
      - application/json, application/zip
      Accept-Encoding:
      - gzip, deflate
      User-Agent:
      - gooddata-gem/2.1.3/x86_64-darwin18/2.4.5
      Content-Type:
      - application/json
      X-Gdc-Authtt:
      - "<X_GDC_AUTHTT>"
      X-Gdc-Request:
      - ":mqq9aj74KN01b_JNGLlprw:nTZi32pYFKXmGY_O1-FoJg"
      Process:
      - 'false'
      Stats-On:
      - ''
      Host:
      - staging2-lcm-prod.intgdc.com
  response:
    status:
      code: 200
      message: OK
    headers:
      X-Gdc-Log-Header:
      - ''
      Content-Type:
      - application/json;charset=UTF-8
      Date:
      - Thu, 18 Apr 2019 12:46:36 GMT
      Server:
      - GoodData WebApp
      X-Gdc-Request:
      - ":mqq9aj74KN01b_JNGLlprw:nTZi32pYFKXmGY_O1-FoJg:gmKpjzcfpIXdkod1"
      Vary:
      - origin
      Cache-Control:
      - no-cache, no-store, must-revalidate
      X-Gdc-Request-Time:
      - '17'
      Transfer-Encoding:
      - chunked
      Strict-Transport-Security:
      - max-age=10886400; includeSubDomains; preload;
    body:
      encoding: ASCII-8BIT
      string: '{"projectModelDiff":{"updateOperations":[],"updateScripts":[]}}'
    http_version: 
  recorded_at: Thu, 18 Apr 2019 12:46:36 GMT
- request:
    method: get
    uri: https://staging2-lcm-prod.intgdc.com/gdc/projects/yh4nq8fhp6fvw8vch2eb259dj7fy3q9x/model/diff/742b2d28ade4571dac70556d278f1a60e797d03464a7898f00000018
    body:
      encoding: US-ASCII
      string: ''
    headers:
      Accept:
      - application/json, application/zip
      Accept-Encoding:
      - gzip, deflate
      User-Agent:
      - gooddata-gem/2.1.3/x86_64-darwin18/2.4.5
      Content-Type:
      - application/json
      X-Gdc-Authtt:
      - "<X_GDC_AUTHTT>"
      X-Gdc-Request:
      - ":mqq9aj74KN01b_JNGLlprw:ITV2BprEOfizT5iq4Vc51A"
      Stats-On:
      - ''
      Host:
      - staging2-lcm-prod.intgdc.com
  response:
    status:
      code: 200
      message: OK
    headers:
      X-Gdc-Log-Header:
      - ''
      Content-Type:
      - application/json;charset=UTF-8
      Date:
      - Thu, 18 Apr 2019 12:46:36 GMT
      Server:
      - GoodData WebApp
      X-Gdc-Request:
      - ":mqq9aj74KN01b_JNGLlprw:ITV2BprEOfizT5iq4Vc51A:vfkQ8DerT4FgnyKA"
      Vary:
      - origin
      Cache-Control:
      - no-cache, no-store, must-revalidate
      X-Gdc-Request-Time:
      - '19'
      Transfer-Encoding:
      - chunked
      Strict-Transport-Security:
      - max-age=10886400; includeSubDomains; preload;
    body:
      encoding: ASCII-8BIT
      string: '{"projectModelDiff":{"updateOperations":[],"updateScripts":[]}}'
    http_version: 
  recorded_at: Thu, 18 Apr 2019 12:46:36 GMT
- request:
    method: get
    uri: https://staging2-lcm-prod.intgdc.com/gdc/projects/jkxr5qwqvzd4wleqh24ln9899xgkj1n8/model/view?includeCA=true&includeDeprecated=true&includeGrain=true
    body:
      encoding: US-ASCII
      string: ''
    headers:
      Accept:
      - application/json, application/zip
      Accept-Encoding:
      - gzip, deflate
      User-Agent:
      - gooddata-gem/2.1.3/x86_64-darwin18/2.4.5
      Content-Type:
      - application/json
      X-Gdc-Authtt:
      - "<X_GDC_AUTHTT>"
      X-Gdc-Request:
      - ":mqq9aj74KN01b_JNGLlprw:53pJBZ0YJdO46uEWGqHgVQ"
      Stats-On:
      - ''
      Host:
      - staging2-lcm-prod.intgdc.com
  response:
    status:
      code: 202
      message: Accepted
    headers:
      Location:
      - "/gdc/projects/jkxr5qwqvzd4wleqh24ln9899xgkj1n8/model/view/f773216ca1866df406d5d806958c67ce6db8148bccdca7ae00000018"
      X-Gdc-Log-Header:
      - ''
      Content-Type:
      - application/json;charset=UTF-8
      Date:
      - Thu, 18 Apr 2019 12:46:37 GMT
      Server:
      - GoodData WebApp
      X-Gdc-Request:
      - ":mqq9aj74KN01b_JNGLlprw:53pJBZ0YJdO46uEWGqHgVQ:ebiJASmfhcpqKCDW"
      Vary:
      - origin
      Cache-Control:
      - no-cache, no-store, must-revalidate
      X-Gdc-Request-Time:
      - '13'
      Transfer-Encoding:
      - chunked
      Strict-Transport-Security:
      - max-age=10886400; includeSubDomains; preload;
    body:
      encoding: ASCII-8BIT
      string: '{"asyncTask":{"link":{"poll":"/gdc/projects/jkxr5qwqvzd4wleqh24ln9899xgkj1n8/model/view/f773216ca1866df406d5d806958c67ce6db8148bccdca7ae00000018"}}}'
    http_version: 
  recorded_at: Thu, 18 Apr 2019 12:46:37 GMT
- request:
    method: get
    uri: https://staging2-lcm-prod.intgdc.com/gdc/projects/jkxr5qwqvzd4wleqh24ln9899xgkj1n8/model/view/f773216ca1866df406d5d806958c67ce6db8148bccdca7ae00000018
    body:
      encoding: US-ASCII
      string: ''
    headers:
      Accept:
      - application/json, application/zip
      Accept-Encoding:
      - gzip, deflate
      User-Agent:
      - gooddata-gem/2.1.3/x86_64-darwin18/2.4.5
      Content-Type:
      - application/json
      X-Gdc-Authtt:
      - "<X_GDC_AUTHTT>"
      X-Gdc-Request:
      - ":mqq9aj74KN01b_JNGLlprw:Sd4PgWtOMnrpZb8SUBfPMg"
      Process:
      - 'false'
      Stats-On:
      - ''
      Host:
      - staging2-lcm-prod.intgdc.com
  response:
    status:
      code: 202
      message: Accepted
    headers:
      Location:
      - "/gdc/projects/jkxr5qwqvzd4wleqh24ln9899xgkj1n8/model/view/f773216ca1866df406d5d806958c67ce6db8148bccdca7ae00000018"
      X-Gdc-Log-Header:
      - ''
      Content-Type:
      - application/json;charset=UTF-8
      Date:
      - Thu, 18 Apr 2019 12:46:37 GMT
      Server:
      - GoodData WebApp
      X-Gdc-Request:
      - ":mqq9aj74KN01b_JNGLlprw:Sd4PgWtOMnrpZb8SUBfPMg:OSHdH6yy0klYQKBI"
      Vary:
      - origin
      Cache-Control:
      - no-cache, no-store, must-revalidate
      X-Gdc-Request-Time:
      - '11'
      Transfer-Encoding:
      - chunked
      Strict-Transport-Security:
      - max-age=10886400; includeSubDomains; preload;
    body:
      encoding: ASCII-8BIT
      string: '{"asyncTask":{"link":{"poll":"/gdc/projects/jkxr5qwqvzd4wleqh24ln9899xgkj1n8/model/view/f773216ca1866df406d5d806958c67ce6db8148bccdca7ae00000018"}}}'
    http_version: 
  recorded_at: Thu, 18 Apr 2019 12:46:38 GMT
- request:
    method: get
    uri: https://staging2-lcm-prod.intgdc.com/gdc/projects/jkxr5qwqvzd4wleqh24ln9899xgkj1n8/model/view/f773216ca1866df406d5d806958c67ce6db8148bccdca7ae00000018
    body:
      encoding: US-ASCII
      string: ''
    headers:
      Accept:
      - application/json, application/zip
      Accept-Encoding:
      - gzip, deflate
      User-Agent:
      - gooddata-gem/2.1.3/x86_64-darwin18/2.4.5
      Content-Type:
      - application/json
      X-Gdc-Authtt:
      - "<X_GDC_AUTHTT>"
      X-Gdc-Request:
      - ":mqq9aj74KN01b_JNGLlprw:SR2efd0YeIxCi7E6mjvXdA"
      Process:
      - 'false'
      Stats-On:
      - ''
      Host:
      - staging2-lcm-prod.intgdc.com
  response:
    status:
      code: 200
      message: OK
    headers:
      X-Gdc-Log-Header:
      - ''
      Content-Type:
      - application/json;charset=UTF-8
      Transfer-Encoding:
      - chunked
      Vary:
      - Accept-Encoding
      - origin
      Date:
      - Thu, 18 Apr 2019 12:46:39 GMT
      Server:
      - GoodData WebApp
      X-Gdc-Request:
      - ":mqq9aj74KN01b_JNGLlprw:SR2efd0YeIxCi7E6mjvXdA:KbV9rbEkkuXtuKCQ"
      Cache-Control:
      - no-cache, no-store, must-revalidate
      X-Gdc-Request-Time:
      - '33'
      Strict-Transport-Security:
      - max-age=10886400; includeSubDomains; preload;
    body:
      encoding: ASCII-8BIT
      string: '{"projectModelView":{"model":{"projectModel":{"modelMetadata":{"containCA":true},"datasets":[{"dataset":{"identifier":"dataset.csv_policies","title":"Policies","anchor":{"attribute":{"identifier":"attr.csv_policies.factsof","title":"Records
        of Policies","folder":"Policies"}},"attributes":[{"attribute":{"identifier":"attr.csv_policies.customer","title":"Customer","folder":"Policies","labels":[{"label":{"identifier":"label.csv_policies.customer","title":"Customer","type":"GDC.text","dataType":"VARCHAR(255)"}}],"defaultLabel":"label.csv_policies.customer"}},{"attribute":{"identifier":"attr.csv_policies.state","title":"State","folder":"Policies","labels":[{"label":{"identifier":"label.csv_policies.state","title":"State","type":"GDC.text","dataType":"VARCHAR(255)"}}],"defaultLabel":"label.csv_policies.state"}},{"attribute":{"identifier":"attr.csv_policies.coverage","title":"Coverage","folder":"Policies","labels":[{"label":{"identifier":"label.csv_policies.coverage","title":"Coverage","type":"GDC.text","dataType":"VARCHAR(255)"}}],"defaultLabel":"label.csv_policies.coverage"}},{"attribute":{"identifier":"attr.csv_policies.education","title":"Education","folder":"Policies","labels":[{"label":{"identifier":"label.csv_policies.education","title":"Education","type":"GDC.text","dataType":"VARCHAR(255)"}}],"defaultLabel":"label.csv_policies.education"}},{"attribute":{"identifier":"attr.csv_policies.employmentstatus","title":"Employmentstatus","folder":"Policies","labels":[{"label":{"identifier":"label.csv_policies.employmentstatus","title":"Employmentstatus","type":"GDC.text","dataType":"VARCHAR(255)"}}],"defaultLabel":"label.csv_policies.employmentstatus"}},{"attribute":{"identifier":"attr.csv_policies.gender","title":"Gender","folder":"Policies","labels":[{"label":{"identifier":"label.csv_policies.gender","title":"Gender","type":"GDC.text","dataType":"VARCHAR(255)"}}],"defaultLabel":"label.csv_policies.gender"}},{"attribute":{"identifier":"attr.csv_policies.marital_status","title":"Marital
        Status","folder":"Policies","labels":[{"label":{"identifier":"label.csv_policies.marital_status","title":"Marital
        Status","type":"GDC.text","dataType":"VARCHAR(255)"}}],"defaultLabel":"label.csv_policies.marital_status"}},{"attribute":{"identifier":"attr.csv_policies.policy_type","title":"Policy
        Type","folder":"Policies","labels":[{"label":{"identifier":"label.csv_policies.policy_type","title":"Policy
        Type","type":"GDC.text","dataType":"VARCHAR(255)"}}],"defaultLabel":"label.csv_policies.policy_type"}},{"attribute":{"identifier":"attr.csv_policies.renew_offer_type","title":"Renew
        Offer Type","folder":"Policies","labels":[{"label":{"identifier":"label.csv_policies.renew_offer_type","title":"Renew
        Offer Type","type":"GDC.text","dataType":"VARCHAR(255)"}}],"defaultLabel":"label.csv_policies.renew_offer_type"}},{"attribute":{"identifier":"attr.csv_policies.sales_channel","title":"Sales
        Channel","folder":"Policies","labels":[{"label":{"identifier":"label.csv_policies.sales_channel","title":"Sales
        Channel","type":"GDC.text","dataType":"VARCHAR(255)"}}],"defaultLabel":"label.csv_policies.sales_channel"}},{"attribute":{"identifier":"attr.csv_policies.vehicle_class","title":"Vehicle
        Class","folder":"Policies","labels":[{"label":{"identifier":"label.csv_policies.vehicle_class","title":"Vehicle
        Class","type":"GDC.text","dataType":"VARCHAR(255)"}}],"defaultLabel":"label.csv_policies.vehicle_class"}},{"attribute":{"identifier":"attr.csv_policies.vehicle_size","title":"Vehicle
        Size","folder":"Policies","labels":[{"label":{"identifier":"label.csv_policies.vehicle_size","title":"Vehicle
        Size","type":"GDC.text","dataType":"VARCHAR(255)"}}],"defaultLabel":"label.csv_policies.vehicle_size"}}],"facts":[{"fact":{"identifier":"fact.csv_policies.customer_lifetime_value","title":"Customer
        Lifetime Value","folder":"Policies","dataType":"DECIMAL(15,6)","restricted":false}},{"fact":{"identifier":"fact.csv_policies.income","title":"Income","folder":"Policies","dataType":"DECIMAL(15,6)","restricted":false}},{"fact":{"identifier":"fact.csv_policies.monthly_premium_auto","title":"Monthly
        Premium Auto","folder":"Policies","dataType":"DECIMAL(15,6)","restricted":false}},{"fact":{"identifier":"fact.csv_policies.total_claim_amount","title":"Total
        Claim Amount","folder":"Policies","dataType":"DECIMAL(15,6)","restricted":false}}],"references":["effective_to_date"],"production":true}},{"dataset":{"identifier":"dataset.comp.my_computed_attr","title":"My
        computed attribute","anchor":{"attribute":{"identifier":"attr.comp.my_computed_attr","title":"My
        computed attribute","folder":"My computed attribute","labels":[{"label":{"identifier":"label.comp.my_computed_attr","title":"Label.Comp.My
        Computed Attr","type":"GDC.text","dataType":"VARCHAR(128)"}}],"defaultLabel":"label.comp.my_computed_attr","relations":["to
        {attr.csv_policies.state} as case when {metric.customers.count} <= 1000 then
        {attr.comp.my_computed_attr?\"Small\"}, when {metric.customers.count} <= 2000
        then {attr.comp.my_computed_attr?\"Medium\"}, when {metric.customers.count}
        > 2000 then {attr.comp.my_computed_attr?\"Large\"} else {attr.comp.my_computed_attr?\"\"}
        end"]}},"production":true}}],"dateDimensions":[{"dateDimension":{"name":"effective_to_date","title":"Effective
        To Date","production":true,"urn":"urn:gooddata:date","identifier":"effective_to_date.dataset.dt","identifierPrefix":"effective_to_date","bridges":[]}}]}}}}'
    http_version: 
  recorded_at: Thu, 18 Apr 2019 12:46:39 GMT
- request:
    method: get
    uri: https://staging2-lcm-prod.intgdc.com/gdc/projects/jkxr5qwqvzd4wleqh24ln9899xgkj1n8/model/view/f773216ca1866df406d5d806958c67ce6db8148bccdca7ae00000018
    body:
      encoding: US-ASCII
      string: ''
    headers:
      Accept:
      - application/json, application/zip
      Accept-Encoding:
      - gzip, deflate
      User-Agent:
      - gooddata-gem/2.1.3/x86_64-darwin18/2.4.5
      Content-Type:
      - application/json
      X-Gdc-Authtt:
      - "<X_GDC_AUTHTT>"
      X-Gdc-Request:
      - ":mqq9aj74KN01b_JNGLlprw:0UWB6gpcBraE4cOiSsmUOw"
      Stats-On:
      - ''
      Host:
      - staging2-lcm-prod.intgdc.com
  response:
    status:
      code: 200
      message: OK
    headers:
      X-Gdc-Log-Header:
      - ''
      Content-Type:
      - application/json;charset=UTF-8
      Transfer-Encoding:
      - chunked
      Vary:
      - Accept-Encoding
      - origin
      Date:
      - Thu, 18 Apr 2019 12:46:39 GMT
      Server:
      - GoodData WebApp
      X-Gdc-Request:
      - ":mqq9aj74KN01b_JNGLlprw:0UWB6gpcBraE4cOiSsmUOw:HCbqxRI8nCzcYM53"
      Cache-Control:
      - no-cache, no-store, must-revalidate
      X-Gdc-Request-Time:
      - '15'
      Strict-Transport-Security:
      - max-age=10886400; includeSubDomains; preload;
    body:
      encoding: ASCII-8BIT
      string: '{"projectModelView":{"model":{"projectModel":{"modelMetadata":{"containCA":true},"datasets":[{"dataset":{"identifier":"dataset.csv_policies","title":"Policies","anchor":{"attribute":{"identifier":"attr.csv_policies.factsof","title":"Records
        of Policies","folder":"Policies"}},"attributes":[{"attribute":{"identifier":"attr.csv_policies.customer","title":"Customer","folder":"Policies","labels":[{"label":{"identifier":"label.csv_policies.customer","title":"Customer","type":"GDC.text","dataType":"VARCHAR(255)"}}],"defaultLabel":"label.csv_policies.customer"}},{"attribute":{"identifier":"attr.csv_policies.state","title":"State","folder":"Policies","labels":[{"label":{"identifier":"label.csv_policies.state","title":"State","type":"GDC.text","dataType":"VARCHAR(255)"}}],"defaultLabel":"label.csv_policies.state"}},{"attribute":{"identifier":"attr.csv_policies.coverage","title":"Coverage","folder":"Policies","labels":[{"label":{"identifier":"label.csv_policies.coverage","title":"Coverage","type":"GDC.text","dataType":"VARCHAR(255)"}}],"defaultLabel":"label.csv_policies.coverage"}},{"attribute":{"identifier":"attr.csv_policies.education","title":"Education","folder":"Policies","labels":[{"label":{"identifier":"label.csv_policies.education","title":"Education","type":"GDC.text","dataType":"VARCHAR(255)"}}],"defaultLabel":"label.csv_policies.education"}},{"attribute":{"identifier":"attr.csv_policies.employmentstatus","title":"Employmentstatus","folder":"Policies","labels":[{"label":{"identifier":"label.csv_policies.employmentstatus","title":"Employmentstatus","type":"GDC.text","dataType":"VARCHAR(255)"}}],"defaultLabel":"label.csv_policies.employmentstatus"}},{"attribute":{"identifier":"attr.csv_policies.gender","title":"Gender","folder":"Policies","labels":[{"label":{"identifier":"label.csv_policies.gender","title":"Gender","type":"GDC.text","dataType":"VARCHAR(255)"}}],"defaultLabel":"label.csv_policies.gender"}},{"attribute":{"identifier":"attr.csv_policies.marital_status","title":"Marital
        Status","folder":"Policies","labels":[{"label":{"identifier":"label.csv_policies.marital_status","title":"Marital
        Status","type":"GDC.text","dataType":"VARCHAR(255)"}}],"defaultLabel":"label.csv_policies.marital_status"}},{"attribute":{"identifier":"attr.csv_policies.policy_type","title":"Policy
        Type","folder":"Policies","labels":[{"label":{"identifier":"label.csv_policies.policy_type","title":"Policy
        Type","type":"GDC.text","dataType":"VARCHAR(255)"}}],"defaultLabel":"label.csv_policies.policy_type"}},{"attribute":{"identifier":"attr.csv_policies.renew_offer_type","title":"Renew
        Offer Type","folder":"Policies","labels":[{"label":{"identifier":"label.csv_policies.renew_offer_type","title":"Renew
        Offer Type","type":"GDC.text","dataType":"VARCHAR(255)"}}],"defaultLabel":"label.csv_policies.renew_offer_type"}},{"attribute":{"identifier":"attr.csv_policies.sales_channel","title":"Sales
        Channel","folder":"Policies","labels":[{"label":{"identifier":"label.csv_policies.sales_channel","title":"Sales
        Channel","type":"GDC.text","dataType":"VARCHAR(255)"}}],"defaultLabel":"label.csv_policies.sales_channel"}},{"attribute":{"identifier":"attr.csv_policies.vehicle_class","title":"Vehicle
        Class","folder":"Policies","labels":[{"label":{"identifier":"label.csv_policies.vehicle_class","title":"Vehicle
        Class","type":"GDC.text","dataType":"VARCHAR(255)"}}],"defaultLabel":"label.csv_policies.vehicle_class"}},{"attribute":{"identifier":"attr.csv_policies.vehicle_size","title":"Vehicle
        Size","folder":"Policies","labels":[{"label":{"identifier":"label.csv_policies.vehicle_size","title":"Vehicle
        Size","type":"GDC.text","dataType":"VARCHAR(255)"}}],"defaultLabel":"label.csv_policies.vehicle_size"}}],"facts":[{"fact":{"identifier":"fact.csv_policies.customer_lifetime_value","title":"Customer
        Lifetime Value","folder":"Policies","dataType":"DECIMAL(15,6)","restricted":false}},{"fact":{"identifier":"fact.csv_policies.income","title":"Income","folder":"Policies","dataType":"DECIMAL(15,6)","restricted":false}},{"fact":{"identifier":"fact.csv_policies.monthly_premium_auto","title":"Monthly
        Premium Auto","folder":"Policies","dataType":"DECIMAL(15,6)","restricted":false}},{"fact":{"identifier":"fact.csv_policies.total_claim_amount","title":"Total
        Claim Amount","folder":"Policies","dataType":"DECIMAL(15,6)","restricted":false}}],"references":["effective_to_date"],"production":true}},{"dataset":{"identifier":"dataset.comp.my_computed_attr","title":"My
        computed attribute","anchor":{"attribute":{"identifier":"attr.comp.my_computed_attr","title":"My
        computed attribute","folder":"My computed attribute","labels":[{"label":{"identifier":"label.comp.my_computed_attr","title":"Label.Comp.My
        Computed Attr","type":"GDC.text","dataType":"VARCHAR(128)"}}],"defaultLabel":"label.comp.my_computed_attr","relations":["to
        {attr.csv_policies.state} as case when {metric.customers.count} <= 1000 then
        {attr.comp.my_computed_attr?\"Small\"}, when {metric.customers.count} <= 2000
        then {attr.comp.my_computed_attr?\"Medium\"}, when {metric.customers.count}
        > 2000 then {attr.comp.my_computed_attr?\"Large\"} else {attr.comp.my_computed_attr?\"\"}
        end"]}},"production":true}}],"dateDimensions":[{"dateDimension":{"name":"effective_to_date","title":"Effective
        To Date","production":true,"urn":"urn:gooddata:date","identifier":"effective_to_date.dataset.dt","identifierPrefix":"effective_to_date","bridges":[]}}]}}}}'
    http_version: 
  recorded_at: Thu, 18 Apr 2019 12:46:40 GMT
- request:
    method: post
    uri: https://staging2-lcm-prod.intgdc.com/gdc/projects/ifu9pf5wu697rww6y7zld524mvkm7zy4/model/diff?includeCA=true&includeGrain=true
    body:
      encoding: UTF-8
      string: '{"diffRequest":{"targetModel":{"projectModel":{"modelMetadata":{"containCA":true},"datasets":[{"dataset":{"identifier":"dataset.csv_policies","title":"Policies","anchor":{"attribute":{"identifier":"attr.csv_policies.factsof","title":"Records
        of Policies","folder":"Policies"}},"attributes":[{"attribute":{"identifier":"attr.csv_policies.customer","title":"Customer","folder":"Policies","labels":[{"label":{"identifier":"label.csv_policies.customer","title":"Customer","type":"GDC.text","dataType":"VARCHAR(255)"}}],"defaultLabel":"label.csv_policies.customer"}},{"attribute":{"identifier":"attr.csv_policies.state","title":"State","folder":"Policies","labels":[{"label":{"identifier":"label.csv_policies.state","title":"State","type":"GDC.text","dataType":"VARCHAR(255)"}}],"defaultLabel":"label.csv_policies.state"}},{"attribute":{"identifier":"attr.csv_policies.coverage","title":"Coverage","folder":"Policies","labels":[{"label":{"identifier":"label.csv_policies.coverage","title":"Coverage","type":"GDC.text","dataType":"VARCHAR(255)"}}],"defaultLabel":"label.csv_policies.coverage"}},{"attribute":{"identifier":"attr.csv_policies.education","title":"Education","folder":"Policies","labels":[{"label":{"identifier":"label.csv_policies.education","title":"Education","type":"GDC.text","dataType":"VARCHAR(255)"}}],"defaultLabel":"label.csv_policies.education"}},{"attribute":{"identifier":"attr.csv_policies.employmentstatus","title":"Employmentstatus","folder":"Policies","labels":[{"label":{"identifier":"label.csv_policies.employmentstatus","title":"Employmentstatus","type":"GDC.text","dataType":"VARCHAR(255)"}}],"defaultLabel":"label.csv_policies.employmentstatus"}},{"attribute":{"identifier":"attr.csv_policies.gender","title":"Gender","folder":"Policies","labels":[{"label":{"identifier":"label.csv_policies.gender","title":"Gender","type":"GDC.text","dataType":"VARCHAR(255)"}}],"defaultLabel":"label.csv_policies.gender"}},{"attribute":{"identifier":"attr.csv_policies.marital_status","title":"Marital
        Status","folder":"Policies","labels":[{"label":{"identifier":"label.csv_policies.marital_status","title":"Marital
        Status","type":"GDC.text","dataType":"VARCHAR(255)"}}],"defaultLabel":"label.csv_policies.marital_status"}},{"attribute":{"identifier":"attr.csv_policies.policy_type","title":"Policy
        Type","folder":"Policies","labels":[{"label":{"identifier":"label.csv_policies.policy_type","title":"Policy
        Type","type":"GDC.text","dataType":"VARCHAR(255)"}}],"defaultLabel":"label.csv_policies.policy_type"}},{"attribute":{"identifier":"attr.csv_policies.renew_offer_type","title":"Renew
        Offer Type","folder":"Policies","labels":[{"label":{"identifier":"label.csv_policies.renew_offer_type","title":"Renew
        Offer Type","type":"GDC.text","dataType":"VARCHAR(255)"}}],"defaultLabel":"label.csv_policies.renew_offer_type"}},{"attribute":{"identifier":"attr.csv_policies.sales_channel","title":"Sales
        Channel","folder":"Policies","labels":[{"label":{"identifier":"label.csv_policies.sales_channel","title":"Sales
        Channel","type":"GDC.text","dataType":"VARCHAR(255)"}}],"defaultLabel":"label.csv_policies.sales_channel"}},{"attribute":{"identifier":"attr.csv_policies.vehicle_class","title":"Vehicle
        Class","folder":"Policies","labels":[{"label":{"identifier":"label.csv_policies.vehicle_class","title":"Vehicle
        Class","type":"GDC.text","dataType":"VARCHAR(255)"}}],"defaultLabel":"label.csv_policies.vehicle_class"}},{"attribute":{"identifier":"attr.csv_policies.vehicle_size","title":"Vehicle
        Size","folder":"Policies","labels":[{"label":{"identifier":"label.csv_policies.vehicle_size","title":"Vehicle
        Size","type":"GDC.text","dataType":"VARCHAR(255)"}}],"defaultLabel":"label.csv_policies.vehicle_size"}}],"facts":[{"fact":{"identifier":"fact.csv_policies.customer_lifetime_value","title":"Customer
        Lifetime Value","folder":"Policies","dataType":"DECIMAL(15,6)","type":"fact"}},{"fact":{"identifier":"fact.csv_policies.income","title":"Income","folder":"Policies","dataType":"DECIMAL(15,6)","type":"fact"}},{"fact":{"identifier":"fact.csv_policies.monthly_premium_auto","title":"Monthly
        Premium Auto","folder":"Policies","dataType":"DECIMAL(15,6)","type":"fact"}},{"fact":{"identifier":"fact.csv_policies.total_claim_amount","title":"Total
        Claim Amount","folder":"Policies","dataType":"DECIMAL(15,6)","type":"fact"}}],"references":["effective_to_date"],"bridges":[]}},{"dataset":{"identifier":"dataset.comp.my_computed_attr","title":"My
        computed attribute","anchor":{"attribute":{"identifier":"attr.comp.my_computed_attr","title":"My
        computed attribute","folder":"My computed attribute","labels":[{"label":{"identifier":"label.comp.my_computed_attr","title":"Label.Comp.My
        Computed Attr","type":"GDC.text","dataType":"VARCHAR(128)"}}],"relations":["to
        {attr.csv_policies.state} as case when {metric.customers.count} <= 1000 then
        {attr.comp.my_computed_attr?\"Small\"}, when {metric.customers.count} <= 2000
        then {attr.comp.my_computed_attr?\"Medium\"}, when {metric.customers.count}
        > 2000 then {attr.comp.my_computed_attr?\"Large\"} else {attr.comp.my_computed_attr?\"\"}
        end"],"defaultLabel":"label.comp.my_computed_attr"}},"attributes":[],"facts":[],"references":[],"bridges":[]}}],"dateDimensions":[{"dateDimension":{"name":"effective_to_date","urn":"urn:gooddata:date","title":"Effective
        To Date","identifierPrefix":"effective_to_date","bridges":[]}}]}}}}'
    headers:
      Accept:
      - application/json, application/zip
      Accept-Encoding:
      - gzip, deflate
      User-Agent:
      - gooddata-gem/2.1.3/x86_64-darwin18/2.4.5
      Content-Type:
      - application/json
      X-Gdc-Authtt:
      - "<X_GDC_AUTHTT>"
      X-Gdc-Request:
      - ":mqq9aj74KN01b_JNGLlprw:cnTJOHbyNcSyoS350EbeIw"
      Stats-On:
      - ''
      Content-Length:
      - '5373'
      Host:
      - staging2-lcm-prod.intgdc.com
  response:
    status:
      code: 202
      message: Accepted
    headers:
      Location:
      - "/gdc/projects/ifu9pf5wu697rww6y7zld524mvkm7zy4/model/diff/461f1cf64ffbeec6f0f15176e8e90779fdeb1f0b6955c7e600000018"
      X-Gdc-Log-Header:
      - ''
      Content-Type:
      - application/json;charset=UTF-8
      Date:
      - Thu, 18 Apr 2019 12:46:41 GMT
      Server:
      - GoodData WebApp
      X-Gdc-Request:
      - ":mqq9aj74KN01b_JNGLlprw:cnTJOHbyNcSyoS350EbeIw:2gc4I2ETXAtPsxkL"
      Vary:
      - origin
      Cache-Control:
      - no-cache, no-store, must-revalidate
      X-Gdc-Request-Time:
      - '150'
      Transfer-Encoding:
      - chunked
      Strict-Transport-Security:
      - max-age=10886400; includeSubDomains; preload;
    body:
      encoding: ASCII-8BIT
      string: '{"asyncTask":{"link":{"poll":"/gdc/projects/ifu9pf5wu697rww6y7zld524mvkm7zy4/model/diff/461f1cf64ffbeec6f0f15176e8e90779fdeb1f0b6955c7e600000018"}}}'
    http_version: 
  recorded_at: Thu, 18 Apr 2019 12:46:41 GMT
- request:
    method: get
    uri: https://staging2-lcm-prod.intgdc.com/gdc/projects/ifu9pf5wu697rww6y7zld524mvkm7zy4/model/diff/461f1cf64ffbeec6f0f15176e8e90779fdeb1f0b6955c7e600000018
    body:
      encoding: US-ASCII
      string: ''
    headers:
      Accept:
      - application/json, application/zip
      Accept-Encoding:
      - gzip, deflate
      User-Agent:
      - gooddata-gem/2.1.3/x86_64-darwin18/2.4.5
      Content-Type:
      - application/json
      X-Gdc-Authtt:
      - "<X_GDC_AUTHTT>"
      X-Gdc-Request:
      - ":mqq9aj74KN01b_JNGLlprw:YYD3Pya-4SuaEw_owJTXYQ"
      Process:
      - 'false'
      Stats-On:
      - ''
      Host:
      - staging2-lcm-prod.intgdc.com
  response:
    status:
      code: 202
      message: Accepted
    headers:
      Location:
      - "/gdc/projects/ifu9pf5wu697rww6y7zld524mvkm7zy4/model/diff/461f1cf64ffbeec6f0f15176e8e90779fdeb1f0b6955c7e600000018"
      X-Gdc-Log-Header:
      - ''
      Content-Type:
      - application/json;charset=UTF-8
      Date:
      - Thu, 18 Apr 2019 12:46:41 GMT
      Server:
      - GoodData WebApp
      X-Gdc-Request:
      - ":mqq9aj74KN01b_JNGLlprw:YYD3Pya-4SuaEw_owJTXYQ:MxZXAqiwqTlfH2xU"
      Vary:
      - origin
      Cache-Control:
      - no-cache, no-store, must-revalidate
      X-Gdc-Request-Time:
      - '11'
      Transfer-Encoding:
      - chunked
      Strict-Transport-Security:
      - max-age=10886400; includeSubDomains; preload;
    body:
      encoding: ASCII-8BIT
      string: '{"asyncTask":{"link":{"poll":"/gdc/projects/ifu9pf5wu697rww6y7zld524mvkm7zy4/model/diff/461f1cf64ffbeec6f0f15176e8e90779fdeb1f0b6955c7e600000018"}}}'
    http_version: 
  recorded_at: Thu, 18 Apr 2019 12:46:41 GMT
- request:
    method: get
    uri: https://staging2-lcm-prod.intgdc.com/gdc/projects/ifu9pf5wu697rww6y7zld524mvkm7zy4/model/diff/461f1cf64ffbeec6f0f15176e8e90779fdeb1f0b6955c7e600000018
    body:
      encoding: US-ASCII
      string: ''
    headers:
      Accept:
      - application/json, application/zip
      Accept-Encoding:
      - gzip, deflate
      User-Agent:
      - gooddata-gem/2.1.3/x86_64-darwin18/2.4.5
      Content-Type:
      - application/json
      X-Gdc-Authtt:
      - "<X_GDC_AUTHTT>"
      X-Gdc-Request:
      - ":mqq9aj74KN01b_JNGLlprw:F9WG9r1Jm5aq4QZo3xgpFA"
      Process:
      - 'false'
      Stats-On:
      - ''
      Host:
      - staging2-lcm-prod.intgdc.com
  response:
    status:
      code: 200
      message: OK
    headers:
      X-Gdc-Log-Header:
      - ''
      Content-Type:
      - application/json;charset=UTF-8
      Date:
      - Thu, 18 Apr 2019 12:46:42 GMT
      Server:
      - GoodData WebApp
      X-Gdc-Request:
      - ":mqq9aj74KN01b_JNGLlprw:F9WG9r1Jm5aq4QZo3xgpFA:l6xz9xu0w1nnhg7v"
      Vary:
      - origin
      Cache-Control:
      - no-cache, no-store, must-revalidate
      X-Gdc-Request-Time:
      - '20'
      Transfer-Encoding:
      - chunked
      Strict-Transport-Security:
      - max-age=10886400; includeSubDomains; preload;
    body:
      encoding: ASCII-8BIT
      string: '{"projectModelDiff":{"updateOperations":[],"updateScripts":[]}}'
    http_version: 
  recorded_at: Thu, 18 Apr 2019 12:46:43 GMT
- request:
    method: get
    uri: https://staging2-lcm-prod.intgdc.com/gdc/projects/ifu9pf5wu697rww6y7zld524mvkm7zy4/model/diff/461f1cf64ffbeec6f0f15176e8e90779fdeb1f0b6955c7e600000018
    body:
      encoding: US-ASCII
      string: ''
    headers:
      Accept:
      - application/json, application/zip
      Accept-Encoding:
      - gzip, deflate
      User-Agent:
      - gooddata-gem/2.1.3/x86_64-darwin18/2.4.5
      Content-Type:
      - application/json
      X-Gdc-Authtt:
      - "<X_GDC_AUTHTT>"
      X-Gdc-Request:
      - ":mqq9aj74KN01b_JNGLlprw:Px7Cv7WIOp7QvUttRlhuzA"
      Stats-On:
      - ''
      Host:
      - staging2-lcm-prod.intgdc.com
  response:
    status:
      code: 200
      message: OK
    headers:
      X-Gdc-Log-Header:
      - ''
      Content-Type:
      - application/json;charset=UTF-8
      Date:
      - Thu, 18 Apr 2019 12:46:44 GMT
      Server:
      - GoodData WebApp
      X-Gdc-Request:
      - ":mqq9aj74KN01b_JNGLlprw:Px7Cv7WIOp7QvUttRlhuzA:Edg4uMpy5dbVBi2z"
      Vary:
      - origin
      Cache-Control:
      - no-cache, no-store, must-revalidate
      X-Gdc-Request-Time:
      - '11'
      Transfer-Encoding:
      - chunked
      Strict-Transport-Security:
      - max-age=10886400; includeSubDomains; preload;
    body:
      encoding: ASCII-8BIT
      string: '{"projectModelDiff":{"updateOperations":[],"updateScripts":[]}}'
    http_version: 
  recorded_at: Thu, 18 Apr 2019 12:46:44 GMT
- request:
    method: get
    uri: https://staging2-lcm-prod.intgdc.com/gdc/projects/jkxr5qwqvzd4wleqh24ln9899xgkj1n8/model/view?includeCA=true&includeDeprecated=true&includeGrain=true
    body:
      encoding: US-ASCII
      string: ''
    headers:
      Accept:
      - application/json, application/zip
      Accept-Encoding:
      - gzip, deflate
      User-Agent:
      - gooddata-gem/2.1.3/x86_64-darwin18/2.4.5
      Content-Type:
      - application/json
      X-Gdc-Authtt:
      - "<X_GDC_AUTHTT>"
      X-Gdc-Request:
      - ":mqq9aj74KN01b_JNGLlprw:JJkK0SPIHhfvLFeeSJlYrg"
      Stats-On:
      - ''
      Host:
      - staging2-lcm-prod.intgdc.com
  response:
    status:
      code: 202
      message: Accepted
    headers:
      Location:
      - "/gdc/projects/jkxr5qwqvzd4wleqh24ln9899xgkj1n8/model/view/d7cf40edded4313a375d6b21644ce1c26fa5fb0f0c9e0c9700000018"
      X-Gdc-Log-Header:
      - ''
      Content-Type:
      - application/json;charset=UTF-8
      Date:
      - Thu, 18 Apr 2019 12:46:44 GMT
      Server:
      - GoodData WebApp
      X-Gdc-Request:
      - ":mqq9aj74KN01b_JNGLlprw:JJkK0SPIHhfvLFeeSJlYrg:wy6ZSLq9Q4x6w7Ak"
      Vary:
      - origin
      Cache-Control:
      - no-cache, no-store, must-revalidate
      X-Gdc-Request-Time:
      - '16'
      Transfer-Encoding:
      - chunked
      Strict-Transport-Security:
      - max-age=10886400; includeSubDomains; preload;
    body:
      encoding: ASCII-8BIT
      string: '{"asyncTask":{"link":{"poll":"/gdc/projects/jkxr5qwqvzd4wleqh24ln9899xgkj1n8/model/view/d7cf40edded4313a375d6b21644ce1c26fa5fb0f0c9e0c9700000018"}}}'
    http_version: 
  recorded_at: Thu, 18 Apr 2019 12:46:44 GMT
- request:
    method: get
    uri: https://staging2-lcm-prod.intgdc.com/gdc/projects/jkxr5qwqvzd4wleqh24ln9899xgkj1n8/model/view/d7cf40edded4313a375d6b21644ce1c26fa5fb0f0c9e0c9700000018
    body:
      encoding: US-ASCII
      string: ''
    headers:
      Accept:
      - application/json, application/zip
      Accept-Encoding:
      - gzip, deflate
      User-Agent:
      - gooddata-gem/2.1.3/x86_64-darwin18/2.4.5
      Content-Type:
      - application/json
      X-Gdc-Authtt:
      - "<X_GDC_AUTHTT>"
      X-Gdc-Request:
      - ":mqq9aj74KN01b_JNGLlprw:sPv2_q-1YtKwbyNZ-l6VOQ"
      Process:
      - 'false'
      Stats-On:
      - ''
      Host:
      - staging2-lcm-prod.intgdc.com
  response:
    status:
      code: 202
      message: Accepted
    headers:
      Location:
      - "/gdc/projects/jkxr5qwqvzd4wleqh24ln9899xgkj1n8/model/view/d7cf40edded4313a375d6b21644ce1c26fa5fb0f0c9e0c9700000018"
      X-Gdc-Log-Header:
      - ''
      Content-Type:
      - application/json;charset=UTF-8
      Date:
      - Thu, 18 Apr 2019 12:46:44 GMT
      Server:
      - GoodData WebApp
      X-Gdc-Request:
      - ":mqq9aj74KN01b_JNGLlprw:sPv2_q-1YtKwbyNZ-l6VOQ:Qq7feSJKDqVw3jaM"
      Vary:
      - origin
      Cache-Control:
      - no-cache, no-store, must-revalidate
      X-Gdc-Request-Time:
      - '11'
      Transfer-Encoding:
      - chunked
      Strict-Transport-Security:
      - max-age=10886400; includeSubDomains; preload;
    body:
      encoding: ASCII-8BIT
      string: '{"asyncTask":{"link":{"poll":"/gdc/projects/jkxr5qwqvzd4wleqh24ln9899xgkj1n8/model/view/d7cf40edded4313a375d6b21644ce1c26fa5fb0f0c9e0c9700000018"}}}'
    http_version: 
  recorded_at: Thu, 18 Apr 2019 12:46:45 GMT
- request:
    method: get
    uri: https://staging2-lcm-prod.intgdc.com/gdc/projects/jkxr5qwqvzd4wleqh24ln9899xgkj1n8/model/view/d7cf40edded4313a375d6b21644ce1c26fa5fb0f0c9e0c9700000018
    body:
      encoding: US-ASCII
      string: ''
    headers:
      Accept:
      - application/json, application/zip
      Accept-Encoding:
      - gzip, deflate
      User-Agent:
      - gooddata-gem/2.1.3/x86_64-darwin18/2.4.5
      Content-Type:
      - application/json
      X-Gdc-Authtt:
      - "<X_GDC_AUTHTT>"
      X-Gdc-Request:
      - ":mqq9aj74KN01b_JNGLlprw:8xxjaXa96mZT1SbdoRhT8A"
      Process:
      - 'false'
      Stats-On:
      - ''
      Host:
      - staging2-lcm-prod.intgdc.com
  response:
    status:
      code: 200
      message: OK
    headers:
      X-Gdc-Log-Header:
      - ''
      Content-Type:
      - application/json;charset=UTF-8
      Transfer-Encoding:
      - chunked
      Vary:
      - Accept-Encoding
      - origin
      Date:
      - Thu, 18 Apr 2019 12:46:46 GMT
      Server:
      - GoodData WebApp
      X-Gdc-Request:
      - ":mqq9aj74KN01b_JNGLlprw:8xxjaXa96mZT1SbdoRhT8A:eUFIj75hlELfm2jQ"
      Cache-Control:
      - no-cache, no-store, must-revalidate
      X-Gdc-Request-Time:
      - '17'
      Strict-Transport-Security:
      - max-age=10886400; includeSubDomains; preload;
    body:
      encoding: ASCII-8BIT
      string: '{"projectModelView":{"model":{"projectModel":{"modelMetadata":{"containCA":true},"datasets":[{"dataset":{"identifier":"dataset.csv_policies","title":"Policies","anchor":{"attribute":{"identifier":"attr.csv_policies.factsof","title":"Records
        of Policies","folder":"Policies"}},"attributes":[{"attribute":{"identifier":"attr.csv_policies.customer","title":"Customer","folder":"Policies","labels":[{"label":{"identifier":"label.csv_policies.customer","title":"Customer","type":"GDC.text","dataType":"VARCHAR(255)"}}],"defaultLabel":"label.csv_policies.customer"}},{"attribute":{"identifier":"attr.csv_policies.state","title":"State","folder":"Policies","labels":[{"label":{"identifier":"label.csv_policies.state","title":"State","type":"GDC.text","dataType":"VARCHAR(255)"}}],"defaultLabel":"label.csv_policies.state"}},{"attribute":{"identifier":"attr.csv_policies.coverage","title":"Coverage","folder":"Policies","labels":[{"label":{"identifier":"label.csv_policies.coverage","title":"Coverage","type":"GDC.text","dataType":"VARCHAR(255)"}}],"defaultLabel":"label.csv_policies.coverage"}},{"attribute":{"identifier":"attr.csv_policies.education","title":"Education","folder":"Policies","labels":[{"label":{"identifier":"label.csv_policies.education","title":"Education","type":"GDC.text","dataType":"VARCHAR(255)"}}],"defaultLabel":"label.csv_policies.education"}},{"attribute":{"identifier":"attr.csv_policies.employmentstatus","title":"Employmentstatus","folder":"Policies","labels":[{"label":{"identifier":"label.csv_policies.employmentstatus","title":"Employmentstatus","type":"GDC.text","dataType":"VARCHAR(255)"}}],"defaultLabel":"label.csv_policies.employmentstatus"}},{"attribute":{"identifier":"attr.csv_policies.gender","title":"Gender","folder":"Policies","labels":[{"label":{"identifier":"label.csv_policies.gender","title":"Gender","type":"GDC.text","dataType":"VARCHAR(255)"}}],"defaultLabel":"label.csv_policies.gender"}},{"attribute":{"identifier":"attr.csv_policies.marital_status","title":"Marital
        Status","folder":"Policies","labels":[{"label":{"identifier":"label.csv_policies.marital_status","title":"Marital
        Status","type":"GDC.text","dataType":"VARCHAR(255)"}}],"defaultLabel":"label.csv_policies.marital_status"}},{"attribute":{"identifier":"attr.csv_policies.policy_type","title":"Policy
        Type","folder":"Policies","labels":[{"label":{"identifier":"label.csv_policies.policy_type","title":"Policy
        Type","type":"GDC.text","dataType":"VARCHAR(255)"}}],"defaultLabel":"label.csv_policies.policy_type"}},{"attribute":{"identifier":"attr.csv_policies.renew_offer_type","title":"Renew
        Offer Type","folder":"Policies","labels":[{"label":{"identifier":"label.csv_policies.renew_offer_type","title":"Renew
        Offer Type","type":"GDC.text","dataType":"VARCHAR(255)"}}],"defaultLabel":"label.csv_policies.renew_offer_type"}},{"attribute":{"identifier":"attr.csv_policies.sales_channel","title":"Sales
        Channel","folder":"Policies","labels":[{"label":{"identifier":"label.csv_policies.sales_channel","title":"Sales
        Channel","type":"GDC.text","dataType":"VARCHAR(255)"}}],"defaultLabel":"label.csv_policies.sales_channel"}},{"attribute":{"identifier":"attr.csv_policies.vehicle_class","title":"Vehicle
        Class","folder":"Policies","labels":[{"label":{"identifier":"label.csv_policies.vehicle_class","title":"Vehicle
        Class","type":"GDC.text","dataType":"VARCHAR(255)"}}],"defaultLabel":"label.csv_policies.vehicle_class"}},{"attribute":{"identifier":"attr.csv_policies.vehicle_size","title":"Vehicle
        Size","folder":"Policies","labels":[{"label":{"identifier":"label.csv_policies.vehicle_size","title":"Vehicle
        Size","type":"GDC.text","dataType":"VARCHAR(255)"}}],"defaultLabel":"label.csv_policies.vehicle_size"}}],"facts":[{"fact":{"identifier":"fact.csv_policies.customer_lifetime_value","title":"Customer
        Lifetime Value","folder":"Policies","dataType":"DECIMAL(15,6)","restricted":false}},{"fact":{"identifier":"fact.csv_policies.income","title":"Income","folder":"Policies","dataType":"DECIMAL(15,6)","restricted":false}},{"fact":{"identifier":"fact.csv_policies.monthly_premium_auto","title":"Monthly
        Premium Auto","folder":"Policies","dataType":"DECIMAL(15,6)","restricted":false}},{"fact":{"identifier":"fact.csv_policies.total_claim_amount","title":"Total
        Claim Amount","folder":"Policies","dataType":"DECIMAL(15,6)","restricted":false}}],"references":["effective_to_date"],"production":true}},{"dataset":{"identifier":"dataset.comp.my_computed_attr","title":"My
        computed attribute","anchor":{"attribute":{"identifier":"attr.comp.my_computed_attr","title":"My
        computed attribute","folder":"My computed attribute","labels":[{"label":{"identifier":"label.comp.my_computed_attr","title":"Label.Comp.My
        Computed Attr","type":"GDC.text","dataType":"VARCHAR(128)"}}],"defaultLabel":"label.comp.my_computed_attr","relations":["to
        {attr.csv_policies.state} as case when {metric.customers.count} <= 1000 then
        {attr.comp.my_computed_attr?\"Small\"}, when {metric.customers.count} <= 2000
        then {attr.comp.my_computed_attr?\"Medium\"}, when {metric.customers.count}
        > 2000 then {attr.comp.my_computed_attr?\"Large\"} else {attr.comp.my_computed_attr?\"\"}
        end"]}},"production":true}}],"dateDimensions":[{"dateDimension":{"name":"effective_to_date","title":"Effective
        To Date","production":true,"urn":"urn:gooddata:date","identifier":"effective_to_date.dataset.dt","identifierPrefix":"effective_to_date","bridges":[]}}]}}}}'
    http_version: 
  recorded_at: Thu, 18 Apr 2019 12:46:46 GMT
- request:
    method: get
    uri: https://staging2-lcm-prod.intgdc.com/gdc/projects/jkxr5qwqvzd4wleqh24ln9899xgkj1n8/model/view/d7cf40edded4313a375d6b21644ce1c26fa5fb0f0c9e0c9700000018
    body:
      encoding: US-ASCII
      string: ''
    headers:
      Accept:
      - application/json, application/zip
      Accept-Encoding:
      - gzip, deflate
      User-Agent:
      - gooddata-gem/2.1.3/x86_64-darwin18/2.4.5
      Content-Type:
      - application/json
      X-Gdc-Authtt:
      - "<X_GDC_AUTHTT>"
      X-Gdc-Request:
      - ":mqq9aj74KN01b_JNGLlprw:cT99CSD7l5VWttNXwQKU2A"
      Stats-On:
      - ''
      Host:
      - staging2-lcm-prod.intgdc.com
  response:
    status:
      code: 200
      message: OK
    headers:
      X-Gdc-Log-Header:
      - ''
      Content-Type:
      - application/json;charset=UTF-8
      Transfer-Encoding:
      - chunked
      Vary:
      - Accept-Encoding
      - origin
      Date:
      - Thu, 18 Apr 2019 12:46:46 GMT
      Server:
      - GoodData WebApp
      X-Gdc-Request:
      - ":mqq9aj74KN01b_JNGLlprw:cT99CSD7l5VWttNXwQKU2A:QOiBbIIjAXnn6bXI"
      Cache-Control:
      - no-cache, no-store, must-revalidate
      X-Gdc-Request-Time:
      - '13'
      Strict-Transport-Security:
      - max-age=10886400; includeSubDomains; preload;
    body:
      encoding: ASCII-8BIT
      string: '{"projectModelView":{"model":{"projectModel":{"modelMetadata":{"containCA":true},"datasets":[{"dataset":{"identifier":"dataset.csv_policies","title":"Policies","anchor":{"attribute":{"identifier":"attr.csv_policies.factsof","title":"Records
        of Policies","folder":"Policies"}},"attributes":[{"attribute":{"identifier":"attr.csv_policies.customer","title":"Customer","folder":"Policies","labels":[{"label":{"identifier":"label.csv_policies.customer","title":"Customer","type":"GDC.text","dataType":"VARCHAR(255)"}}],"defaultLabel":"label.csv_policies.customer"}},{"attribute":{"identifier":"attr.csv_policies.state","title":"State","folder":"Policies","labels":[{"label":{"identifier":"label.csv_policies.state","title":"State","type":"GDC.text","dataType":"VARCHAR(255)"}}],"defaultLabel":"label.csv_policies.state"}},{"attribute":{"identifier":"attr.csv_policies.coverage","title":"Coverage","folder":"Policies","labels":[{"label":{"identifier":"label.csv_policies.coverage","title":"Coverage","type":"GDC.text","dataType":"VARCHAR(255)"}}],"defaultLabel":"label.csv_policies.coverage"}},{"attribute":{"identifier":"attr.csv_policies.education","title":"Education","folder":"Policies","labels":[{"label":{"identifier":"label.csv_policies.education","title":"Education","type":"GDC.text","dataType":"VARCHAR(255)"}}],"defaultLabel":"label.csv_policies.education"}},{"attribute":{"identifier":"attr.csv_policies.employmentstatus","title":"Employmentstatus","folder":"Policies","labels":[{"label":{"identifier":"label.csv_policies.employmentstatus","title":"Employmentstatus","type":"GDC.text","dataType":"VARCHAR(255)"}}],"defaultLabel":"label.csv_policies.employmentstatus"}},{"attribute":{"identifier":"attr.csv_policies.gender","title":"Gender","folder":"Policies","labels":[{"label":{"identifier":"label.csv_policies.gender","title":"Gender","type":"GDC.text","dataType":"VARCHAR(255)"}}],"defaultLabel":"label.csv_policies.gender"}},{"attribute":{"identifier":"attr.csv_policies.marital_status","title":"Marital
        Status","folder":"Policies","labels":[{"label":{"identifier":"label.csv_policies.marital_status","title":"Marital
        Status","type":"GDC.text","dataType":"VARCHAR(255)"}}],"defaultLabel":"label.csv_policies.marital_status"}},{"attribute":{"identifier":"attr.csv_policies.policy_type","title":"Policy
        Type","folder":"Policies","labels":[{"label":{"identifier":"label.csv_policies.policy_type","title":"Policy
        Type","type":"GDC.text","dataType":"VARCHAR(255)"}}],"defaultLabel":"label.csv_policies.policy_type"}},{"attribute":{"identifier":"attr.csv_policies.renew_offer_type","title":"Renew
        Offer Type","folder":"Policies","labels":[{"label":{"identifier":"label.csv_policies.renew_offer_type","title":"Renew
        Offer Type","type":"GDC.text","dataType":"VARCHAR(255)"}}],"defaultLabel":"label.csv_policies.renew_offer_type"}},{"attribute":{"identifier":"attr.csv_policies.sales_channel","title":"Sales
        Channel","folder":"Policies","labels":[{"label":{"identifier":"label.csv_policies.sales_channel","title":"Sales
        Channel","type":"GDC.text","dataType":"VARCHAR(255)"}}],"defaultLabel":"label.csv_policies.sales_channel"}},{"attribute":{"identifier":"attr.csv_policies.vehicle_class","title":"Vehicle
        Class","folder":"Policies","labels":[{"label":{"identifier":"label.csv_policies.vehicle_class","title":"Vehicle
        Class","type":"GDC.text","dataType":"VARCHAR(255)"}}],"defaultLabel":"label.csv_policies.vehicle_class"}},{"attribute":{"identifier":"attr.csv_policies.vehicle_size","title":"Vehicle
        Size","folder":"Policies","labels":[{"label":{"identifier":"label.csv_policies.vehicle_size","title":"Vehicle
        Size","type":"GDC.text","dataType":"VARCHAR(255)"}}],"defaultLabel":"label.csv_policies.vehicle_size"}}],"facts":[{"fact":{"identifier":"fact.csv_policies.customer_lifetime_value","title":"Customer
        Lifetime Value","folder":"Policies","dataType":"DECIMAL(15,6)","restricted":false}},{"fact":{"identifier":"fact.csv_policies.income","title":"Income","folder":"Policies","dataType":"DECIMAL(15,6)","restricted":false}},{"fact":{"identifier":"fact.csv_policies.monthly_premium_auto","title":"Monthly
        Premium Auto","folder":"Policies","dataType":"DECIMAL(15,6)","restricted":false}},{"fact":{"identifier":"fact.csv_policies.total_claim_amount","title":"Total
        Claim Amount","folder":"Policies","dataType":"DECIMAL(15,6)","restricted":false}}],"references":["effective_to_date"],"production":true}},{"dataset":{"identifier":"dataset.comp.my_computed_attr","title":"My
        computed attribute","anchor":{"attribute":{"identifier":"attr.comp.my_computed_attr","title":"My
        computed attribute","folder":"My computed attribute","labels":[{"label":{"identifier":"label.comp.my_computed_attr","title":"Label.Comp.My
        Computed Attr","type":"GDC.text","dataType":"VARCHAR(128)"}}],"defaultLabel":"label.comp.my_computed_attr","relations":["to
        {attr.csv_policies.state} as case when {metric.customers.count} <= 1000 then
        {attr.comp.my_computed_attr?\"Small\"}, when {metric.customers.count} <= 2000
        then {attr.comp.my_computed_attr?\"Medium\"}, when {metric.customers.count}
        > 2000 then {attr.comp.my_computed_attr?\"Large\"} else {attr.comp.my_computed_attr?\"\"}
        end"]}},"production":true}}],"dateDimensions":[{"dateDimension":{"name":"effective_to_date","title":"Effective
        To Date","production":true,"urn":"urn:gooddata:date","identifier":"effective_to_date.dataset.dt","identifierPrefix":"effective_to_date","bridges":[]}}]}}}}'
    http_version: 
  recorded_at: Thu, 18 Apr 2019 12:46:47 GMT
- request:
    method: post
    uri: https://staging2-lcm-prod.intgdc.com/gdc/projects/c6vxre8nhydx2z6t9716ssfsh19hm3im/model/diff?includeCA=true&includeGrain=true
    body:
      encoding: UTF-8
      string: '{"diffRequest":{"targetModel":{"projectModel":{"modelMetadata":{"containCA":true},"datasets":[{"dataset":{"identifier":"dataset.csv_policies","title":"Policies","anchor":{"attribute":{"identifier":"attr.csv_policies.factsof","title":"Records
        of Policies","folder":"Policies"}},"attributes":[{"attribute":{"identifier":"attr.csv_policies.customer","title":"Customer","folder":"Policies","labels":[{"label":{"identifier":"label.csv_policies.customer","title":"Customer","type":"GDC.text","dataType":"VARCHAR(255)"}}],"defaultLabel":"label.csv_policies.customer"}},{"attribute":{"identifier":"attr.csv_policies.state","title":"State","folder":"Policies","labels":[{"label":{"identifier":"label.csv_policies.state","title":"State","type":"GDC.text","dataType":"VARCHAR(255)"}}],"defaultLabel":"label.csv_policies.state"}},{"attribute":{"identifier":"attr.csv_policies.coverage","title":"Coverage","folder":"Policies","labels":[{"label":{"identifier":"label.csv_policies.coverage","title":"Coverage","type":"GDC.text","dataType":"VARCHAR(255)"}}],"defaultLabel":"label.csv_policies.coverage"}},{"attribute":{"identifier":"attr.csv_policies.education","title":"Education","folder":"Policies","labels":[{"label":{"identifier":"label.csv_policies.education","title":"Education","type":"GDC.text","dataType":"VARCHAR(255)"}}],"defaultLabel":"label.csv_policies.education"}},{"attribute":{"identifier":"attr.csv_policies.employmentstatus","title":"Employmentstatus","folder":"Policies","labels":[{"label":{"identifier":"label.csv_policies.employmentstatus","title":"Employmentstatus","type":"GDC.text","dataType":"VARCHAR(255)"}}],"defaultLabel":"label.csv_policies.employmentstatus"}},{"attribute":{"identifier":"attr.csv_policies.gender","title":"Gender","folder":"Policies","labels":[{"label":{"identifier":"label.csv_policies.gender","title":"Gender","type":"GDC.text","dataType":"VARCHAR(255)"}}],"defaultLabel":"label.csv_policies.gender"}},{"attribute":{"identifier":"attr.csv_policies.marital_status","title":"Marital
        Status","folder":"Policies","labels":[{"label":{"identifier":"label.csv_policies.marital_status","title":"Marital
        Status","type":"GDC.text","dataType":"VARCHAR(255)"}}],"defaultLabel":"label.csv_policies.marital_status"}},{"attribute":{"identifier":"attr.csv_policies.policy_type","title":"Policy
        Type","folder":"Policies","labels":[{"label":{"identifier":"label.csv_policies.policy_type","title":"Policy
        Type","type":"GDC.text","dataType":"VARCHAR(255)"}}],"defaultLabel":"label.csv_policies.policy_type"}},{"attribute":{"identifier":"attr.csv_policies.renew_offer_type","title":"Renew
        Offer Type","folder":"Policies","labels":[{"label":{"identifier":"label.csv_policies.renew_offer_type","title":"Renew
        Offer Type","type":"GDC.text","dataType":"VARCHAR(255)"}}],"defaultLabel":"label.csv_policies.renew_offer_type"}},{"attribute":{"identifier":"attr.csv_policies.sales_channel","title":"Sales
        Channel","folder":"Policies","labels":[{"label":{"identifier":"label.csv_policies.sales_channel","title":"Sales
        Channel","type":"GDC.text","dataType":"VARCHAR(255)"}}],"defaultLabel":"label.csv_policies.sales_channel"}},{"attribute":{"identifier":"attr.csv_policies.vehicle_class","title":"Vehicle
        Class","folder":"Policies","labels":[{"label":{"identifier":"label.csv_policies.vehicle_class","title":"Vehicle
        Class","type":"GDC.text","dataType":"VARCHAR(255)"}}],"defaultLabel":"label.csv_policies.vehicle_class"}},{"attribute":{"identifier":"attr.csv_policies.vehicle_size","title":"Vehicle
        Size","folder":"Policies","labels":[{"label":{"identifier":"label.csv_policies.vehicle_size","title":"Vehicle
        Size","type":"GDC.text","dataType":"VARCHAR(255)"}}],"defaultLabel":"label.csv_policies.vehicle_size"}}],"facts":[{"fact":{"identifier":"fact.csv_policies.customer_lifetime_value","title":"Customer
        Lifetime Value","folder":"Policies","dataType":"DECIMAL(15,6)","type":"fact"}},{"fact":{"identifier":"fact.csv_policies.income","title":"Income","folder":"Policies","dataType":"DECIMAL(15,6)","type":"fact"}},{"fact":{"identifier":"fact.csv_policies.monthly_premium_auto","title":"Monthly
        Premium Auto","folder":"Policies","dataType":"DECIMAL(15,6)","type":"fact"}},{"fact":{"identifier":"fact.csv_policies.total_claim_amount","title":"Total
        Claim Amount","folder":"Policies","dataType":"DECIMAL(15,6)","type":"fact"}}],"references":["effective_to_date"],"bridges":[]}},{"dataset":{"identifier":"dataset.comp.my_computed_attr","title":"My
        computed attribute","anchor":{"attribute":{"identifier":"attr.comp.my_computed_attr","title":"My
        computed attribute","folder":"My computed attribute","labels":[{"label":{"identifier":"label.comp.my_computed_attr","title":"Label.Comp.My
        Computed Attr","type":"GDC.text","dataType":"VARCHAR(128)"}}],"relations":["to
        {attr.csv_policies.state} as case when {metric.customers.count} <= 1000 then
        {attr.comp.my_computed_attr?\"Small\"}, when {metric.customers.count} <= 2000
        then {attr.comp.my_computed_attr?\"Medium\"}, when {metric.customers.count}
        > 2000 then {attr.comp.my_computed_attr?\"Large\"} else {attr.comp.my_computed_attr?\"\"}
        end"],"defaultLabel":"label.comp.my_computed_attr"}},"attributes":[],"facts":[],"references":[],"bridges":[]}}],"dateDimensions":[{"dateDimension":{"name":"effective_to_date","urn":"urn:gooddata:date","title":"Effective
        To Date","identifierPrefix":"effective_to_date","bridges":[]}}]}}}}'
    headers:
      Accept:
      - application/json, application/zip
      Accept-Encoding:
      - gzip, deflate
      User-Agent:
      - gooddata-gem/2.1.3/x86_64-darwin18/2.4.5
      Content-Type:
      - application/json
      X-Gdc-Authtt:
      - "<X_GDC_AUTHTT>"
      X-Gdc-Request:
      - ":mqq9aj74KN01b_JNGLlprw:1KgAUuo0pEGyeLV6M2nX7w"
      Stats-On:
      - ''
      Content-Length:
      - '5373'
      Host:
      - staging2-lcm-prod.intgdc.com
  response:
    status:
      code: 202
      message: Accepted
    headers:
      Location:
      - "/gdc/projects/c6vxre8nhydx2z6t9716ssfsh19hm3im/model/diff/fa305bcf19e84ef37038d05559310b5554984d014c9e7aa600000018"
      X-Gdc-Log-Header:
      - ''
      Content-Type:
      - application/json;charset=UTF-8
      Date:
      - Thu, 18 Apr 2019 12:46:48 GMT
      Server:
      - GoodData WebApp
      X-Gdc-Request:
      - ":mqq9aj74KN01b_JNGLlprw:1KgAUuo0pEGyeLV6M2nX7w:lzTNSgZIN1AFTIb2"
      Vary:
      - origin
      Cache-Control:
      - no-cache, no-store, must-revalidate
      X-Gdc-Request-Time:
      - '153'
      Transfer-Encoding:
      - chunked
      Strict-Transport-Security:
      - max-age=10886400; includeSubDomains; preload;
    body:
      encoding: ASCII-8BIT
      string: '{"asyncTask":{"link":{"poll":"/gdc/projects/c6vxre8nhydx2z6t9716ssfsh19hm3im/model/diff/fa305bcf19e84ef37038d05559310b5554984d014c9e7aa600000018"}}}'
    http_version: 
  recorded_at: Thu, 18 Apr 2019 12:46:48 GMT
- request:
    method: get
    uri: https://staging2-lcm-prod.intgdc.com/gdc/projects/c6vxre8nhydx2z6t9716ssfsh19hm3im/model/diff/fa305bcf19e84ef37038d05559310b5554984d014c9e7aa600000018
    body:
      encoding: US-ASCII
      string: ''
    headers:
      Accept:
      - application/json, application/zip
      Accept-Encoding:
      - gzip, deflate
      User-Agent:
      - gooddata-gem/2.1.3/x86_64-darwin18/2.4.5
      Content-Type:
      - application/json
      X-Gdc-Authtt:
      - "<X_GDC_AUTHTT>"
      X-Gdc-Request:
      - ":mqq9aj74KN01b_JNGLlprw:w7LeeHaQcRnNzjFM6HZEtg"
      Process:
      - 'false'
      Stats-On:
      - ''
      Host:
      - staging2-lcm-prod.intgdc.com
  response:
    status:
      code: 202
      message: Accepted
    headers:
      Location:
      - "/gdc/projects/c6vxre8nhydx2z6t9716ssfsh19hm3im/model/diff/fa305bcf19e84ef37038d05559310b5554984d014c9e7aa600000018"
      X-Gdc-Log-Header:
      - ''
      Content-Type:
      - application/json;charset=UTF-8
      Date:
      - Thu, 18 Apr 2019 12:46:48 GMT
      Server:
      - GoodData WebApp
      X-Gdc-Request:
      - ":mqq9aj74KN01b_JNGLlprw:w7LeeHaQcRnNzjFM6HZEtg:WT5UN2fR3GXknMrL"
      Vary:
      - origin
      Cache-Control:
      - no-cache, no-store, must-revalidate
      X-Gdc-Request-Time:
      - '11'
      Transfer-Encoding:
      - chunked
      Strict-Transport-Security:
      - max-age=10886400; includeSubDomains; preload;
    body:
      encoding: ASCII-8BIT
      string: '{"asyncTask":{"link":{"poll":"/gdc/projects/c6vxre8nhydx2z6t9716ssfsh19hm3im/model/diff/fa305bcf19e84ef37038d05559310b5554984d014c9e7aa600000018"}}}'
    http_version: 
  recorded_at: Thu, 18 Apr 2019 12:46:48 GMT
- request:
    method: get
    uri: https://staging2-lcm-prod.intgdc.com/gdc/projects/c6vxre8nhydx2z6t9716ssfsh19hm3im/model/diff/fa305bcf19e84ef37038d05559310b5554984d014c9e7aa600000018
    body:
      encoding: US-ASCII
      string: ''
    headers:
      Accept:
      - application/json, application/zip
      Accept-Encoding:
      - gzip, deflate
      User-Agent:
      - gooddata-gem/2.1.3/x86_64-darwin18/2.4.5
      Content-Type:
      - application/json
      X-Gdc-Authtt:
      - "<X_GDC_AUTHTT>"
      X-Gdc-Request:
      - ":mqq9aj74KN01b_JNGLlprw:AwpXd6XIadurWZxTEJBJYg"
      Process:
      - 'false'
      Stats-On:
      - ''
      Host:
      - staging2-lcm-prod.intgdc.com
  response:
    status:
      code: 200
      message: OK
    headers:
      X-Gdc-Log-Header:
      - ''
      Content-Type:
      - application/json;charset=UTF-8
      Date:
      - Thu, 18 Apr 2019 12:46:50 GMT
      Server:
      - GoodData WebApp
      X-Gdc-Request:
      - ":mqq9aj74KN01b_JNGLlprw:AwpXd6XIadurWZxTEJBJYg:3QiviJk01HmW2tnt"
      Vary:
      - origin
      Cache-Control:
      - no-cache, no-store, must-revalidate
      X-Gdc-Request-Time:
      - '17'
      Transfer-Encoding:
      - chunked
      Strict-Transport-Security:
      - max-age=10886400; includeSubDomains; preload;
    body:
      encoding: ASCII-8BIT
      string: '{"projectModelDiff":{"updateOperations":[],"updateScripts":[]}}'
    http_version: 
  recorded_at: Thu, 18 Apr 2019 12:50:01 GMT
- request:
    method: get
    uri: https://staging2-lcm-prod.intgdc.com/gdc/projects/c6vxre8nhydx2z6t9716ssfsh19hm3im/model/diff/fa305bcf19e84ef37038d05559310b5554984d014c9e7aa600000018
    body:
      encoding: US-ASCII
      string: ''
    headers:
      Accept:
      - application/json, application/zip
      Accept-Encoding:
      - gzip, deflate
      User-Agent:
      - gooddata-gem/2.1.3/x86_64-darwin18/2.4.5
      Content-Type:
      - application/json
      X-Gdc-Authtt:
      - "<X_GDC_AUTHTT>"
      X-Gdc-Request:
      - ":mqq9aj74KN01b_JNGLlprw:TsoXB4zOVL-o-Mjg0fdXQA"
      Stats-On:
      - ''
      Host:
      - staging2-lcm-prod.intgdc.com
  response:
    status:
      code: 401
      message: Unauthorized
    headers:
      Expires:
      - Thu, 01 Jan 1970 00:00:00 GMT
      Cache-Control:
      - no-store, no-cache, must-revalidate, max-age=0
      Pragma:
      - no-cache
      P3p:
      - CP='IDC DSP COR ADM DEVi TAIi PSA PSD IVAi IVDi CONi HIS OUR IND CNT'
      Www-Authenticate:
      - GoodData realm="GoodData API" cookie=GDCAuthTT
      Content-Type:
      - application/json; charset=utf-8
      X-Gdc-Request-Time:
      - '1'
      X-Gdc-Request:
      - ":mqq9aj74KN01b_JNGLlprw:TsoXB4zOVL-o-Mjg0fdXQA:6zqiCfEmTflitdbz"
      Vary:
      - origin
      Set-Cookie:
      - GDCAuthTT=; Max-Age=0; Expires=Thu, 18 Apr 2019 12:50:02 GMT; Path=/gdc; Domain=staging2-lcm-prod.intgdc.com;
        Secure; HTTPOnly
      Transfer-Encoding:
      - chunked
      Strict-Transport-Security:
      - max-age=10886400; includeSubDomains; preload;
    body:
      encoding: ASCII-8BIT
      string: |
        {
            "error": {
                "code": 401,
                "message": "Authorization Required",
                "description": "This server could not verify that you are authorized to access the document requested. Either you supplied the wrong credentials (e.g., bad password), or your browser doesn't understand how to supply the credentials required",
                "links": {
                    "documentation": "https://help.gooddata.com/display/developer/API+Reference#/reference/authentication/log-in"
                }
            }
        }
    http_version: 
  recorded_at: Thu, 18 Apr 2019 12:50:02 GMT
- request:
    method: get
    uri: https://staging2-lcm-prod.intgdc.com/gdc/account/token
    body:
      encoding: US-ASCII
      string: ''
    headers:
      Accept:
      - application/json, application/zip
      Accept-Encoding:
      - gzip, deflate
      User-Agent:
      - gooddata-gem/2.1.3/x86_64-darwin18/2.4.5
      Content-Type:
      - application/json
      X-Gdc-Authtt:
      - "<X_GDC_AUTHTT>"
      X-Gdc-Request:
      - ":mqq9aj74KN01b_JNGLlprw:XXEHwhGmxdJ1_-l1m-wp4A"
      X-Gdc-Authsst:
      - "<X_GDC_AUTHSST>"
      Dont-Reauth:
      - 'true'
      Host:
      - staging2-lcm-prod.intgdc.com
  response:
    status:
      code: 200
      message: OK
    headers:
      Expires:
      - Thu, 01 Jan 1970 00:00:00 GMT
      Cache-Control:
      - no-store, no-cache, must-revalidate, max-age=0
      Pragma:
      - no-cache
      P3p:
      - CP='IDC DSP COR ADM DEVi TAIi PSA PSD IVAi IVDi CONi HIS OUR IND CNT'
      X-Gdc-Authtt:
      - "<X_GDC_AUTHTT>"
      X-Gdc-Log-Header:
      - ''
      Content-Type:
      - application/json
      Date:
      - Thu, 18 Apr 2019 12:50:03 GMT
      Server:
      - GoodData WebApp
      X-Gdc-Request:
      - ":mqq9aj74KN01b_JNGLlprw:XXEHwhGmxdJ1_-l1m-wp4A:vviXebyPvKHk05Cm"
      Vary:
      - origin
      X-Gdc-Request-Time:
      - '30'
      Transfer-Encoding:
      - chunked
      Strict-Transport-Security:
      - max-age=10886400; includeSubDomains; preload;
    body:
      encoding: ASCII-8BIT
      string: '{"userToken":{"token":"<TOKEN>"}}'
    http_version: 
  recorded_at: Thu, 18 Apr 2019 12:50:03 GMT
- request:
    method: get
    uri: https://staging2-lcm-prod.intgdc.com/gdc/projects/c6vxre8nhydx2z6t9716ssfsh19hm3im/model/diff/fa305bcf19e84ef37038d05559310b5554984d014c9e7aa600000018
    body:
      encoding: US-ASCII
      string: ''
    headers:
      Accept:
      - application/json, application/zip
      Accept-Encoding:
      - gzip, deflate
      User-Agent:
      - gooddata-gem/2.1.3/x86_64-darwin18/2.4.5
      Content-Type:
      - application/json
      X-Gdc-Authtt:
      - "<X_GDC_AUTHTT>"
      X-Gdc-Request:
      - ":mqq9aj74KN01b_JNGLlprw:TsoXB4zOVL-o-Mjg0fdXQA"
      Stats-On:
      - ''
      Host:
      - staging2-lcm-prod.intgdc.com
  response:
    status:
      code: 200
      message: OK
    headers:
      X-Gdc-Log-Header:
      - ''
      Content-Type:
      - application/json;charset=UTF-8
      Date:
      - Thu, 18 Apr 2019 12:50:03 GMT
      Server:
      - GoodData WebApp
      X-Gdc-Request:
      - ":mqq9aj74KN01b_JNGLlprw:TsoXB4zOVL-o-Mjg0fdXQA:3MUrzlXFTM17vkJ5"
      Vary:
      - origin
      Cache-Control:
      - no-cache, no-store, must-revalidate
      X-Gdc-Request-Time:
      - '26'
      Transfer-Encoding:
      - chunked
      Strict-Transport-Security:
      - max-age=10886400; includeSubDomains; preload;
    body:
      encoding: ASCII-8BIT
      string: '{"projectModelDiff":{"updateOperations":[],"updateScripts":[]}}'
    http_version: 
  recorded_at: Thu, 18 Apr 2019 12:50:03 GMT
- request:
    method: get
    uri: https://staging2-lcm-prod.intgdc.com/gdc/projects/e1lvfhnpoti4o9pq9ha1wslbzslbslsp/model/view?includeCA=true&includeDeprecated=true&includeGrain=true
    body:
      encoding: US-ASCII
      string: ''
    headers:
      Accept:
      - application/json, application/zip
      User-Agent:
      - gooddata-gem/2.1.9/x86_64-darwin17/2.3.8
      Content-Type:
      - application/json
      X-Gdc-Authtt:
      - "<X_GDC_AUTHTT>"
      X-Gdc-Request:
      - ":khvB9WRu3MGEpnzND4O8Vw:jl88wLiSqJfOl5E36lCL0g"
      Stats-On:
      - ''
      X-Gdc-Version:
      - '2'
      Accept-Encoding:
      - gzip;q=1.0,deflate;q=0.6,identity;q=0.3
      Host:
      - staging2-lcm-prod.intgdc.com
  response:
    status:
      code: 202
      message: Accepted
    headers:
      Location:
      - "/gdc/projects/e1lvfhnpoti4o9pq9ha1wslbzslbslsp/model/view/c171b100bace9d33b91d85bc747ebadde3a87da40edd3d2c00000015"
      X-Gdc-Log-Header:
      - ''
      Content-Type:
      - application/json;charset=UTF-8
      Date:
      - Mon, 20 Jan 2020 04:54:13 GMT
      Server:
      - GoodData WebApp
      X-Gdc-Request-Time:
      - '19'
      X-Gdc-Request:
      - ":khvB9WRu3MGEpnzND4O8Vw:jl88wLiSqJfOl5E36lCL0g:xzlcCDQTp9WDKUXb"
      Cache-Control:
      - no-cache, no-store, must-revalidate
      Vary:
      - origin,X-GDC-VERSION
      Transfer-Encoding:
      - chunked
      Strict-Transport-Security:
      - max-age=10886400; includeSubDomains; preload;
    body:
      encoding: ASCII-8BIT
      string: '{"asyncTask":{"link":{"poll":"/gdc/projects/e1lvfhnpoti4o9pq9ha1wslbzslbslsp/model/view/c171b100bace9d33b91d85bc747ebadde3a87da40edd3d2c00000015"}}}'
    http_version: 
  recorded_at: Mon, 20 Jan 2020 04:54:13 GMT
- request:
    method: get
    uri: https://staging2-lcm-prod.intgdc.com/gdc/projects/e1lvfhnpoti4o9pq9ha1wslbzslbslsp/model/view/c171b100bace9d33b91d85bc747ebadde3a87da40edd3d2c00000015
    body:
      encoding: US-ASCII
      string: ''
    headers:
      Accept:
      - application/json, application/zip
      User-Agent:
      - gooddata-gem/2.1.9/x86_64-darwin17/2.3.8
      Content-Type:
      - application/json
      X-Gdc-Authtt:
      - "<X_GDC_AUTHTT>"
      X-Gdc-Request:
      - ":khvB9WRu3MGEpnzND4O8Vw:FrLQBbW4i2RyQGZRakxNLg"
      Process:
      - 'false'
      Stats-On:
      - ''
      X-Gdc-Version:
      - '2'
      Accept-Encoding:
      - gzip;q=1.0,deflate;q=0.6,identity;q=0.3
      Host:
      - staging2-lcm-prod.intgdc.com
  response:
    status:
      code: 200
      message: OK
    headers:
      X-Gdc-Log-Header:
      - ''
      Content-Type:
      - application/json;charset=UTF-8
      Transfer-Encoding:
      - chunked
      Date:
      - Mon, 20 Jan 2020 04:54:14 GMT
      Server:
      - GoodData WebApp
      X-Gdc-Request-Time:
      - '23'
      X-Gdc-Request:
      - ":khvB9WRu3MGEpnzND4O8Vw:FrLQBbW4i2RyQGZRakxNLg:x9gJCpJyRJ5RdtNd"
      Cache-Control:
      - no-cache, no-store, must-revalidate
      Vary:
      - Accept-Encoding,origin,X-GDC-VERSION
      Strict-Transport-Security:
      - max-age=10886400; includeSubDomains; preload;
    body:
      encoding: ASCII-8BIT
      string: '{"projectModelView":{"model":{"projectModel":{"modelMetadata":{"containCA":true},"datasets":[{"dataset":{"identifier":"dataset.csv_policies","title":"Policies","anchor":{"attribute":{"identifier":"attr.csv_policies.factsof","title":"Records
        of Policies","folder":"Policies"}},"attributes":[{"attribute":{"identifier":"attr.csv_policies.customer","title":"Customer","folder":"Policies","labels":[{"label":{"identifier":"label.csv_policies.customer","title":"Customer","type":"GDC.text","dataType":"VARCHAR(255)"}}],"defaultLabel":"label.csv_policies.customer"}},{"attribute":{"identifier":"attr.csv_policies.state","title":"State","folder":"Policies","labels":[{"label":{"identifier":"label.csv_policies.state","title":"State","type":"GDC.text","dataType":"VARCHAR(255)"}}],"defaultLabel":"label.csv_policies.state"}},{"attribute":{"identifier":"attr.csv_policies.coverage","title":"Coverage","folder":"Policies","labels":[{"label":{"identifier":"label.csv_policies.coverage","title":"Coverage","type":"GDC.text","dataType":"VARCHAR(255)"}}],"defaultLabel":"label.csv_policies.coverage"}},{"attribute":{"identifier":"attr.csv_policies.education","title":"Education","folder":"Policies","labels":[{"label":{"identifier":"label.csv_policies.education","title":"Education","type":"GDC.text","dataType":"VARCHAR(255)"}}],"defaultLabel":"label.csv_policies.education"}},{"attribute":{"identifier":"attr.csv_policies.employmentstatus","title":"Employmentstatus","folder":"Policies","labels":[{"label":{"identifier":"label.csv_policies.employmentstatus","title":"Employmentstatus","type":"GDC.text","dataType":"VARCHAR(255)"}}],"defaultLabel":"label.csv_policies.employmentstatus"}},{"attribute":{"identifier":"attr.csv_policies.gender","title":"Gender","folder":"Policies","labels":[{"label":{"identifier":"label.csv_policies.gender","title":"Gender","type":"GDC.text","dataType":"VARCHAR(255)"}}],"defaultLabel":"label.csv_policies.gender"}},{"attribute":{"identifier":"attr.csv_policies.marital_status","title":"Marital
        Status","folder":"Policies","labels":[{"label":{"identifier":"label.csv_policies.marital_status","title":"Marital
        Status","type":"GDC.text","dataType":"VARCHAR(255)"}}],"defaultLabel":"label.csv_policies.marital_status"}},{"attribute":{"identifier":"attr.csv_policies.policy_type","title":"Policy
        Type","folder":"Policies","labels":[{"label":{"identifier":"label.csv_policies.policy_type","title":"Policy
        Type","type":"GDC.text","dataType":"VARCHAR(255)"}}],"defaultLabel":"label.csv_policies.policy_type"}},{"attribute":{"identifier":"attr.csv_policies.renew_offer_type","title":"Renew
        Offer Type","folder":"Policies","labels":[{"label":{"identifier":"label.csv_policies.renew_offer_type","title":"Renew
        Offer Type","type":"GDC.text","dataType":"VARCHAR(255)"}}],"defaultLabel":"label.csv_policies.renew_offer_type"}},{"attribute":{"identifier":"attr.csv_policies.sales_channel","title":"Sales
        Channel","folder":"Policies","labels":[{"label":{"identifier":"label.csv_policies.sales_channel","title":"Sales
        Channel","type":"GDC.text","dataType":"VARCHAR(255)"}}],"defaultLabel":"label.csv_policies.sales_channel"}},{"attribute":{"identifier":"attr.csv_policies.vehicle_class","title":"Vehicle
        Class","folder":"Policies","labels":[{"label":{"identifier":"label.csv_policies.vehicle_class","title":"Vehicle
        Class","type":"GDC.text","dataType":"VARCHAR(255)"}}],"defaultLabel":"label.csv_policies.vehicle_class"}},{"attribute":{"identifier":"attr.csv_policies.vehicle_size","title":"Vehicle
        Size","folder":"Policies","labels":[{"label":{"identifier":"label.csv_policies.vehicle_size","title":"Vehicle
        Size","type":"GDC.text","dataType":"VARCHAR(255)"}}],"defaultLabel":"label.csv_policies.vehicle_size"}}],"facts":[{"fact":{"identifier":"fact.csv_policies.customer_lifetime_value","title":"Customer
        Lifetime Value","folder":"Policies","dataType":"DECIMAL(15,6)","restricted":false}},{"fact":{"identifier":"fact.csv_policies.income","title":"Income","folder":"Policies","dataType":"DECIMAL(15,6)","restricted":false}},{"fact":{"identifier":"fact.csv_policies.monthly_premium_auto","title":"Monthly
        Premium Auto","folder":"Policies","dataType":"DECIMAL(15,6)","restricted":false}},{"fact":{"identifier":"fact.csv_policies.total_claim_amount","title":"Total
        Claim Amount","folder":"Policies","dataType":"DECIMAL(15,6)","restricted":false}}],"references":["effective_to_date"],"production":true}},{"dataset":{"identifier":"dataset.comp.my_computed_attr","title":"My
        computed attribute","anchor":{"attribute":{"identifier":"attr.comp.my_computed_attr","title":"My
        computed attribute","folder":"My computed attribute","labels":[{"label":{"identifier":"label.comp.my_computed_attr","title":"Label.Comp.My
        Computed Attr","type":"GDC.text","dataType":"VARCHAR(128)"}}],"defaultLabel":"label.comp.my_computed_attr","relations":["to
        {attr.csv_policies.state} as case when {metric.customers.count} <= 1000 then
        {attr.comp.my_computed_attr?\"Small\"}, when {metric.customers.count} <= 2000
        then {attr.comp.my_computed_attr?\"Medium\"}, when {metric.customers.count}
        > 2000 then {attr.comp.my_computed_attr?\"Large\"} else {attr.comp.my_computed_attr?\"\"}
        end"]}},"production":true}}],"dateDimensions":[{"dateDimension":{"name":"effective_to_date","title":"Effective
        To Date","production":true,"urn":"urn:gooddata:date","identifier":"effective_to_date.dataset.dt","identifierPrefix":"effective_to_date","bridges":[]}}]}}}}'
    http_version: 
  recorded_at: Mon, 20 Jan 2020 04:54:14 GMT
- request:
    method: get
    uri: https://staging2-lcm-prod.intgdc.com/gdc/projects/e1lvfhnpoti4o9pq9ha1wslbzslbslsp/model/view/c171b100bace9d33b91d85bc747ebadde3a87da40edd3d2c00000015
    body:
      encoding: US-ASCII
      string: ''
    headers:
      Accept:
      - application/json, application/zip
      User-Agent:
      - gooddata-gem/2.1.9/x86_64-darwin17/2.3.8
      Content-Type:
      - application/json
      X-Gdc-Authtt:
      - "<X_GDC_AUTHTT>"
      X-Gdc-Request:
      - ":khvB9WRu3MGEpnzND4O8Vw:5xzdu30ICb9um2SoqVSzgg"
      Stats-On:
      - ''
      X-Gdc-Version:
      - '2'
      Accept-Encoding:
      - gzip;q=1.0,deflate;q=0.6,identity;q=0.3
      Host:
      - staging2-lcm-prod.intgdc.com
  response:
    status:
      code: 200
      message: OK
    headers:
      X-Gdc-Log-Header:
      - ''
      Content-Type:
      - application/json;charset=UTF-8
      Transfer-Encoding:
      - chunked
      Date:
      - Mon, 20 Jan 2020 04:54:15 GMT
      Server:
      - GoodData WebApp
      X-Gdc-Request-Time:
      - '17'
      X-Gdc-Request:
      - ":khvB9WRu3MGEpnzND4O8Vw:5xzdu30ICb9um2SoqVSzgg:ICHsm7X7wTWZ230g"
      Cache-Control:
      - no-cache, no-store, must-revalidate
      Vary:
      - Accept-Encoding,origin,X-GDC-VERSION
      Strict-Transport-Security:
      - max-age=10886400; includeSubDomains; preload;
    body:
      encoding: ASCII-8BIT
      string: '{"projectModelView":{"model":{"projectModel":{"modelMetadata":{"containCA":true},"datasets":[{"dataset":{"identifier":"dataset.csv_policies","title":"Policies","anchor":{"attribute":{"identifier":"attr.csv_policies.factsof","title":"Records
        of Policies","folder":"Policies"}},"attributes":[{"attribute":{"identifier":"attr.csv_policies.customer","title":"Customer","folder":"Policies","labels":[{"label":{"identifier":"label.csv_policies.customer","title":"Customer","type":"GDC.text","dataType":"VARCHAR(255)"}}],"defaultLabel":"label.csv_policies.customer"}},{"attribute":{"identifier":"attr.csv_policies.state","title":"State","folder":"Policies","labels":[{"label":{"identifier":"label.csv_policies.state","title":"State","type":"GDC.text","dataType":"VARCHAR(255)"}}],"defaultLabel":"label.csv_policies.state"}},{"attribute":{"identifier":"attr.csv_policies.coverage","title":"Coverage","folder":"Policies","labels":[{"label":{"identifier":"label.csv_policies.coverage","title":"Coverage","type":"GDC.text","dataType":"VARCHAR(255)"}}],"defaultLabel":"label.csv_policies.coverage"}},{"attribute":{"identifier":"attr.csv_policies.education","title":"Education","folder":"Policies","labels":[{"label":{"identifier":"label.csv_policies.education","title":"Education","type":"GDC.text","dataType":"VARCHAR(255)"}}],"defaultLabel":"label.csv_policies.education"}},{"attribute":{"identifier":"attr.csv_policies.employmentstatus","title":"Employmentstatus","folder":"Policies","labels":[{"label":{"identifier":"label.csv_policies.employmentstatus","title":"Employmentstatus","type":"GDC.text","dataType":"VARCHAR(255)"}}],"defaultLabel":"label.csv_policies.employmentstatus"}},{"attribute":{"identifier":"attr.csv_policies.gender","title":"Gender","folder":"Policies","labels":[{"label":{"identifier":"label.csv_policies.gender","title":"Gender","type":"GDC.text","dataType":"VARCHAR(255)"}}],"defaultLabel":"label.csv_policies.gender"}},{"attribute":{"identifier":"attr.csv_policies.marital_status","title":"Marital
        Status","folder":"Policies","labels":[{"label":{"identifier":"label.csv_policies.marital_status","title":"Marital
        Status","type":"GDC.text","dataType":"VARCHAR(255)"}}],"defaultLabel":"label.csv_policies.marital_status"}},{"attribute":{"identifier":"attr.csv_policies.policy_type","title":"Policy
        Type","folder":"Policies","labels":[{"label":{"identifier":"label.csv_policies.policy_type","title":"Policy
        Type","type":"GDC.text","dataType":"VARCHAR(255)"}}],"defaultLabel":"label.csv_policies.policy_type"}},{"attribute":{"identifier":"attr.csv_policies.renew_offer_type","title":"Renew
        Offer Type","folder":"Policies","labels":[{"label":{"identifier":"label.csv_policies.renew_offer_type","title":"Renew
        Offer Type","type":"GDC.text","dataType":"VARCHAR(255)"}}],"defaultLabel":"label.csv_policies.renew_offer_type"}},{"attribute":{"identifier":"attr.csv_policies.sales_channel","title":"Sales
        Channel","folder":"Policies","labels":[{"label":{"identifier":"label.csv_policies.sales_channel","title":"Sales
        Channel","type":"GDC.text","dataType":"VARCHAR(255)"}}],"defaultLabel":"label.csv_policies.sales_channel"}},{"attribute":{"identifier":"attr.csv_policies.vehicle_class","title":"Vehicle
        Class","folder":"Policies","labels":[{"label":{"identifier":"label.csv_policies.vehicle_class","title":"Vehicle
        Class","type":"GDC.text","dataType":"VARCHAR(255)"}}],"defaultLabel":"label.csv_policies.vehicle_class"}},{"attribute":{"identifier":"attr.csv_policies.vehicle_size","title":"Vehicle
        Size","folder":"Policies","labels":[{"label":{"identifier":"label.csv_policies.vehicle_size","title":"Vehicle
        Size","type":"GDC.text","dataType":"VARCHAR(255)"}}],"defaultLabel":"label.csv_policies.vehicle_size"}}],"facts":[{"fact":{"identifier":"fact.csv_policies.customer_lifetime_value","title":"Customer
        Lifetime Value","folder":"Policies","dataType":"DECIMAL(15,6)","restricted":false}},{"fact":{"identifier":"fact.csv_policies.income","title":"Income","folder":"Policies","dataType":"DECIMAL(15,6)","restricted":false}},{"fact":{"identifier":"fact.csv_policies.monthly_premium_auto","title":"Monthly
        Premium Auto","folder":"Policies","dataType":"DECIMAL(15,6)","restricted":false}},{"fact":{"identifier":"fact.csv_policies.total_claim_amount","title":"Total
        Claim Amount","folder":"Policies","dataType":"DECIMAL(15,6)","restricted":false}}],"references":["effective_to_date"],"production":true}},{"dataset":{"identifier":"dataset.comp.my_computed_attr","title":"My
        computed attribute","anchor":{"attribute":{"identifier":"attr.comp.my_computed_attr","title":"My
        computed attribute","folder":"My computed attribute","labels":[{"label":{"identifier":"label.comp.my_computed_attr","title":"Label.Comp.My
        Computed Attr","type":"GDC.text","dataType":"VARCHAR(128)"}}],"defaultLabel":"label.comp.my_computed_attr","relations":["to
        {attr.csv_policies.state} as case when {metric.customers.count} <= 1000 then
        {attr.comp.my_computed_attr?\"Small\"}, when {metric.customers.count} <= 2000
        then {attr.comp.my_computed_attr?\"Medium\"}, when {metric.customers.count}
        > 2000 then {attr.comp.my_computed_attr?\"Large\"} else {attr.comp.my_computed_attr?\"\"}
        end"]}},"production":true}}],"dateDimensions":[{"dateDimension":{"name":"effective_to_date","title":"Effective
        To Date","production":true,"urn":"urn:gooddata:date","identifier":"effective_to_date.dataset.dt","identifierPrefix":"effective_to_date","bridges":[]}}]}}}}'
    http_version: 
  recorded_at: Mon, 20 Jan 2020 04:54:15 GMT
- request:
    method: post
    uri: https://staging2-lcm-prod.intgdc.com/gdc/projects/d02y5s6j3x8qa3khic97varmbv0f5x84/model/diff?includeCA=true&includeGrain=true
    body:
      encoding: UTF-8
      string: '{"diffRequest":{"targetModel":{"projectModel":{"modelMetadata":{"containCA":true},"datasets":[{"dataset":{"identifier":"dataset.csv_policies","title":"Policies","anchor":{"attribute":{"identifier":"attr.csv_policies.factsof","title":"Records
        of Policies","folder":"Policies"}},"attributes":[{"attribute":{"identifier":"attr.csv_policies.customer","title":"Customer","folder":"Policies","labels":[{"label":{"identifier":"label.csv_policies.customer","title":"Customer","type":"GDC.text","dataType":"VARCHAR(255)"}}],"defaultLabel":"label.csv_policies.customer"}},{"attribute":{"identifier":"attr.csv_policies.state","title":"State","folder":"Policies","labels":[{"label":{"identifier":"label.csv_policies.state","title":"State","type":"GDC.text","dataType":"VARCHAR(255)"}}],"defaultLabel":"label.csv_policies.state"}},{"attribute":{"identifier":"attr.csv_policies.coverage","title":"Coverage","folder":"Policies","labels":[{"label":{"identifier":"label.csv_policies.coverage","title":"Coverage","type":"GDC.text","dataType":"VARCHAR(255)"}}],"defaultLabel":"label.csv_policies.coverage"}},{"attribute":{"identifier":"attr.csv_policies.education","title":"Education","folder":"Policies","labels":[{"label":{"identifier":"label.csv_policies.education","title":"Education","type":"GDC.text","dataType":"VARCHAR(255)"}}],"defaultLabel":"label.csv_policies.education"}},{"attribute":{"identifier":"attr.csv_policies.employmentstatus","title":"Employmentstatus","folder":"Policies","labels":[{"label":{"identifier":"label.csv_policies.employmentstatus","title":"Employmentstatus","type":"GDC.text","dataType":"VARCHAR(255)"}}],"defaultLabel":"label.csv_policies.employmentstatus"}},{"attribute":{"identifier":"attr.csv_policies.gender","title":"Gender","folder":"Policies","labels":[{"label":{"identifier":"label.csv_policies.gender","title":"Gender","type":"GDC.text","dataType":"VARCHAR(255)"}}],"defaultLabel":"label.csv_policies.gender"}},{"attribute":{"identifier":"attr.csv_policies.marital_status","title":"Marital
        Status","folder":"Policies","labels":[{"label":{"identifier":"label.csv_policies.marital_status","title":"Marital
        Status","type":"GDC.text","dataType":"VARCHAR(255)"}}],"defaultLabel":"label.csv_policies.marital_status"}},{"attribute":{"identifier":"attr.csv_policies.policy_type","title":"Policy
        Type","folder":"Policies","labels":[{"label":{"identifier":"label.csv_policies.policy_type","title":"Policy
        Type","type":"GDC.text","dataType":"VARCHAR(255)"}}],"defaultLabel":"label.csv_policies.policy_type"}},{"attribute":{"identifier":"attr.csv_policies.renew_offer_type","title":"Renew
        Offer Type","folder":"Policies","labels":[{"label":{"identifier":"label.csv_policies.renew_offer_type","title":"Renew
        Offer Type","type":"GDC.text","dataType":"VARCHAR(255)"}}],"defaultLabel":"label.csv_policies.renew_offer_type"}},{"attribute":{"identifier":"attr.csv_policies.sales_channel","title":"Sales
        Channel","folder":"Policies","labels":[{"label":{"identifier":"label.csv_policies.sales_channel","title":"Sales
        Channel","type":"GDC.text","dataType":"VARCHAR(255)"}}],"defaultLabel":"label.csv_policies.sales_channel"}},{"attribute":{"identifier":"attr.csv_policies.vehicle_class","title":"Vehicle
        Class","folder":"Policies","labels":[{"label":{"identifier":"label.csv_policies.vehicle_class","title":"Vehicle
        Class","type":"GDC.text","dataType":"VARCHAR(255)"}}],"defaultLabel":"label.csv_policies.vehicle_class"}},{"attribute":{"identifier":"attr.csv_policies.vehicle_size","title":"Vehicle
        Size","folder":"Policies","labels":[{"label":{"identifier":"label.csv_policies.vehicle_size","title":"Vehicle
        Size","type":"GDC.text","dataType":"VARCHAR(255)"}}],"defaultLabel":"label.csv_policies.vehicle_size"}}],"facts":[{"fact":{"identifier":"fact.csv_policies.customer_lifetime_value","title":"Customer
        Lifetime Value","folder":"Policies","dataType":"DECIMAL(15,6)","type":"fact"}},{"fact":{"identifier":"fact.csv_policies.income","title":"Income","folder":"Policies","dataType":"DECIMAL(15,6)","type":"fact"}},{"fact":{"identifier":"fact.csv_policies.monthly_premium_auto","title":"Monthly
        Premium Auto","folder":"Policies","dataType":"DECIMAL(15,6)","type":"fact"}},{"fact":{"identifier":"fact.csv_policies.total_claim_amount","title":"Total
        Claim Amount","folder":"Policies","dataType":"DECIMAL(15,6)","type":"fact"}}],"references":["effective_to_date"],"bridges":[]}},{"dataset":{"identifier":"dataset.comp.my_computed_attr","title":"My
        computed attribute","anchor":{"attribute":{"identifier":"attr.comp.my_computed_attr","title":"My
        computed attribute","folder":"My computed attribute","labels":[{"label":{"identifier":"label.comp.my_computed_attr","title":"Label.Comp.My
        Computed Attr","type":"GDC.text","dataType":"VARCHAR(128)"}}],"relations":["to
        {attr.csv_policies.state} as case when {metric.customers.count} <= 1000 then
        {attr.comp.my_computed_attr?\"Small\"}, when {metric.customers.count} <= 2000
        then {attr.comp.my_computed_attr?\"Medium\"}, when {metric.customers.count}
        > 2000 then {attr.comp.my_computed_attr?\"Large\"} else {attr.comp.my_computed_attr?\"\"}
        end"],"defaultLabel":"label.comp.my_computed_attr"}},"attributes":[],"facts":[],"references":[],"bridges":[]}}],"dateDimensions":[{"dateDimension":{"name":"effective_to_date","urn":"urn:gooddata:date","title":"Effective
        To Date","identifierPrefix":"effective_to_date","bridges":[]}}]}}}}'
    headers:
      Accept:
      - application/json, application/zip
      User-Agent:
      - gooddata-gem/2.1.9/x86_64-darwin17/2.3.8
      Content-Type:
      - application/json
      X-Gdc-Authtt:
      - "<X_GDC_AUTHTT>"
      X-Gdc-Request:
      - ":khvB9WRu3MGEpnzND4O8Vw:MEvdsf-9UUSTndiNU82ukg"
      Stats-On:
      - ''
      X-Gdc-Version:
      - '2'
      Content-Length:
      - '5373'
      Accept-Encoding:
      - gzip;q=1.0,deflate;q=0.6,identity;q=0.3
      Host:
      - staging2-lcm-prod.intgdc.com
  response:
    status:
      code: 202
      message: Accepted
    headers:
      Location:
      - "/gdc/projects/d02y5s6j3x8qa3khic97varmbv0f5x84/model/diff/a4a4f289acf21dcbf1f12cdf0eaad0a7ff771b7b9bceb39a00000015"
      X-Gdc-Log-Header:
      - ''
      Content-Type:
      - application/json;charset=UTF-8
      Date:
      - Mon, 20 Jan 2020 04:54:16 GMT
      Server:
      - GoodData WebApp
      X-Gdc-Request-Time:
      - '219'
      X-Gdc-Request:
      - ":khvB9WRu3MGEpnzND4O8Vw:MEvdsf-9UUSTndiNU82ukg:9xDKwO3M7t7Sh5IX"
      Cache-Control:
      - no-cache, no-store, must-revalidate
      Vary:
      - origin,X-GDC-VERSION
      Transfer-Encoding:
      - chunked
      Strict-Transport-Security:
      - max-age=10886400; includeSubDomains; preload;
    body:
      encoding: ASCII-8BIT
      string: '{"asyncTask":{"link":{"poll":"/gdc/projects/d02y5s6j3x8qa3khic97varmbv0f5x84/model/diff/a4a4f289acf21dcbf1f12cdf0eaad0a7ff771b7b9bceb39a00000015"}}}'
    http_version: 
  recorded_at: Mon, 20 Jan 2020 04:54:16 GMT
- request:
    method: get
    uri: https://staging2-lcm-prod.intgdc.com/gdc/projects/d02y5s6j3x8qa3khic97varmbv0f5x84/model/diff/a4a4f289acf21dcbf1f12cdf0eaad0a7ff771b7b9bceb39a00000015
    body:
      encoding: US-ASCII
      string: ''
    headers:
      Accept:
      - application/json, application/zip
      User-Agent:
      - gooddata-gem/2.1.9/x86_64-darwin17/2.3.8
      Content-Type:
      - application/json
      X-Gdc-Authtt:
      - "<X_GDC_AUTHTT>"
      X-Gdc-Request:
      - ":khvB9WRu3MGEpnzND4O8Vw:UDv6SHBviFpd6KstfqakAQ"
      Process:
      - 'false'
      Stats-On:
      - ''
      X-Gdc-Version:
      - '2'
      Accept-Encoding:
      - gzip;q=1.0,deflate;q=0.6,identity;q=0.3
      Host:
      - staging2-lcm-prod.intgdc.com
  response:
    status:
      code: 202
      message: Accepted
    headers:
      Location:
      - "/gdc/projects/d02y5s6j3x8qa3khic97varmbv0f5x84/model/diff/a4a4f289acf21dcbf1f12cdf0eaad0a7ff771b7b9bceb39a00000015"
      X-Gdc-Log-Header:
      - ''
      Content-Type:
      - application/json;charset=UTF-8
      Date:
      - Mon, 20 Jan 2020 04:54:17 GMT
      Server:
      - GoodData WebApp
      X-Gdc-Request-Time:
      - '20'
      X-Gdc-Request:
      - ":khvB9WRu3MGEpnzND4O8Vw:UDv6SHBviFpd6KstfqakAQ:YNnfaQOFxV11sYQk"
      Cache-Control:
      - no-cache, no-store, must-revalidate
      Vary:
      - origin,X-GDC-VERSION
      Transfer-Encoding:
      - chunked
      Strict-Transport-Security:
      - max-age=10886400; includeSubDomains; preload;
    body:
      encoding: ASCII-8BIT
      string: '{"asyncTask":{"link":{"poll":"/gdc/projects/d02y5s6j3x8qa3khic97varmbv0f5x84/model/diff/a4a4f289acf21dcbf1f12cdf0eaad0a7ff771b7b9bceb39a00000015"}}}'
    http_version: 
  recorded_at: Mon, 20 Jan 2020 04:54:17 GMT
- request:
    method: get
    uri: https://staging2-lcm-prod.intgdc.com/gdc/projects/d02y5s6j3x8qa3khic97varmbv0f5x84/model/diff/a4a4f289acf21dcbf1f12cdf0eaad0a7ff771b7b9bceb39a00000015
    body:
      encoding: US-ASCII
      string: ''
    headers:
      Accept:
      - application/json, application/zip
      User-Agent:
      - gooddata-gem/2.1.9/x86_64-darwin17/2.3.8
      Content-Type:
      - application/json
      X-Gdc-Authtt:
      - "<X_GDC_AUTHTT>"
      X-Gdc-Request:
      - ":khvB9WRu3MGEpnzND4O8Vw:WWEg-a_RSKDBn_b2aX7jEQ"
      Process:
      - 'false'
      Stats-On:
      - ''
      X-Gdc-Version:
      - '2'
      Accept-Encoding:
      - gzip;q=1.0,deflate;q=0.6,identity;q=0.3
      Host:
      - staging2-lcm-prod.intgdc.com
  response:
    status:
      code: 200
      message: OK
    headers:
      X-Gdc-Log-Header:
      - ''
      Content-Type:
      - application/json;charset=UTF-8
      Date:
      - Mon, 20 Jan 2020 04:54:19 GMT
      Server:
      - GoodData WebApp
      X-Gdc-Request-Time:
      - '14'
      X-Gdc-Request:
      - ":khvB9WRu3MGEpnzND4O8Vw:WWEg-a_RSKDBn_b2aX7jEQ:e3RCZBfPj3QfEOrg"
      Cache-Control:
      - no-cache, no-store, must-revalidate
      Vary:
      - origin,X-GDC-VERSION
      Transfer-Encoding:
      - chunked
      Strict-Transport-Security:
      - max-age=10886400; includeSubDomains; preload;
    body:
      encoding: ASCII-8BIT
      string: '{"projectModelDiff":{"updateOperations":[],"updateScripts":[]}}'
    http_version: 
  recorded_at: Mon, 20 Jan 2020 04:54:19 GMT
- request:
    method: get
    uri: https://staging2-lcm-prod.intgdc.com/gdc/projects/d02y5s6j3x8qa3khic97varmbv0f5x84/model/diff/a4a4f289acf21dcbf1f12cdf0eaad0a7ff771b7b9bceb39a00000015
    body:
      encoding: US-ASCII
      string: ''
    headers:
      Accept:
      - application/json, application/zip
      User-Agent:
      - gooddata-gem/2.1.9/x86_64-darwin17/2.3.8
      Content-Type:
      - application/json
      X-Gdc-Authtt:
      - "<X_GDC_AUTHTT>"
      X-Gdc-Request:
      - ":khvB9WRu3MGEpnzND4O8Vw:fYZhyM_hju3FhWn649-44g"
      Stats-On:
      - ''
      X-Gdc-Version:
      - '2'
      Accept-Encoding:
      - gzip;q=1.0,deflate;q=0.6,identity;q=0.3
      Host:
      - staging2-lcm-prod.intgdc.com
  response:
    status:
      code: 200
      message: OK
    headers:
      X-Gdc-Log-Header:
      - ''
      Content-Type:
      - application/json;charset=UTF-8
      Date:
      - Mon, 20 Jan 2020 04:54:20 GMT
      Server:
      - GoodData WebApp
      X-Gdc-Request-Time:
      - '16'
      X-Gdc-Request:
      - ":khvB9WRu3MGEpnzND4O8Vw:fYZhyM_hju3FhWn649-44g:qUveQCcwh1rbnrz8"
      Cache-Control:
      - no-cache, no-store, must-revalidate
      Vary:
      - origin,X-GDC-VERSION
      Transfer-Encoding:
      - chunked
      Strict-Transport-Security:
      - max-age=10886400; includeSubDomains; preload;
    body:
      encoding: ASCII-8BIT
      string: '{"projectModelDiff":{"updateOperations":[],"updateScripts":[]}}'
    http_version: 
  recorded_at: Mon, 20 Jan 2020 04:54:20 GMT
- request:
    method: get
    uri: https://staging2-lcm-prod.intgdc.com/gdc/projects/e1lvfhnpoti4o9pq9ha1wslbzslbslsp/model/view?includeCA=true&includeDeprecated=true&includeGrain=true
    body:
      encoding: US-ASCII
      string: ''
    headers:
      Accept:
      - application/json, application/zip
      User-Agent:
      - gooddata-gem/2.1.9/x86_64-darwin17/2.3.8
      Content-Type:
      - application/json
      X-Gdc-Authtt:
      - "<X_GDC_AUTHTT>"
      X-Gdc-Request:
      - ":khvB9WRu3MGEpnzND4O8Vw:_TtAeo3TT3JW6aAIlJjNVw"
      Stats-On:
      - ''
      X-Gdc-Version:
      - '2'
      Accept-Encoding:
      - gzip;q=1.0,deflate;q=0.6,identity;q=0.3
      Host:
      - staging2-lcm-prod.intgdc.com
  response:
    status:
      code: 202
      message: Accepted
    headers:
      Location:
      - "/gdc/projects/e1lvfhnpoti4o9pq9ha1wslbzslbslsp/model/view/3efb95d4dff6366bd51881b950b1baf184865b9fe1ad63d900000015"
      X-Gdc-Log-Header:
      - ''
      Content-Type:
      - application/json;charset=UTF-8
      Date:
      - Mon, 20 Jan 2020 04:54:20 GMT
      Server:
      - GoodData WebApp
      X-Gdc-Request-Time:
      - '14'
      X-Gdc-Request:
      - ":khvB9WRu3MGEpnzND4O8Vw:_TtAeo3TT3JW6aAIlJjNVw:nZN3WwqRatkPMGIi"
      Cache-Control:
      - no-cache, no-store, must-revalidate
      Vary:
      - origin,X-GDC-VERSION
      Transfer-Encoding:
      - chunked
      Strict-Transport-Security:
      - max-age=10886400; includeSubDomains; preload;
    body:
      encoding: ASCII-8BIT
      string: '{"asyncTask":{"link":{"poll":"/gdc/projects/e1lvfhnpoti4o9pq9ha1wslbzslbslsp/model/view/3efb95d4dff6366bd51881b950b1baf184865b9fe1ad63d900000015"}}}'
    http_version: 
  recorded_at: Mon, 20 Jan 2020 04:54:21 GMT
- request:
    method: get
    uri: https://staging2-lcm-prod.intgdc.com/gdc/projects/e1lvfhnpoti4o9pq9ha1wslbzslbslsp/model/view/3efb95d4dff6366bd51881b950b1baf184865b9fe1ad63d900000015
    body:
      encoding: US-ASCII
      string: ''
    headers:
      Accept:
      - application/json, application/zip
      User-Agent:
      - gooddata-gem/2.1.9/x86_64-darwin17/2.3.8
      Content-Type:
      - application/json
      X-Gdc-Authtt:
      - "<X_GDC_AUTHTT>"
      X-Gdc-Request:
      - ":khvB9WRu3MGEpnzND4O8Vw:Bv6rCvyP4rxgbzhoJs9kqQ"
      Process:
      - 'false'
      Stats-On:
      - ''
      X-Gdc-Version:
      - '2'
      Accept-Encoding:
      - gzip;q=1.0,deflate;q=0.6,identity;q=0.3
      Host:
      - staging2-lcm-prod.intgdc.com
  response:
    status:
      code: 200
      message: OK
    headers:
      X-Gdc-Log-Header:
      - ''
      Content-Type:
      - application/json;charset=UTF-8
      Transfer-Encoding:
      - chunked
      Date:
      - Mon, 20 Jan 2020 04:54:20 GMT
      Server:
      - GoodData WebApp
      X-Gdc-Request-Time:
      - '19'
      X-Gdc-Request:
      - ":khvB9WRu3MGEpnzND4O8Vw:Bv6rCvyP4rxgbzhoJs9kqQ:JmAuOIkeBxVf3K22"
      Cache-Control:
      - no-cache, no-store, must-revalidate
      Vary:
      - Accept-Encoding,origin,X-GDC-VERSION
      Strict-Transport-Security:
      - max-age=10886400; includeSubDomains; preload;
    body:
      encoding: ASCII-8BIT
      string: '{"projectModelView":{"model":{"projectModel":{"modelMetadata":{"containCA":true},"datasets":[{"dataset":{"identifier":"dataset.csv_policies","title":"Policies","anchor":{"attribute":{"identifier":"attr.csv_policies.factsof","title":"Records
        of Policies","folder":"Policies"}},"attributes":[{"attribute":{"identifier":"attr.csv_policies.customer","title":"Customer","folder":"Policies","labels":[{"label":{"identifier":"label.csv_policies.customer","title":"Customer","type":"GDC.text","dataType":"VARCHAR(255)"}}],"defaultLabel":"label.csv_policies.customer"}},{"attribute":{"identifier":"attr.csv_policies.state","title":"State","folder":"Policies","labels":[{"label":{"identifier":"label.csv_policies.state","title":"State","type":"GDC.text","dataType":"VARCHAR(255)"}}],"defaultLabel":"label.csv_policies.state"}},{"attribute":{"identifier":"attr.csv_policies.coverage","title":"Coverage","folder":"Policies","labels":[{"label":{"identifier":"label.csv_policies.coverage","title":"Coverage","type":"GDC.text","dataType":"VARCHAR(255)"}}],"defaultLabel":"label.csv_policies.coverage"}},{"attribute":{"identifier":"attr.csv_policies.education","title":"Education","folder":"Policies","labels":[{"label":{"identifier":"label.csv_policies.education","title":"Education","type":"GDC.text","dataType":"VARCHAR(255)"}}],"defaultLabel":"label.csv_policies.education"}},{"attribute":{"identifier":"attr.csv_policies.employmentstatus","title":"Employmentstatus","folder":"Policies","labels":[{"label":{"identifier":"label.csv_policies.employmentstatus","title":"Employmentstatus","type":"GDC.text","dataType":"VARCHAR(255)"}}],"defaultLabel":"label.csv_policies.employmentstatus"}},{"attribute":{"identifier":"attr.csv_policies.gender","title":"Gender","folder":"Policies","labels":[{"label":{"identifier":"label.csv_policies.gender","title":"Gender","type":"GDC.text","dataType":"VARCHAR(255)"}}],"defaultLabel":"label.csv_policies.gender"}},{"attribute":{"identifier":"attr.csv_policies.marital_status","title":"Marital
        Status","folder":"Policies","labels":[{"label":{"identifier":"label.csv_policies.marital_status","title":"Marital
        Status","type":"GDC.text","dataType":"VARCHAR(255)"}}],"defaultLabel":"label.csv_policies.marital_status"}},{"attribute":{"identifier":"attr.csv_policies.policy_type","title":"Policy
        Type","folder":"Policies","labels":[{"label":{"identifier":"label.csv_policies.policy_type","title":"Policy
        Type","type":"GDC.text","dataType":"VARCHAR(255)"}}],"defaultLabel":"label.csv_policies.policy_type"}},{"attribute":{"identifier":"attr.csv_policies.renew_offer_type","title":"Renew
        Offer Type","folder":"Policies","labels":[{"label":{"identifier":"label.csv_policies.renew_offer_type","title":"Renew
        Offer Type","type":"GDC.text","dataType":"VARCHAR(255)"}}],"defaultLabel":"label.csv_policies.renew_offer_type"}},{"attribute":{"identifier":"attr.csv_policies.sales_channel","title":"Sales
        Channel","folder":"Policies","labels":[{"label":{"identifier":"label.csv_policies.sales_channel","title":"Sales
        Channel","type":"GDC.text","dataType":"VARCHAR(255)"}}],"defaultLabel":"label.csv_policies.sales_channel"}},{"attribute":{"identifier":"attr.csv_policies.vehicle_class","title":"Vehicle
        Class","folder":"Policies","labels":[{"label":{"identifier":"label.csv_policies.vehicle_class","title":"Vehicle
        Class","type":"GDC.text","dataType":"VARCHAR(255)"}}],"defaultLabel":"label.csv_policies.vehicle_class"}},{"attribute":{"identifier":"attr.csv_policies.vehicle_size","title":"Vehicle
        Size","folder":"Policies","labels":[{"label":{"identifier":"label.csv_policies.vehicle_size","title":"Vehicle
        Size","type":"GDC.text","dataType":"VARCHAR(255)"}}],"defaultLabel":"label.csv_policies.vehicle_size"}}],"facts":[{"fact":{"identifier":"fact.csv_policies.customer_lifetime_value","title":"Customer
        Lifetime Value","folder":"Policies","dataType":"DECIMAL(15,6)","restricted":false}},{"fact":{"identifier":"fact.csv_policies.income","title":"Income","folder":"Policies","dataType":"DECIMAL(15,6)","restricted":false}},{"fact":{"identifier":"fact.csv_policies.monthly_premium_auto","title":"Monthly
        Premium Auto","folder":"Policies","dataType":"DECIMAL(15,6)","restricted":false}},{"fact":{"identifier":"fact.csv_policies.total_claim_amount","title":"Total
        Claim Amount","folder":"Policies","dataType":"DECIMAL(15,6)","restricted":false}}],"references":["effective_to_date"],"production":true}},{"dataset":{"identifier":"dataset.comp.my_computed_attr","title":"My
        computed attribute","anchor":{"attribute":{"identifier":"attr.comp.my_computed_attr","title":"My
        computed attribute","folder":"My computed attribute","labels":[{"label":{"identifier":"label.comp.my_computed_attr","title":"Label.Comp.My
        Computed Attr","type":"GDC.text","dataType":"VARCHAR(128)"}}],"defaultLabel":"label.comp.my_computed_attr","relations":["to
        {attr.csv_policies.state} as case when {metric.customers.count} <= 1000 then
        {attr.comp.my_computed_attr?\"Small\"}, when {metric.customers.count} <= 2000
        then {attr.comp.my_computed_attr?\"Medium\"}, when {metric.customers.count}
        > 2000 then {attr.comp.my_computed_attr?\"Large\"} else {attr.comp.my_computed_attr?\"\"}
        end"]}},"production":true}}],"dateDimensions":[{"dateDimension":{"name":"effective_to_date","title":"Effective
        To Date","production":true,"urn":"urn:gooddata:date","identifier":"effective_to_date.dataset.dt","identifierPrefix":"effective_to_date","bridges":[]}}]}}}}'
    http_version: 
  recorded_at: Mon, 20 Jan 2020 04:54:21 GMT
- request:
    method: get
    uri: https://staging2-lcm-prod.intgdc.com/gdc/projects/e1lvfhnpoti4o9pq9ha1wslbzslbslsp/model/view/3efb95d4dff6366bd51881b950b1baf184865b9fe1ad63d900000015
    body:
      encoding: US-ASCII
      string: ''
    headers:
      Accept:
      - application/json, application/zip
      User-Agent:
      - gooddata-gem/2.1.9/x86_64-darwin17/2.3.8
      Content-Type:
      - application/json
      X-Gdc-Authtt:
      - "<X_GDC_AUTHTT>"
      X-Gdc-Request:
      - ":khvB9WRu3MGEpnzND4O8Vw:zBIuXycx-VQtciXfnv2bQg"
      Stats-On:
      - ''
      X-Gdc-Version:
      - '2'
      Accept-Encoding:
      - gzip;q=1.0,deflate;q=0.6,identity;q=0.3
      Host:
      - staging2-lcm-prod.intgdc.com
  response:
    status:
      code: 200
      message: OK
    headers:
      X-Gdc-Log-Header:
      - ''
      Content-Type:
      - application/json;charset=UTF-8
      Transfer-Encoding:
      - chunked
      Date:
      - Mon, 20 Jan 2020 04:54:22 GMT
      Server:
      - GoodData WebApp
      X-Gdc-Request-Time:
      - '15'
      X-Gdc-Request:
      - ":khvB9WRu3MGEpnzND4O8Vw:zBIuXycx-VQtciXfnv2bQg:2WPmWg9eenvhl6EO"
      Cache-Control:
      - no-cache, no-store, must-revalidate
      Vary:
      - Accept-Encoding,origin,X-GDC-VERSION
      Strict-Transport-Security:
      - max-age=10886400; includeSubDomains; preload;
    body:
      encoding: ASCII-8BIT
      string: '{"projectModelView":{"model":{"projectModel":{"modelMetadata":{"containCA":true},"datasets":[{"dataset":{"identifier":"dataset.csv_policies","title":"Policies","anchor":{"attribute":{"identifier":"attr.csv_policies.factsof","title":"Records
        of Policies","folder":"Policies"}},"attributes":[{"attribute":{"identifier":"attr.csv_policies.customer","title":"Customer","folder":"Policies","labels":[{"label":{"identifier":"label.csv_policies.customer","title":"Customer","type":"GDC.text","dataType":"VARCHAR(255)"}}],"defaultLabel":"label.csv_policies.customer"}},{"attribute":{"identifier":"attr.csv_policies.state","title":"State","folder":"Policies","labels":[{"label":{"identifier":"label.csv_policies.state","title":"State","type":"GDC.text","dataType":"VARCHAR(255)"}}],"defaultLabel":"label.csv_policies.state"}},{"attribute":{"identifier":"attr.csv_policies.coverage","title":"Coverage","folder":"Policies","labels":[{"label":{"identifier":"label.csv_policies.coverage","title":"Coverage","type":"GDC.text","dataType":"VARCHAR(255)"}}],"defaultLabel":"label.csv_policies.coverage"}},{"attribute":{"identifier":"attr.csv_policies.education","title":"Education","folder":"Policies","labels":[{"label":{"identifier":"label.csv_policies.education","title":"Education","type":"GDC.text","dataType":"VARCHAR(255)"}}],"defaultLabel":"label.csv_policies.education"}},{"attribute":{"identifier":"attr.csv_policies.employmentstatus","title":"Employmentstatus","folder":"Policies","labels":[{"label":{"identifier":"label.csv_policies.employmentstatus","title":"Employmentstatus","type":"GDC.text","dataType":"VARCHAR(255)"}}],"defaultLabel":"label.csv_policies.employmentstatus"}},{"attribute":{"identifier":"attr.csv_policies.gender","title":"Gender","folder":"Policies","labels":[{"label":{"identifier":"label.csv_policies.gender","title":"Gender","type":"GDC.text","dataType":"VARCHAR(255)"}}],"defaultLabel":"label.csv_policies.gender"}},{"attribute":{"identifier":"attr.csv_policies.marital_status","title":"Marital
        Status","folder":"Policies","labels":[{"label":{"identifier":"label.csv_policies.marital_status","title":"Marital
        Status","type":"GDC.text","dataType":"VARCHAR(255)"}}],"defaultLabel":"label.csv_policies.marital_status"}},{"attribute":{"identifier":"attr.csv_policies.policy_type","title":"Policy
        Type","folder":"Policies","labels":[{"label":{"identifier":"label.csv_policies.policy_type","title":"Policy
        Type","type":"GDC.text","dataType":"VARCHAR(255)"}}],"defaultLabel":"label.csv_policies.policy_type"}},{"attribute":{"identifier":"attr.csv_policies.renew_offer_type","title":"Renew
        Offer Type","folder":"Policies","labels":[{"label":{"identifier":"label.csv_policies.renew_offer_type","title":"Renew
        Offer Type","type":"GDC.text","dataType":"VARCHAR(255)"}}],"defaultLabel":"label.csv_policies.renew_offer_type"}},{"attribute":{"identifier":"attr.csv_policies.sales_channel","title":"Sales
        Channel","folder":"Policies","labels":[{"label":{"identifier":"label.csv_policies.sales_channel","title":"Sales
        Channel","type":"GDC.text","dataType":"VARCHAR(255)"}}],"defaultLabel":"label.csv_policies.sales_channel"}},{"attribute":{"identifier":"attr.csv_policies.vehicle_class","title":"Vehicle
        Class","folder":"Policies","labels":[{"label":{"identifier":"label.csv_policies.vehicle_class","title":"Vehicle
        Class","type":"GDC.text","dataType":"VARCHAR(255)"}}],"defaultLabel":"label.csv_policies.vehicle_class"}},{"attribute":{"identifier":"attr.csv_policies.vehicle_size","title":"Vehicle
        Size","folder":"Policies","labels":[{"label":{"identifier":"label.csv_policies.vehicle_size","title":"Vehicle
        Size","type":"GDC.text","dataType":"VARCHAR(255)"}}],"defaultLabel":"label.csv_policies.vehicle_size"}}],"facts":[{"fact":{"identifier":"fact.csv_policies.customer_lifetime_value","title":"Customer
        Lifetime Value","folder":"Policies","dataType":"DECIMAL(15,6)","restricted":false}},{"fact":{"identifier":"fact.csv_policies.income","title":"Income","folder":"Policies","dataType":"DECIMAL(15,6)","restricted":false}},{"fact":{"identifier":"fact.csv_policies.monthly_premium_auto","title":"Monthly
        Premium Auto","folder":"Policies","dataType":"DECIMAL(15,6)","restricted":false}},{"fact":{"identifier":"fact.csv_policies.total_claim_amount","title":"Total
        Claim Amount","folder":"Policies","dataType":"DECIMAL(15,6)","restricted":false}}],"references":["effective_to_date"],"production":true}},{"dataset":{"identifier":"dataset.comp.my_computed_attr","title":"My
        computed attribute","anchor":{"attribute":{"identifier":"attr.comp.my_computed_attr","title":"My
        computed attribute","folder":"My computed attribute","labels":[{"label":{"identifier":"label.comp.my_computed_attr","title":"Label.Comp.My
        Computed Attr","type":"GDC.text","dataType":"VARCHAR(128)"}}],"defaultLabel":"label.comp.my_computed_attr","relations":["to
        {attr.csv_policies.state} as case when {metric.customers.count} <= 1000 then
        {attr.comp.my_computed_attr?\"Small\"}, when {metric.customers.count} <= 2000
        then {attr.comp.my_computed_attr?\"Medium\"}, when {metric.customers.count}
        > 2000 then {attr.comp.my_computed_attr?\"Large\"} else {attr.comp.my_computed_attr?\"\"}
        end"]}},"production":true}}],"dateDimensions":[{"dateDimension":{"name":"effective_to_date","title":"Effective
        To Date","production":true,"urn":"urn:gooddata:date","identifier":"effective_to_date.dataset.dt","identifierPrefix":"effective_to_date","bridges":[]}}]}}}}'
    http_version: 
  recorded_at: Mon, 20 Jan 2020 04:54:22 GMT
- request:
    method: post
    uri: https://staging2-lcm-prod.intgdc.com/gdc/projects/py1x4y6xhvgby2r1j3fdj56qqqrlwbzd/model/diff?includeCA=true&includeGrain=true
    body:
      encoding: UTF-8
      string: '{"diffRequest":{"targetModel":{"projectModel":{"modelMetadata":{"containCA":true},"datasets":[{"dataset":{"identifier":"dataset.csv_policies","title":"Policies","anchor":{"attribute":{"identifier":"attr.csv_policies.factsof","title":"Records
        of Policies","folder":"Policies"}},"attributes":[{"attribute":{"identifier":"attr.csv_policies.customer","title":"Customer","folder":"Policies","labels":[{"label":{"identifier":"label.csv_policies.customer","title":"Customer","type":"GDC.text","dataType":"VARCHAR(255)"}}],"defaultLabel":"label.csv_policies.customer"}},{"attribute":{"identifier":"attr.csv_policies.state","title":"State","folder":"Policies","labels":[{"label":{"identifier":"label.csv_policies.state","title":"State","type":"GDC.text","dataType":"VARCHAR(255)"}}],"defaultLabel":"label.csv_policies.state"}},{"attribute":{"identifier":"attr.csv_policies.coverage","title":"Coverage","folder":"Policies","labels":[{"label":{"identifier":"label.csv_policies.coverage","title":"Coverage","type":"GDC.text","dataType":"VARCHAR(255)"}}],"defaultLabel":"label.csv_policies.coverage"}},{"attribute":{"identifier":"attr.csv_policies.education","title":"Education","folder":"Policies","labels":[{"label":{"identifier":"label.csv_policies.education","title":"Education","type":"GDC.text","dataType":"VARCHAR(255)"}}],"defaultLabel":"label.csv_policies.education"}},{"attribute":{"identifier":"attr.csv_policies.employmentstatus","title":"Employmentstatus","folder":"Policies","labels":[{"label":{"identifier":"label.csv_policies.employmentstatus","title":"Employmentstatus","type":"GDC.text","dataType":"VARCHAR(255)"}}],"defaultLabel":"label.csv_policies.employmentstatus"}},{"attribute":{"identifier":"attr.csv_policies.gender","title":"Gender","folder":"Policies","labels":[{"label":{"identifier":"label.csv_policies.gender","title":"Gender","type":"GDC.text","dataType":"VARCHAR(255)"}}],"defaultLabel":"label.csv_policies.gender"}},{"attribute":{"identifier":"attr.csv_policies.marital_status","title":"Marital
        Status","folder":"Policies","labels":[{"label":{"identifier":"label.csv_policies.marital_status","title":"Marital
        Status","type":"GDC.text","dataType":"VARCHAR(255)"}}],"defaultLabel":"label.csv_policies.marital_status"}},{"attribute":{"identifier":"attr.csv_policies.policy_type","title":"Policy
        Type","folder":"Policies","labels":[{"label":{"identifier":"label.csv_policies.policy_type","title":"Policy
        Type","type":"GDC.text","dataType":"VARCHAR(255)"}}],"defaultLabel":"label.csv_policies.policy_type"}},{"attribute":{"identifier":"attr.csv_policies.renew_offer_type","title":"Renew
        Offer Type","folder":"Policies","labels":[{"label":{"identifier":"label.csv_policies.renew_offer_type","title":"Renew
        Offer Type","type":"GDC.text","dataType":"VARCHAR(255)"}}],"defaultLabel":"label.csv_policies.renew_offer_type"}},{"attribute":{"identifier":"attr.csv_policies.sales_channel","title":"Sales
        Channel","folder":"Policies","labels":[{"label":{"identifier":"label.csv_policies.sales_channel","title":"Sales
        Channel","type":"GDC.text","dataType":"VARCHAR(255)"}}],"defaultLabel":"label.csv_policies.sales_channel"}},{"attribute":{"identifier":"attr.csv_policies.vehicle_class","title":"Vehicle
        Class","folder":"Policies","labels":[{"label":{"identifier":"label.csv_policies.vehicle_class","title":"Vehicle
        Class","type":"GDC.text","dataType":"VARCHAR(255)"}}],"defaultLabel":"label.csv_policies.vehicle_class"}},{"attribute":{"identifier":"attr.csv_policies.vehicle_size","title":"Vehicle
        Size","folder":"Policies","labels":[{"label":{"identifier":"label.csv_policies.vehicle_size","title":"Vehicle
        Size","type":"GDC.text","dataType":"VARCHAR(255)"}}],"defaultLabel":"label.csv_policies.vehicle_size"}}],"facts":[{"fact":{"identifier":"fact.csv_policies.customer_lifetime_value","title":"Customer
        Lifetime Value","folder":"Policies","dataType":"DECIMAL(15,6)","type":"fact"}},{"fact":{"identifier":"fact.csv_policies.income","title":"Income","folder":"Policies","dataType":"DECIMAL(15,6)","type":"fact"}},{"fact":{"identifier":"fact.csv_policies.monthly_premium_auto","title":"Monthly
        Premium Auto","folder":"Policies","dataType":"DECIMAL(15,6)","type":"fact"}},{"fact":{"identifier":"fact.csv_policies.total_claim_amount","title":"Total
        Claim Amount","folder":"Policies","dataType":"DECIMAL(15,6)","type":"fact"}}],"references":["effective_to_date"],"bridges":[]}},{"dataset":{"identifier":"dataset.comp.my_computed_attr","title":"My
        computed attribute","anchor":{"attribute":{"identifier":"attr.comp.my_computed_attr","title":"My
        computed attribute","folder":"My computed attribute","labels":[{"label":{"identifier":"label.comp.my_computed_attr","title":"Label.Comp.My
        Computed Attr","type":"GDC.text","dataType":"VARCHAR(128)"}}],"relations":["to
        {attr.csv_policies.state} as case when {metric.customers.count} <= 1000 then
        {attr.comp.my_computed_attr?\"Small\"}, when {metric.customers.count} <= 2000
        then {attr.comp.my_computed_attr?\"Medium\"}, when {metric.customers.count}
        > 2000 then {attr.comp.my_computed_attr?\"Large\"} else {attr.comp.my_computed_attr?\"\"}
        end"],"defaultLabel":"label.comp.my_computed_attr"}},"attributes":[],"facts":[],"references":[],"bridges":[]}}],"dateDimensions":[{"dateDimension":{"name":"effective_to_date","urn":"urn:gooddata:date","title":"Effective
        To Date","identifierPrefix":"effective_to_date","bridges":[]}}]}}}}'
    headers:
      Accept:
      - application/json, application/zip
      User-Agent:
      - gooddata-gem/2.1.9/x86_64-darwin17/2.3.8
      Content-Type:
      - application/json
      X-Gdc-Authtt:
      - "<X_GDC_AUTHTT>"
      X-Gdc-Request:
      - ":khvB9WRu3MGEpnzND4O8Vw:RXX84Srh3d6I8TbuWeCgZQ"
      Stats-On:
      - ''
      X-Gdc-Version:
      - '2'
      Content-Length:
      - '5373'
      Accept-Encoding:
      - gzip;q=1.0,deflate;q=0.6,identity;q=0.3
      Host:
      - staging2-lcm-prod.intgdc.com
  response:
    status:
      code: 202
      message: Accepted
    headers:
      Location:
      - "/gdc/projects/py1x4y6xhvgby2r1j3fdj56qqqrlwbzd/model/diff/fdc425e0da6eb2a4afebd272c7ff1205bdb5a5d0dfbbee8900000015"
      X-Gdc-Log-Header:
      - ''
      Content-Type:
      - application/json;charset=UTF-8
      Date:
      - Mon, 20 Jan 2020 04:54:23 GMT
      Server:
      - GoodData WebApp
      X-Gdc-Request-Time:
      - '229'
      X-Gdc-Request:
      - ":khvB9WRu3MGEpnzND4O8Vw:RXX84Srh3d6I8TbuWeCgZQ:Hla0xsp5ABWeMOk5"
      Cache-Control:
      - no-cache, no-store, must-revalidate
      Vary:
      - origin,X-GDC-VERSION
      Transfer-Encoding:
      - chunked
      Strict-Transport-Security:
      - max-age=10886400; includeSubDomains; preload;
    body:
      encoding: ASCII-8BIT
      string: '{"asyncTask":{"link":{"poll":"/gdc/projects/py1x4y6xhvgby2r1j3fdj56qqqrlwbzd/model/diff/fdc425e0da6eb2a4afebd272c7ff1205bdb5a5d0dfbbee8900000015"}}}'
    http_version: 
  recorded_at: Mon, 20 Jan 2020 04:54:23 GMT
- request:
    method: get
    uri: https://staging2-lcm-prod.intgdc.com/gdc/projects/py1x4y6xhvgby2r1j3fdj56qqqrlwbzd/model/diff/fdc425e0da6eb2a4afebd272c7ff1205bdb5a5d0dfbbee8900000015
    body:
      encoding: US-ASCII
      string: ''
    headers:
      Accept:
      - application/json, application/zip
      User-Agent:
      - gooddata-gem/2.1.9/x86_64-darwin17/2.3.8
      Content-Type:
      - application/json
      X-Gdc-Authtt:
      - "<X_GDC_AUTHTT>"
      X-Gdc-Request:
      - ":khvB9WRu3MGEpnzND4O8Vw:0WBFM0jeRekGdOC4yVB__w"
      Process:
      - 'false'
      Stats-On:
      - ''
      X-Gdc-Version:
      - '2'
      Accept-Encoding:
      - gzip;q=1.0,deflate;q=0.6,identity;q=0.3
      Host:
      - staging2-lcm-prod.intgdc.com
  response:
    status:
      code: 202
      message: Accepted
    headers:
      Location:
      - "/gdc/projects/py1x4y6xhvgby2r1j3fdj56qqqrlwbzd/model/diff/fdc425e0da6eb2a4afebd272c7ff1205bdb5a5d0dfbbee8900000015"
      X-Gdc-Log-Header:
      - ''
      Content-Type:
      - application/json;charset=UTF-8
      Date:
      - Mon, 20 Jan 2020 04:54:23 GMT
      Server:
      - GoodData WebApp
      X-Gdc-Request-Time:
      - '11'
      X-Gdc-Request:
      - ":khvB9WRu3MGEpnzND4O8Vw:0WBFM0jeRekGdOC4yVB__w:OxlMqG2XNILqMahS"
      Cache-Control:
      - no-cache, no-store, must-revalidate
      Vary:
      - origin,X-GDC-VERSION
      Transfer-Encoding:
      - chunked
      Strict-Transport-Security:
      - max-age=10886400; includeSubDomains; preload;
    body:
      encoding: ASCII-8BIT
      string: '{"asyncTask":{"link":{"poll":"/gdc/projects/py1x4y6xhvgby2r1j3fdj56qqqrlwbzd/model/diff/fdc425e0da6eb2a4afebd272c7ff1205bdb5a5d0dfbbee8900000015"}}}'
    http_version: 
  recorded_at: Mon, 20 Jan 2020 04:54:24 GMT
- request:
    method: get
    uri: https://staging2-lcm-prod.intgdc.com/gdc/projects/py1x4y6xhvgby2r1j3fdj56qqqrlwbzd/model/diff/fdc425e0da6eb2a4afebd272c7ff1205bdb5a5d0dfbbee8900000015
    body:
      encoding: US-ASCII
      string: ''
    headers:
      Accept:
      - application/json, application/zip
      User-Agent:
      - gooddata-gem/2.1.9/x86_64-darwin17/2.3.8
      Content-Type:
      - application/json
      X-Gdc-Authtt:
      - "<X_GDC_AUTHTT>"
      X-Gdc-Request:
      - ":khvB9WRu3MGEpnzND4O8Vw:0PepWktV2xQFB06proFzgA"
      Process:
      - 'false'
      Stats-On:
      - ''
      X-Gdc-Version:
      - '2'
      Accept-Encoding:
      - gzip;q=1.0,deflate;q=0.6,identity;q=0.3
      Host:
      - staging2-lcm-prod.intgdc.com
  response:
    status:
      code: 200
      message: OK
    headers:
      X-Gdc-Log-Header:
      - ''
      Content-Type:
      - application/json;charset=UTF-8
      Date:
      - Mon, 20 Jan 2020 04:54:26 GMT
      Server:
      - GoodData WebApp
      X-Gdc-Request-Time:
      - '18'
      X-Gdc-Request:
      - ":khvB9WRu3MGEpnzND4O8Vw:0PepWktV2xQFB06proFzgA:W5tZeMSsPtkHFCxZ"
      Cache-Control:
      - no-cache, no-store, must-revalidate
      Vary:
      - origin,X-GDC-VERSION
      Transfer-Encoding:
      - chunked
      Strict-Transport-Security:
      - max-age=10886400; includeSubDomains; preload;
    body:
      encoding: ASCII-8BIT
      string: '{"projectModelDiff":{"updateOperations":[],"updateScripts":[]}}'
    http_version: 
  recorded_at: Mon, 20 Jan 2020 04:54:26 GMT
- request:
    method: get
    uri: https://staging2-lcm-prod.intgdc.com/gdc/projects/py1x4y6xhvgby2r1j3fdj56qqqrlwbzd/model/diff/fdc425e0da6eb2a4afebd272c7ff1205bdb5a5d0dfbbee8900000015
    body:
      encoding: US-ASCII
      string: ''
    headers:
      Accept:
      - application/json, application/zip
      User-Agent:
      - gooddata-gem/2.1.9/x86_64-darwin17/2.3.8
      Content-Type:
      - application/json
      X-Gdc-Authtt:
      - "<X_GDC_AUTHTT>"
      X-Gdc-Request:
      - ":khvB9WRu3MGEpnzND4O8Vw:0nX7qB31-6mdBQdakPfThg"
      Stats-On:
      - ''
      X-Gdc-Version:
      - '2'
      Accept-Encoding:
      - gzip;q=1.0,deflate;q=0.6,identity;q=0.3
      Host:
      - staging2-lcm-prod.intgdc.com
  response:
    status:
      code: 200
      message: OK
    headers:
      X-Gdc-Log-Header:
      - ''
      Content-Type:
      - application/json;charset=UTF-8
      Date:
      - Mon, 20 Jan 2020 04:54:26 GMT
      Server:
      - GoodData WebApp
      X-Gdc-Request-Time:
      - '19'
      X-Gdc-Request:
      - ":khvB9WRu3MGEpnzND4O8Vw:0nX7qB31-6mdBQdakPfThg:UTMJ1OtDLgn4T496"
      Cache-Control:
      - no-cache, no-store, must-revalidate
      Vary:
      - origin,X-GDC-VERSION
      Transfer-Encoding:
      - chunked
      Strict-Transport-Security:
      - max-age=10886400; includeSubDomains; preload;
    body:
      encoding: ASCII-8BIT
      string: '{"projectModelDiff":{"updateOperations":[],"updateScripts":[]}}'
    http_version: 
  recorded_at: Mon, 20 Jan 2020 04:54:27 GMT
- request:
    method: get
    uri: https://staging2-lcm-prod.intgdc.com/gdc/projects/e1lvfhnpoti4o9pq9ha1wslbzslbslsp/model/view?includeCA=true&includeDeprecated=true&includeGrain=true
    body:
      encoding: US-ASCII
      string: ''
    headers:
      Accept:
      - application/json, application/zip
      User-Agent:
      - gooddata-gem/2.1.9/x86_64-darwin17/2.3.8
      Content-Type:
      - application/json
      X-Gdc-Authtt:
      - "<X_GDC_AUTHTT>"
      X-Gdc-Request:
      - ":khvB9WRu3MGEpnzND4O8Vw:vBRPyS5wnlG27e9Ad_b6Ww"
      Stats-On:
      - ''
      X-Gdc-Version:
      - '2'
      Accept-Encoding:
      - gzip;q=1.0,deflate;q=0.6,identity;q=0.3
      Host:
      - staging2-lcm-prod.intgdc.com
  response:
    status:
      code: 202
      message: Accepted
    headers:
      Location:
      - "/gdc/projects/e1lvfhnpoti4o9pq9ha1wslbzslbslsp/model/view/6e2cf9cd34c1bed7d3e944da47688b929d05b9092d4c49a200000015"
      X-Gdc-Log-Header:
      - ''
      Content-Type:
      - application/json;charset=UTF-8
      Date:
      - Mon, 20 Jan 2020 04:54:28 GMT
      Server:
      - GoodData WebApp
      X-Gdc-Request-Time:
      - '16'
      X-Gdc-Request:
      - ":khvB9WRu3MGEpnzND4O8Vw:vBRPyS5wnlG27e9Ad_b6Ww:C4J9bu8oGfK8P70E"
      Cache-Control:
      - no-cache, no-store, must-revalidate
      Vary:
      - origin,X-GDC-VERSION
      Transfer-Encoding:
      - chunked
      Strict-Transport-Security:
      - max-age=10886400; includeSubDomains; preload;
    body:
      encoding: ASCII-8BIT
      string: '{"asyncTask":{"link":{"poll":"/gdc/projects/e1lvfhnpoti4o9pq9ha1wslbzslbslsp/model/view/6e2cf9cd34c1bed7d3e944da47688b929d05b9092d4c49a200000015"}}}'
    http_version: 
  recorded_at: Mon, 20 Jan 2020 04:54:28 GMT
- request:
    method: get
    uri: https://staging2-lcm-prod.intgdc.com/gdc/projects/e1lvfhnpoti4o9pq9ha1wslbzslbslsp/model/view/6e2cf9cd34c1bed7d3e944da47688b929d05b9092d4c49a200000015
    body:
      encoding: US-ASCII
      string: ''
    headers:
      Accept:
      - application/json, application/zip
      User-Agent:
      - gooddata-gem/2.1.9/x86_64-darwin17/2.3.8
      Content-Type:
      - application/json
      X-Gdc-Authtt:
      - "<X_GDC_AUTHTT>"
      X-Gdc-Request:
      - ":khvB9WRu3MGEpnzND4O8Vw:_my3Ttfuwbw9J0uA_tBMbQ"
      Process:
      - 'false'
      Stats-On:
      - ''
      X-Gdc-Version:
      - '2'
      Accept-Encoding:
      - gzip;q=1.0,deflate;q=0.6,identity;q=0.3
      Host:
      - staging2-lcm-prod.intgdc.com
  response:
    status:
      code: 200
      message: OK
    headers:
      X-Gdc-Log-Header:
      - ''
      Content-Type:
      - application/json;charset=UTF-8
      Transfer-Encoding:
      - chunked
      Date:
      - Mon, 20 Jan 2020 04:54:29 GMT
      Server:
      - GoodData WebApp
      X-Gdc-Request-Time:
      - '16'
      X-Gdc-Request:
      - ":khvB9WRu3MGEpnzND4O8Vw:_my3Ttfuwbw9J0uA_tBMbQ:aMONsT9liAN1SYfy"
      Cache-Control:
      - no-cache, no-store, must-revalidate
      Vary:
      - Accept-Encoding,origin,X-GDC-VERSION
      Strict-Transport-Security:
      - max-age=10886400; includeSubDomains; preload;
    body:
      encoding: ASCII-8BIT
      string: '{"projectModelView":{"model":{"projectModel":{"modelMetadata":{"containCA":true},"datasets":[{"dataset":{"identifier":"dataset.csv_policies","title":"Policies","anchor":{"attribute":{"identifier":"attr.csv_policies.factsof","title":"Records
        of Policies","folder":"Policies"}},"attributes":[{"attribute":{"identifier":"attr.csv_policies.customer","title":"Customer","folder":"Policies","labels":[{"label":{"identifier":"label.csv_policies.customer","title":"Customer","type":"GDC.text","dataType":"VARCHAR(255)"}}],"defaultLabel":"label.csv_policies.customer"}},{"attribute":{"identifier":"attr.csv_policies.state","title":"State","folder":"Policies","labels":[{"label":{"identifier":"label.csv_policies.state","title":"State","type":"GDC.text","dataType":"VARCHAR(255)"}}],"defaultLabel":"label.csv_policies.state"}},{"attribute":{"identifier":"attr.csv_policies.coverage","title":"Coverage","folder":"Policies","labels":[{"label":{"identifier":"label.csv_policies.coverage","title":"Coverage","type":"GDC.text","dataType":"VARCHAR(255)"}}],"defaultLabel":"label.csv_policies.coverage"}},{"attribute":{"identifier":"attr.csv_policies.education","title":"Education","folder":"Policies","labels":[{"label":{"identifier":"label.csv_policies.education","title":"Education","type":"GDC.text","dataType":"VARCHAR(255)"}}],"defaultLabel":"label.csv_policies.education"}},{"attribute":{"identifier":"attr.csv_policies.employmentstatus","title":"Employmentstatus","folder":"Policies","labels":[{"label":{"identifier":"label.csv_policies.employmentstatus","title":"Employmentstatus","type":"GDC.text","dataType":"VARCHAR(255)"}}],"defaultLabel":"label.csv_policies.employmentstatus"}},{"attribute":{"identifier":"attr.csv_policies.gender","title":"Gender","folder":"Policies","labels":[{"label":{"identifier":"label.csv_policies.gender","title":"Gender","type":"GDC.text","dataType":"VARCHAR(255)"}}],"defaultLabel":"label.csv_policies.gender"}},{"attribute":{"identifier":"attr.csv_policies.marital_status","title":"Marital
        Status","folder":"Policies","labels":[{"label":{"identifier":"label.csv_policies.marital_status","title":"Marital
        Status","type":"GDC.text","dataType":"VARCHAR(255)"}}],"defaultLabel":"label.csv_policies.marital_status"}},{"attribute":{"identifier":"attr.csv_policies.policy_type","title":"Policy
        Type","folder":"Policies","labels":[{"label":{"identifier":"label.csv_policies.policy_type","title":"Policy
        Type","type":"GDC.text","dataType":"VARCHAR(255)"}}],"defaultLabel":"label.csv_policies.policy_type"}},{"attribute":{"identifier":"attr.csv_policies.renew_offer_type","title":"Renew
        Offer Type","folder":"Policies","labels":[{"label":{"identifier":"label.csv_policies.renew_offer_type","title":"Renew
        Offer Type","type":"GDC.text","dataType":"VARCHAR(255)"}}],"defaultLabel":"label.csv_policies.renew_offer_type"}},{"attribute":{"identifier":"attr.csv_policies.sales_channel","title":"Sales
        Channel","folder":"Policies","labels":[{"label":{"identifier":"label.csv_policies.sales_channel","title":"Sales
        Channel","type":"GDC.text","dataType":"VARCHAR(255)"}}],"defaultLabel":"label.csv_policies.sales_channel"}},{"attribute":{"identifier":"attr.csv_policies.vehicle_class","title":"Vehicle
        Class","folder":"Policies","labels":[{"label":{"identifier":"label.csv_policies.vehicle_class","title":"Vehicle
        Class","type":"GDC.text","dataType":"VARCHAR(255)"}}],"defaultLabel":"label.csv_policies.vehicle_class"}},{"attribute":{"identifier":"attr.csv_policies.vehicle_size","title":"Vehicle
        Size","folder":"Policies","labels":[{"label":{"identifier":"label.csv_policies.vehicle_size","title":"Vehicle
        Size","type":"GDC.text","dataType":"VARCHAR(255)"}}],"defaultLabel":"label.csv_policies.vehicle_size"}}],"facts":[{"fact":{"identifier":"fact.csv_policies.customer_lifetime_value","title":"Customer
        Lifetime Value","folder":"Policies","dataType":"DECIMAL(15,6)","restricted":false}},{"fact":{"identifier":"fact.csv_policies.income","title":"Income","folder":"Policies","dataType":"DECIMAL(15,6)","restricted":false}},{"fact":{"identifier":"fact.csv_policies.monthly_premium_auto","title":"Monthly
        Premium Auto","folder":"Policies","dataType":"DECIMAL(15,6)","restricted":false}},{"fact":{"identifier":"fact.csv_policies.total_claim_amount","title":"Total
        Claim Amount","folder":"Policies","dataType":"DECIMAL(15,6)","restricted":false}}],"references":["effective_to_date"],"production":true}},{"dataset":{"identifier":"dataset.comp.my_computed_attr","title":"My
        computed attribute","anchor":{"attribute":{"identifier":"attr.comp.my_computed_attr","title":"My
        computed attribute","folder":"My computed attribute","labels":[{"label":{"identifier":"label.comp.my_computed_attr","title":"Label.Comp.My
        Computed Attr","type":"GDC.text","dataType":"VARCHAR(128)"}}],"defaultLabel":"label.comp.my_computed_attr","relations":["to
        {attr.csv_policies.state} as case when {metric.customers.count} <= 1000 then
        {attr.comp.my_computed_attr?\"Small\"}, when {metric.customers.count} <= 2000
        then {attr.comp.my_computed_attr?\"Medium\"}, when {metric.customers.count}
        > 2000 then {attr.comp.my_computed_attr?\"Large\"} else {attr.comp.my_computed_attr?\"\"}
        end"]}},"production":true}}],"dateDimensions":[{"dateDimension":{"name":"effective_to_date","title":"Effective
        To Date","production":true,"urn":"urn:gooddata:date","identifier":"effective_to_date.dataset.dt","identifierPrefix":"effective_to_date","bridges":[]}}]}}}}'
    http_version: 
  recorded_at: Mon, 20 Jan 2020 04:54:29 GMT
- request:
    method: get
    uri: https://staging2-lcm-prod.intgdc.com/gdc/projects/e1lvfhnpoti4o9pq9ha1wslbzslbslsp/model/view/6e2cf9cd34c1bed7d3e944da47688b929d05b9092d4c49a200000015
    body:
      encoding: US-ASCII
      string: ''
    headers:
      Accept:
      - application/json, application/zip
      User-Agent:
      - gooddata-gem/2.1.9/x86_64-darwin17/2.3.8
      Content-Type:
      - application/json
      X-Gdc-Authtt:
      - "<X_GDC_AUTHTT>"
      X-Gdc-Request:
      - ":khvB9WRu3MGEpnzND4O8Vw:5Aqg5tiLbYy7sGqeLnJFhA"
      Stats-On:
      - ''
      X-Gdc-Version:
      - '2'
      Accept-Encoding:
      - gzip;q=1.0,deflate;q=0.6,identity;q=0.3
      Host:
      - staging2-lcm-prod.intgdc.com
  response:
    status:
      code: 200
      message: OK
    headers:
      X-Gdc-Log-Header:
      - ''
      Content-Type:
      - application/json;charset=UTF-8
      Transfer-Encoding:
      - chunked
      Date:
      - Mon, 20 Jan 2020 04:54:30 GMT
      Server:
      - GoodData WebApp
      X-Gdc-Request-Time:
      - '19'
      X-Gdc-Request:
      - ":khvB9WRu3MGEpnzND4O8Vw:5Aqg5tiLbYy7sGqeLnJFhA:vfJ60WkxWvpGbA48"
      Cache-Control:
      - no-cache, no-store, must-revalidate
      Vary:
      - Accept-Encoding,origin,X-GDC-VERSION
      Strict-Transport-Security:
      - max-age=10886400; includeSubDomains; preload;
    body:
      encoding: ASCII-8BIT
      string: '{"projectModelView":{"model":{"projectModel":{"modelMetadata":{"containCA":true},"datasets":[{"dataset":{"identifier":"dataset.csv_policies","title":"Policies","anchor":{"attribute":{"identifier":"attr.csv_policies.factsof","title":"Records
        of Policies","folder":"Policies"}},"attributes":[{"attribute":{"identifier":"attr.csv_policies.customer","title":"Customer","folder":"Policies","labels":[{"label":{"identifier":"label.csv_policies.customer","title":"Customer","type":"GDC.text","dataType":"VARCHAR(255)"}}],"defaultLabel":"label.csv_policies.customer"}},{"attribute":{"identifier":"attr.csv_policies.state","title":"State","folder":"Policies","labels":[{"label":{"identifier":"label.csv_policies.state","title":"State","type":"GDC.text","dataType":"VARCHAR(255)"}}],"defaultLabel":"label.csv_policies.state"}},{"attribute":{"identifier":"attr.csv_policies.coverage","title":"Coverage","folder":"Policies","labels":[{"label":{"identifier":"label.csv_policies.coverage","title":"Coverage","type":"GDC.text","dataType":"VARCHAR(255)"}}],"defaultLabel":"label.csv_policies.coverage"}},{"attribute":{"identifier":"attr.csv_policies.education","title":"Education","folder":"Policies","labels":[{"label":{"identifier":"label.csv_policies.education","title":"Education","type":"GDC.text","dataType":"VARCHAR(255)"}}],"defaultLabel":"label.csv_policies.education"}},{"attribute":{"identifier":"attr.csv_policies.employmentstatus","title":"Employmentstatus","folder":"Policies","labels":[{"label":{"identifier":"label.csv_policies.employmentstatus","title":"Employmentstatus","type":"GDC.text","dataType":"VARCHAR(255)"}}],"defaultLabel":"label.csv_policies.employmentstatus"}},{"attribute":{"identifier":"attr.csv_policies.gender","title":"Gender","folder":"Policies","labels":[{"label":{"identifier":"label.csv_policies.gender","title":"Gender","type":"GDC.text","dataType":"VARCHAR(255)"}}],"defaultLabel":"label.csv_policies.gender"}},{"attribute":{"identifier":"attr.csv_policies.marital_status","title":"Marital
        Status","folder":"Policies","labels":[{"label":{"identifier":"label.csv_policies.marital_status","title":"Marital
        Status","type":"GDC.text","dataType":"VARCHAR(255)"}}],"defaultLabel":"label.csv_policies.marital_status"}},{"attribute":{"identifier":"attr.csv_policies.policy_type","title":"Policy
        Type","folder":"Policies","labels":[{"label":{"identifier":"label.csv_policies.policy_type","title":"Policy
        Type","type":"GDC.text","dataType":"VARCHAR(255)"}}],"defaultLabel":"label.csv_policies.policy_type"}},{"attribute":{"identifier":"attr.csv_policies.renew_offer_type","title":"Renew
        Offer Type","folder":"Policies","labels":[{"label":{"identifier":"label.csv_policies.renew_offer_type","title":"Renew
        Offer Type","type":"GDC.text","dataType":"VARCHAR(255)"}}],"defaultLabel":"label.csv_policies.renew_offer_type"}},{"attribute":{"identifier":"attr.csv_policies.sales_channel","title":"Sales
        Channel","folder":"Policies","labels":[{"label":{"identifier":"label.csv_policies.sales_channel","title":"Sales
        Channel","type":"GDC.text","dataType":"VARCHAR(255)"}}],"defaultLabel":"label.csv_policies.sales_channel"}},{"attribute":{"identifier":"attr.csv_policies.vehicle_class","title":"Vehicle
        Class","folder":"Policies","labels":[{"label":{"identifier":"label.csv_policies.vehicle_class","title":"Vehicle
        Class","type":"GDC.text","dataType":"VARCHAR(255)"}}],"defaultLabel":"label.csv_policies.vehicle_class"}},{"attribute":{"identifier":"attr.csv_policies.vehicle_size","title":"Vehicle
        Size","folder":"Policies","labels":[{"label":{"identifier":"label.csv_policies.vehicle_size","title":"Vehicle
        Size","type":"GDC.text","dataType":"VARCHAR(255)"}}],"defaultLabel":"label.csv_policies.vehicle_size"}}],"facts":[{"fact":{"identifier":"fact.csv_policies.customer_lifetime_value","title":"Customer
        Lifetime Value","folder":"Policies","dataType":"DECIMAL(15,6)","restricted":false}},{"fact":{"identifier":"fact.csv_policies.income","title":"Income","folder":"Policies","dataType":"DECIMAL(15,6)","restricted":false}},{"fact":{"identifier":"fact.csv_policies.monthly_premium_auto","title":"Monthly
        Premium Auto","folder":"Policies","dataType":"DECIMAL(15,6)","restricted":false}},{"fact":{"identifier":"fact.csv_policies.total_claim_amount","title":"Total
        Claim Amount","folder":"Policies","dataType":"DECIMAL(15,6)","restricted":false}}],"references":["effective_to_date"],"production":true}},{"dataset":{"identifier":"dataset.comp.my_computed_attr","title":"My
        computed attribute","anchor":{"attribute":{"identifier":"attr.comp.my_computed_attr","title":"My
        computed attribute","folder":"My computed attribute","labels":[{"label":{"identifier":"label.comp.my_computed_attr","title":"Label.Comp.My
        Computed Attr","type":"GDC.text","dataType":"VARCHAR(128)"}}],"defaultLabel":"label.comp.my_computed_attr","relations":["to
        {attr.csv_policies.state} as case when {metric.customers.count} <= 1000 then
        {attr.comp.my_computed_attr?\"Small\"}, when {metric.customers.count} <= 2000
        then {attr.comp.my_computed_attr?\"Medium\"}, when {metric.customers.count}
        > 2000 then {attr.comp.my_computed_attr?\"Large\"} else {attr.comp.my_computed_attr?\"\"}
        end"]}},"production":true}}],"dateDimensions":[{"dateDimension":{"name":"effective_to_date","title":"Effective
        To Date","production":true,"urn":"urn:gooddata:date","identifier":"effective_to_date.dataset.dt","identifierPrefix":"effective_to_date","bridges":[]}}]}}}}'
    http_version: 
  recorded_at: Mon, 20 Jan 2020 04:54:30 GMT
- request:
    method: post
    uri: https://staging2-lcm-prod.intgdc.com/gdc/projects/ynqoapoowrg6j1futcdw7cfuf7rc88tv/model/diff?includeCA=true&includeGrain=true
    body:
      encoding: UTF-8
      string: '{"diffRequest":{"targetModel":{"projectModel":{"modelMetadata":{"containCA":true},"datasets":[{"dataset":{"identifier":"dataset.csv_policies","title":"Policies","anchor":{"attribute":{"identifier":"attr.csv_policies.factsof","title":"Records
        of Policies","folder":"Policies"}},"attributes":[{"attribute":{"identifier":"attr.csv_policies.customer","title":"Customer","folder":"Policies","labels":[{"label":{"identifier":"label.csv_policies.customer","title":"Customer","type":"GDC.text","dataType":"VARCHAR(255)"}}],"defaultLabel":"label.csv_policies.customer"}},{"attribute":{"identifier":"attr.csv_policies.state","title":"State","folder":"Policies","labels":[{"label":{"identifier":"label.csv_policies.state","title":"State","type":"GDC.text","dataType":"VARCHAR(255)"}}],"defaultLabel":"label.csv_policies.state"}},{"attribute":{"identifier":"attr.csv_policies.coverage","title":"Coverage","folder":"Policies","labels":[{"label":{"identifier":"label.csv_policies.coverage","title":"Coverage","type":"GDC.text","dataType":"VARCHAR(255)"}}],"defaultLabel":"label.csv_policies.coverage"}},{"attribute":{"identifier":"attr.csv_policies.education","title":"Education","folder":"Policies","labels":[{"label":{"identifier":"label.csv_policies.education","title":"Education","type":"GDC.text","dataType":"VARCHAR(255)"}}],"defaultLabel":"label.csv_policies.education"}},{"attribute":{"identifier":"attr.csv_policies.employmentstatus","title":"Employmentstatus","folder":"Policies","labels":[{"label":{"identifier":"label.csv_policies.employmentstatus","title":"Employmentstatus","type":"GDC.text","dataType":"VARCHAR(255)"}}],"defaultLabel":"label.csv_policies.employmentstatus"}},{"attribute":{"identifier":"attr.csv_policies.gender","title":"Gender","folder":"Policies","labels":[{"label":{"identifier":"label.csv_policies.gender","title":"Gender","type":"GDC.text","dataType":"VARCHAR(255)"}}],"defaultLabel":"label.csv_policies.gender"}},{"attribute":{"identifier":"attr.csv_policies.marital_status","title":"Marital
        Status","folder":"Policies","labels":[{"label":{"identifier":"label.csv_policies.marital_status","title":"Marital
        Status","type":"GDC.text","dataType":"VARCHAR(255)"}}],"defaultLabel":"label.csv_policies.marital_status"}},{"attribute":{"identifier":"attr.csv_policies.policy_type","title":"Policy
        Type","folder":"Policies","labels":[{"label":{"identifier":"label.csv_policies.policy_type","title":"Policy
        Type","type":"GDC.text","dataType":"VARCHAR(255)"}}],"defaultLabel":"label.csv_policies.policy_type"}},{"attribute":{"identifier":"attr.csv_policies.renew_offer_type","title":"Renew
        Offer Type","folder":"Policies","labels":[{"label":{"identifier":"label.csv_policies.renew_offer_type","title":"Renew
        Offer Type","type":"GDC.text","dataType":"VARCHAR(255)"}}],"defaultLabel":"label.csv_policies.renew_offer_type"}},{"attribute":{"identifier":"attr.csv_policies.sales_channel","title":"Sales
        Channel","folder":"Policies","labels":[{"label":{"identifier":"label.csv_policies.sales_channel","title":"Sales
        Channel","type":"GDC.text","dataType":"VARCHAR(255)"}}],"defaultLabel":"label.csv_policies.sales_channel"}},{"attribute":{"identifier":"attr.csv_policies.vehicle_class","title":"Vehicle
        Class","folder":"Policies","labels":[{"label":{"identifier":"label.csv_policies.vehicle_class","title":"Vehicle
        Class","type":"GDC.text","dataType":"VARCHAR(255)"}}],"defaultLabel":"label.csv_policies.vehicle_class"}},{"attribute":{"identifier":"attr.csv_policies.vehicle_size","title":"Vehicle
        Size","folder":"Policies","labels":[{"label":{"identifier":"label.csv_policies.vehicle_size","title":"Vehicle
        Size","type":"GDC.text","dataType":"VARCHAR(255)"}}],"defaultLabel":"label.csv_policies.vehicle_size"}}],"facts":[{"fact":{"identifier":"fact.csv_policies.customer_lifetime_value","title":"Customer
        Lifetime Value","folder":"Policies","dataType":"DECIMAL(15,6)","type":"fact"}},{"fact":{"identifier":"fact.csv_policies.income","title":"Income","folder":"Policies","dataType":"DECIMAL(15,6)","type":"fact"}},{"fact":{"identifier":"fact.csv_policies.monthly_premium_auto","title":"Monthly
        Premium Auto","folder":"Policies","dataType":"DECIMAL(15,6)","type":"fact"}},{"fact":{"identifier":"fact.csv_policies.total_claim_amount","title":"Total
        Claim Amount","folder":"Policies","dataType":"DECIMAL(15,6)","type":"fact"}}],"references":["effective_to_date"],"bridges":[]}},{"dataset":{"identifier":"dataset.comp.my_computed_attr","title":"My
        computed attribute","anchor":{"attribute":{"identifier":"attr.comp.my_computed_attr","title":"My
        computed attribute","folder":"My computed attribute","labels":[{"label":{"identifier":"label.comp.my_computed_attr","title":"Label.Comp.My
        Computed Attr","type":"GDC.text","dataType":"VARCHAR(128)"}}],"relations":["to
        {attr.csv_policies.state} as case when {metric.customers.count} <= 1000 then
        {attr.comp.my_computed_attr?\"Small\"}, when {metric.customers.count} <= 2000
        then {attr.comp.my_computed_attr?\"Medium\"}, when {metric.customers.count}
        > 2000 then {attr.comp.my_computed_attr?\"Large\"} else {attr.comp.my_computed_attr?\"\"}
        end"],"defaultLabel":"label.comp.my_computed_attr"}},"attributes":[],"facts":[],"references":[],"bridges":[]}}],"dateDimensions":[{"dateDimension":{"name":"effective_to_date","urn":"urn:gooddata:date","title":"Effective
        To Date","identifierPrefix":"effective_to_date","bridges":[]}}]}}}}'
    headers:
      Accept:
      - application/json, application/zip
      User-Agent:
      - gooddata-gem/2.1.9/x86_64-darwin17/2.3.8
      Content-Type:
      - application/json
      X-Gdc-Authtt:
      - "<X_GDC_AUTHTT>"
      X-Gdc-Request:
      - ":khvB9WRu3MGEpnzND4O8Vw:za08u2dmoBv1BDugwhu4mg"
      Stats-On:
      - ''
      X-Gdc-Version:
      - '2'
      Content-Length:
      - '5373'
      Accept-Encoding:
      - gzip;q=1.0,deflate;q=0.6,identity;q=0.3
      Host:
      - staging2-lcm-prod.intgdc.com
  response:
    status:
      code: 202
      message: Accepted
    headers:
      Location:
      - "/gdc/projects/ynqoapoowrg6j1futcdw7cfuf7rc88tv/model/diff/eb4c17582257e83048ee71c58bd34ec2790ebd33d35acddb00000015"
      X-Gdc-Log-Header:
      - ''
      Content-Type:
      - application/json;charset=UTF-8
      Date:
      - Mon, 20 Jan 2020 04:54:31 GMT
      Server:
      - GoodData WebApp
      X-Gdc-Request-Time:
      - '228'
      X-Gdc-Request:
      - ":khvB9WRu3MGEpnzND4O8Vw:za08u2dmoBv1BDugwhu4mg:QYlUkInLtf8iqG7D"
      Cache-Control:
      - no-cache, no-store, must-revalidate
      Vary:
      - origin,X-GDC-VERSION
      Transfer-Encoding:
      - chunked
      Strict-Transport-Security:
      - max-age=10886400; includeSubDomains; preload;
    body:
      encoding: ASCII-8BIT
      string: '{"asyncTask":{"link":{"poll":"/gdc/projects/ynqoapoowrg6j1futcdw7cfuf7rc88tv/model/diff/eb4c17582257e83048ee71c58bd34ec2790ebd33d35acddb00000015"}}}'
    http_version: 
  recorded_at: Mon, 20 Jan 2020 04:54:31 GMT
- request:
    method: get
    uri: https://staging2-lcm-prod.intgdc.com/gdc/projects/ynqoapoowrg6j1futcdw7cfuf7rc88tv/model/diff/eb4c17582257e83048ee71c58bd34ec2790ebd33d35acddb00000015
    body:
      encoding: US-ASCII
      string: ''
    headers:
      Accept:
      - application/json, application/zip
      User-Agent:
      - gooddata-gem/2.1.9/x86_64-darwin17/2.3.8
      Content-Type:
      - application/json
      X-Gdc-Authtt:
      - "<X_GDC_AUTHTT>"
      X-Gdc-Request:
      - ":khvB9WRu3MGEpnzND4O8Vw:dJR4oFGzXru2YRiaaaQDHg"
      Process:
      - 'false'
      Stats-On:
      - ''
      X-Gdc-Version:
      - '2'
      Accept-Encoding:
      - gzip;q=1.0,deflate;q=0.6,identity;q=0.3
      Host:
      - staging2-lcm-prod.intgdc.com
  response:
    status:
      code: 202
      message: Accepted
    headers:
      Location:
      - "/gdc/projects/ynqoapoowrg6j1futcdw7cfuf7rc88tv/model/diff/eb4c17582257e83048ee71c58bd34ec2790ebd33d35acddb00000015"
      X-Gdc-Log-Header:
      - ''
      Content-Type:
      - application/json;charset=UTF-8
      Date:
      - Mon, 20 Jan 2020 04:54:32 GMT
      Server:
      - GoodData WebApp
      X-Gdc-Request-Time:
      - '18'
      X-Gdc-Request:
      - ":khvB9WRu3MGEpnzND4O8Vw:dJR4oFGzXru2YRiaaaQDHg:tZGHq5AmRk2nyD3y"
      Cache-Control:
      - no-cache, no-store, must-revalidate
      Vary:
      - origin,X-GDC-VERSION
      Transfer-Encoding:
      - chunked
      Strict-Transport-Security:
      - max-age=10886400; includeSubDomains; preload;
    body:
      encoding: ASCII-8BIT
      string: '{"asyncTask":{"link":{"poll":"/gdc/projects/ynqoapoowrg6j1futcdw7cfuf7rc88tv/model/diff/eb4c17582257e83048ee71c58bd34ec2790ebd33d35acddb00000015"}}}'
    http_version: 
  recorded_at: Mon, 20 Jan 2020 04:54:33 GMT
- request:
    method: get
    uri: https://staging2-lcm-prod.intgdc.com/gdc/projects/ynqoapoowrg6j1futcdw7cfuf7rc88tv/model/diff/eb4c17582257e83048ee71c58bd34ec2790ebd33d35acddb00000015
    body:
      encoding: US-ASCII
      string: ''
    headers:
      Accept:
      - application/json, application/zip
      User-Agent:
      - gooddata-gem/2.1.9/x86_64-darwin17/2.3.8
      Content-Type:
      - application/json
      X-Gdc-Authtt:
      - "<X_GDC_AUTHTT>"
      X-Gdc-Request:
      - ":khvB9WRu3MGEpnzND4O8Vw:4EHm2cP0SNYlzpr5wBkm2g"
      Process:
      - 'false'
      Stats-On:
      - ''
      X-Gdc-Version:
      - '2'
      Accept-Encoding:
      - gzip;q=1.0,deflate;q=0.6,identity;q=0.3
      Host:
      - staging2-lcm-prod.intgdc.com
  response:
    status:
      code: 200
      message: OK
    headers:
      X-Gdc-Log-Header:
      - ''
      Content-Type:
      - application/json;charset=UTF-8
      Date:
      - Mon, 20 Jan 2020 04:54:34 GMT
      Server:
      - GoodData WebApp
      X-Gdc-Request-Time:
      - '13'
      X-Gdc-Request:
      - ":khvB9WRu3MGEpnzND4O8Vw:4EHm2cP0SNYlzpr5wBkm2g:KhaPn07c9yp7QhMa"
      Cache-Control:
      - no-cache, no-store, must-revalidate
      Vary:
      - origin,X-GDC-VERSION
      Transfer-Encoding:
      - chunked
      Strict-Transport-Security:
      - max-age=10886400; includeSubDomains; preload;
    body:
      encoding: ASCII-8BIT
      string: '{"projectModelDiff":{"updateOperations":[],"updateScripts":[]}}'
    http_version: 
  recorded_at: Mon, 20 Jan 2020 04:54:34 GMT
- request:
    method: get
    uri: https://staging2-lcm-prod.intgdc.com/gdc/projects/ynqoapoowrg6j1futcdw7cfuf7rc88tv/model/diff/eb4c17582257e83048ee71c58bd34ec2790ebd33d35acddb00000015
    body:
      encoding: US-ASCII
      string: ''
    headers:
      Accept:
      - application/json, application/zip
      User-Agent:
      - gooddata-gem/2.1.9/x86_64-darwin17/2.3.8
      Content-Type:
      - application/json
      X-Gdc-Authtt:
      - "<X_GDC_AUTHTT>"
      X-Gdc-Request:
      - ":khvB9WRu3MGEpnzND4O8Vw:wH0QzybGNkngh0j5t2je9Q"
      Stats-On:
      - ''
      X-Gdc-Version:
      - '2'
      Accept-Encoding:
      - gzip;q=1.0,deflate;q=0.6,identity;q=0.3
      Host:
      - staging2-lcm-prod.intgdc.com
  response:
    status:
      code: 200
      message: OK
    headers:
      X-Gdc-Log-Header:
      - ''
      Content-Type:
      - application/json;charset=UTF-8
      Date:
      - Mon, 20 Jan 2020 04:54:35 GMT
      Server:
      - GoodData WebApp
      X-Gdc-Request-Time:
      - '16'
      X-Gdc-Request:
      - ":khvB9WRu3MGEpnzND4O8Vw:wH0QzybGNkngh0j5t2je9Q:i4MOBn5MXfeRxUzy"
      Cache-Control:
      - no-cache, no-store, must-revalidate
      Vary:
      - origin,X-GDC-VERSION
      Transfer-Encoding:
      - chunked
      Strict-Transport-Security:
      - max-age=10886400; includeSubDomains; preload;
    body:
      encoding: ASCII-8BIT
      string: '{"projectModelDiff":{"updateOperations":[],"updateScripts":[]}}'
    http_version: 
  recorded_at: Mon, 20 Jan 2020 04:54:35 GMT
recorded_with: VCR 5.0.0
