---
http_interactions:
- request:
    method: get
    uri: https://staging2-lcm-prod.intgdc.com/gdc/projects/v8pvoj7ccszm2o1tmsv59xuogm0mbkga/model/view?includeCA=true&includeDeprecated=true&includeGrain=true
    body:
      encoding: US-ASCII
      string: ''
    headers:
      Accept:
      - application/json, application/zip
      User-Agent:
      - gooddata-gem/2.1.10/x86_64-darwin16/2.3.8
      Content-Type:
      - application/json
      X-Gdc-Authtt:
      - "<X_GDC_AUTHTT>"
      X-Gdc-Request:
      - ":bRskxGTtAwaCcYwF7SRZHA:p6xPczAYa7WrSqVjda6SQg"
      Stats-On:
      - ''
      X-Gdc-Version:
      - '2'
      Accept-Encoding:
      - gzip;q=1.0,deflate;q=0.6,identity;q=0.3
      Host:
      - staging2-lcm-prod.intgdc.com
  response:
    status:
      code: 202
      message: Accepted
    headers:
      Location:
      - "/gdc/projects/v8pvoj7ccszm2o1tmsv59xuogm0mbkga/model/view/d98b46f7a1249f05febe19f6d729d5fe5cf28efc70e2db9800000015"
      X-Gdc-Log-Header:
      - ''
      Content-Type:
      - application/json;charset=UTF-8
      Date:
      - Thu, 07 May 2020 13:56:16 GMT
      Server:
      - GoodData WebApp
      X-Gdc-Request-Time:
      - '72'
      X-Gdc-Request:
      - ":bRskxGTtAwaCcYwF7SRZHA:p6xPczAYa7WrSqVjda6SQg:tZXLC8g9Y1hwpZhp"
      Cache-Control:
      - no-cache, no-store, must-revalidate
      Vary:
      - origin,X-GDC-VERSION
      Transfer-Encoding:
      - chunked
      Strict-Transport-Security:
      - max-age=10886400; includeSubDomains; preload;
    body:
      encoding: ASCII-8BIT
      string: '{"asyncTask":{"link":{"poll":"/gdc/projects/v8pvoj7ccszm2o1tmsv59xuogm0mbkga/model/view/d98b46f7a1249f05febe19f6d729d5fe5cf28efc70e2db9800000015"}}}'
    http_version:
  recorded_at: Thu, 07 May 2020 13:56:15 GMT
- request:
    method: get
    uri: https://staging2-lcm-prod.intgdc.com/gdc/projects/v8pvoj7ccszm2o1tmsv59xuogm0mbkga/model/view/d98b46f7a1249f05febe19f6d729d5fe5cf28efc70e2db9800000015
    body:
      encoding: US-ASCII
      string: ''
    headers:
      Accept:
      - application/json, application/zip
      User-Agent:
      - gooddata-gem/2.1.10/x86_64-darwin16/2.3.8
      Content-Type:
      - application/json
      X-Gdc-Authtt:
      - "<X_GDC_AUTHTT>"
      X-Gdc-Request:
      - ":bRskxGTtAwaCcYwF7SRZHA:1wp9Z9pMFP7WK2LjVQYsBg"
      Process:
      - 'false'
      Stats-On:
      - ''
      X-Gdc-Version:
      - '2'
      Accept-Encoding:
      - gzip;q=1.0,deflate;q=0.6,identity;q=0.3
      Host:
      - staging2-lcm-prod.intgdc.com
  response:
    status:
      code: 200
      message: OK
    headers:
      X-Gdc-Log-Header:
      - ''
      Content-Type:
      - application/json;charset=UTF-8
      Transfer-Encoding:
      - chunked
      Date:
      - Thu, 07 May 2020 13:56:17 GMT
      Server:
      - GoodData WebApp
      X-Gdc-Request-Time:
      - '16'
      X-Gdc-Request:
      - ":bRskxGTtAwaCcYwF7SRZHA:1wp9Z9pMFP7WK2LjVQYsBg:vlWp8YkMPecOm8ST"
      Cache-Control:
      - no-cache, no-store, must-revalidate
      Vary:
      - Accept-Encoding,origin,X-GDC-VERSION
      Strict-Transport-Security:
      - max-age=10886400; includeSubDomains; preload;
    body:
      encoding: ASCII-8BIT
      string: '{"projectModelView":{"model":{"projectModel":{"modelMetadata":{"containCA":true},"datasets":[{"dataset":{"identifier":"dataset.csv_policies","title":"Policies","anchor":{"attribute":{"identifier":"attr.csv_policies.factsof","title":"Records
        of Policies","folder":"Policies"}},"attributes":[{"attribute":{"identifier":"attr.csv_policies.customer","title":"Customer","folder":"Policies","labels":[{"label":{"identifier":"label.csv_policies.customer","title":"Customer","type":"GDC.text","dataType":"VARCHAR(255)"}}],"defaultLabel":"label.csv_policies.customer"}},{"attribute":{"identifier":"attr.csv_policies.state","title":"State","folder":"Policies","labels":[{"label":{"identifier":"label.csv_policies.state","title":"State","type":"GDC.text","dataType":"VARCHAR(255)"}}],"defaultLabel":"label.csv_policies.state"}},{"attribute":{"identifier":"attr.csv_policies.coverage","title":"Coverage","folder":"Policies","labels":[{"label":{"identifier":"label.csv_policies.coverage","title":"Coverage","type":"GDC.text","dataType":"VARCHAR(255)"}}],"defaultLabel":"label.csv_policies.coverage"}},{"attribute":{"identifier":"attr.csv_policies.education","title":"Education","folder":"Policies","labels":[{"label":{"identifier":"label.csv_policies.education","title":"Education","type":"GDC.text","dataType":"VARCHAR(255)"}}],"defaultLabel":"label.csv_policies.education"}},{"attribute":{"identifier":"attr.csv_policies.employmentstatus","title":"Employmentstatus","folder":"Policies","labels":[{"label":{"identifier":"label.csv_policies.employmentstatus","title":"Employmentstatus","type":"GDC.text","dataType":"VARCHAR(255)"}}],"defaultLabel":"label.csv_policies.employmentstatus"}},{"attribute":{"identifier":"attr.csv_policies.gender","title":"Gender","folder":"Policies","labels":[{"label":{"identifier":"label.csv_policies.gender","title":"Gender","type":"GDC.text","dataType":"VARCHAR(255)"}}],"defaultLabel":"label.csv_policies.gender"}},{"attribute":{"identifier":"attr.csv_policies.marital_status","title":"Marital
        Status","folder":"Policies","labels":[{"label":{"identifier":"label.csv_policies.marital_status","title":"Marital
        Status","type":"GDC.text","dataType":"VARCHAR(255)"}}],"defaultLabel":"label.csv_policies.marital_status"}},{"attribute":{"identifier":"attr.csv_policies.policy_type","title":"Policy
        Type","folder":"Policies","labels":[{"label":{"identifier":"label.csv_policies.policy_type","title":"Policy
        Type","type":"GDC.text","dataType":"VARCHAR(255)"}}],"defaultLabel":"label.csv_policies.policy_type"}},{"attribute":{"identifier":"attr.csv_policies.renew_offer_type","title":"Renew
        Offer Type","folder":"Policies","labels":[{"label":{"identifier":"label.csv_policies.renew_offer_type","title":"Renew
        Offer Type","type":"GDC.text","dataType":"VARCHAR(255)"}}],"defaultLabel":"label.csv_policies.renew_offer_type"}},{"attribute":{"identifier":"attr.csv_policies.sales_channel","title":"Sales
        Channel","folder":"Policies","labels":[{"label":{"identifier":"label.csv_policies.sales_channel","title":"Sales
        Channel","type":"GDC.text","dataType":"VARCHAR(255)"}}],"defaultLabel":"label.csv_policies.sales_channel"}},{"attribute":{"identifier":"attr.csv_policies.vehicle_class","title":"Vehicle
        Class","folder":"Policies","labels":[{"label":{"identifier":"label.csv_policies.vehicle_class","title":"Vehicle
        Class","type":"GDC.text","dataType":"VARCHAR(255)"}}],"defaultLabel":"label.csv_policies.vehicle_class"}},{"attribute":{"identifier":"attr.csv_policies.vehicle_size","title":"Vehicle
        Size","folder":"Policies","labels":[{"label":{"identifier":"label.csv_policies.vehicle_size","title":"Vehicle
        Size","type":"GDC.text","dataType":"VARCHAR(255)"}}],"defaultLabel":"label.csv_policies.vehicle_size"}}],"facts":[{"fact":{"identifier":"fact.csv_policies.customer_lifetime_value.renamed","title":"Customer
        Lifetime Value","folder":"Policies","dataType":"DECIMAL(15,6)"}},{"fact":{"identifier":"fact.csv_policies.income","title":"Income","folder":"Policies","dataType":"DECIMAL(15,6)"}},{"fact":{"identifier":"fact.csv_policies.monthly_premium_auto","title":"Monthly
        Premium Auto","folder":"Policies","dataType":"DECIMAL(15,6)"}},{"fact":{"identifier":"fact.csv_policies.total_claim_amount","title":"Total
        Claim Amount","folder":"Policies","dataType":"DECIMAL(15,6)"}}],"references":["effective_to_date"],"production":true}},{"dataset":{"identifier":"dataset.comp.my_computed_attr","title":"My
        computed attribute","anchor":{"attribute":{"identifier":"attr.comp.my_computed_attr","title":"My
        computed attribute","folder":"My computed attribute","labels":[{"label":{"identifier":"label.comp.my_computed_attr","title":"Label.Comp.My
        Computed Attr","type":"GDC.text","dataType":"VARCHAR(128)"}}],"defaultLabel":"label.comp.my_computed_attr","relations":["to
        {attr.csv_policies.state} as case when {metric.customers.count} <= 1000 then
        {attr.comp.my_computed_attr?\"Small\"}, when {metric.customers.count} <= 2000
        then {attr.comp.my_computed_attr?\"Medium\"}, when {metric.customers.count}
        > 2000 then {attr.comp.my_computed_attr?\"Large\"} else {attr.comp.my_computed_attr?\"\"}
        end"]}},"production":true}}],"dateDimensions":[{"dateDimension":{"name":"effective_to_date","title":"Effective
        To Date","production":true,"urn":"urn:gooddata:date","identifier":"effective_to_date.dataset.dt","identifierPrefix":"effective_to_date","bridges":[]}}]}}}}'
    http_version:
  recorded_at: Thu, 07 May 2020 13:56:16 GMT
- request:
    method: get
    uri: https://staging2-lcm-prod.intgdc.com/gdc/projects/v8pvoj7ccszm2o1tmsv59xuogm0mbkga/model/view/d98b46f7a1249f05febe19f6d729d5fe5cf28efc70e2db9800000015
    body:
      encoding: US-ASCII
      string: ''
    headers:
      Accept:
      - application/json, application/zip
      User-Agent:
      - gooddata-gem/2.1.10/x86_64-darwin16/2.3.8
      Content-Type:
      - application/json
      X-Gdc-Authtt:
      - "<X_GDC_AUTHTT>"
      X-Gdc-Request:
      - ":bRskxGTtAwaCcYwF7SRZHA:5kytbohxh1K3UZ3XIG_zUg"
      Stats-On:
      - ''
      X-Gdc-Version:
      - '2'
      Accept-Encoding:
      - gzip;q=1.0,deflate;q=0.6,identity;q=0.3
      Host:
      - staging2-lcm-prod.intgdc.com
  response:
    status:
      code: 200
      message: OK
    headers:
      X-Gdc-Log-Header:
      - ''
      Content-Type:
      - application/json;charset=UTF-8
      Transfer-Encoding:
      - chunked
      Date:
      - Thu, 07 May 2020 13:56:18 GMT
      Server:
      - GoodData WebApp
      X-Gdc-Request-Time:
      - '24'
      X-Gdc-Request:
      - ":bRskxGTtAwaCcYwF7SRZHA:5kytbohxh1K3UZ3XIG_zUg:VlvNKkZC8fEzZCEu"
      Cache-Control:
      - no-cache, no-store, must-revalidate
      Vary:
      - Accept-Encoding,origin,X-GDC-VERSION
      Strict-Transport-Security:
      - max-age=10886400; includeSubDomains; preload;
    body:
      encoding: ASCII-8BIT
      string: '{"projectModelView":{"model":{"projectModel":{"modelMetadata":{"containCA":true},"datasets":[{"dataset":{"identifier":"dataset.csv_policies","title":"Policies","anchor":{"attribute":{"identifier":"attr.csv_policies.factsof","title":"Records
        of Policies","folder":"Policies"}},"attributes":[{"attribute":{"identifier":"attr.csv_policies.customer","title":"Customer","folder":"Policies","labels":[{"label":{"identifier":"label.csv_policies.customer","title":"Customer","type":"GDC.text","dataType":"VARCHAR(255)"}}],"defaultLabel":"label.csv_policies.customer"}},{"attribute":{"identifier":"attr.csv_policies.state","title":"State","folder":"Policies","labels":[{"label":{"identifier":"label.csv_policies.state","title":"State","type":"GDC.text","dataType":"VARCHAR(255)"}}],"defaultLabel":"label.csv_policies.state"}},{"attribute":{"identifier":"attr.csv_policies.coverage","title":"Coverage","folder":"Policies","labels":[{"label":{"identifier":"label.csv_policies.coverage","title":"Coverage","type":"GDC.text","dataType":"VARCHAR(255)"}}],"defaultLabel":"label.csv_policies.coverage"}},{"attribute":{"identifier":"attr.csv_policies.education","title":"Education","folder":"Policies","labels":[{"label":{"identifier":"label.csv_policies.education","title":"Education","type":"GDC.text","dataType":"VARCHAR(255)"}}],"defaultLabel":"label.csv_policies.education"}},{"attribute":{"identifier":"attr.csv_policies.employmentstatus","title":"Employmentstatus","folder":"Policies","labels":[{"label":{"identifier":"label.csv_policies.employmentstatus","title":"Employmentstatus","type":"GDC.text","dataType":"VARCHAR(255)"}}],"defaultLabel":"label.csv_policies.employmentstatus"}},{"attribute":{"identifier":"attr.csv_policies.gender","title":"Gender","folder":"Policies","labels":[{"label":{"identifier":"label.csv_policies.gender","title":"Gender","type":"GDC.text","dataType":"VARCHAR(255)"}}],"defaultLabel":"label.csv_policies.gender"}},{"attribute":{"identifier":"attr.csv_policies.marital_status","title":"Marital
        Status","folder":"Policies","labels":[{"label":{"identifier":"label.csv_policies.marital_status","title":"Marital
        Status","type":"GDC.text","dataType":"VARCHAR(255)"}}],"defaultLabel":"label.csv_policies.marital_status"}},{"attribute":{"identifier":"attr.csv_policies.policy_type","title":"Policy
        Type","folder":"Policies","labels":[{"label":{"identifier":"label.csv_policies.policy_type","title":"Policy
        Type","type":"GDC.text","dataType":"VARCHAR(255)"}}],"defaultLabel":"label.csv_policies.policy_type"}},{"attribute":{"identifier":"attr.csv_policies.renew_offer_type","title":"Renew
        Offer Type","folder":"Policies","labels":[{"label":{"identifier":"label.csv_policies.renew_offer_type","title":"Renew
        Offer Type","type":"GDC.text","dataType":"VARCHAR(255)"}}],"defaultLabel":"label.csv_policies.renew_offer_type"}},{"attribute":{"identifier":"attr.csv_policies.sales_channel","title":"Sales
        Channel","folder":"Policies","labels":[{"label":{"identifier":"label.csv_policies.sales_channel","title":"Sales
        Channel","type":"GDC.text","dataType":"VARCHAR(255)"}}],"defaultLabel":"label.csv_policies.sales_channel"}},{"attribute":{"identifier":"attr.csv_policies.vehicle_class","title":"Vehicle
        Class","folder":"Policies","labels":[{"label":{"identifier":"label.csv_policies.vehicle_class","title":"Vehicle
        Class","type":"GDC.text","dataType":"VARCHAR(255)"}}],"defaultLabel":"label.csv_policies.vehicle_class"}},{"attribute":{"identifier":"attr.csv_policies.vehicle_size","title":"Vehicle
        Size","folder":"Policies","labels":[{"label":{"identifier":"label.csv_policies.vehicle_size","title":"Vehicle
        Size","type":"GDC.text","dataType":"VARCHAR(255)"}}],"defaultLabel":"label.csv_policies.vehicle_size"}}],"facts":[{"fact":{"identifier":"fact.csv_policies.customer_lifetime_value.renamed","title":"Customer
        Lifetime Value","folder":"Policies","dataType":"DECIMAL(15,6)"}},{"fact":{"identifier":"fact.csv_policies.income","title":"Income","folder":"Policies","dataType":"DECIMAL(15,6)"}},{"fact":{"identifier":"fact.csv_policies.monthly_premium_auto","title":"Monthly
        Premium Auto","folder":"Policies","dataType":"DECIMAL(15,6)"}},{"fact":{"identifier":"fact.csv_policies.total_claim_amount","title":"Total
        Claim Amount","folder":"Policies","dataType":"DECIMAL(15,6)"}}],"references":["effective_to_date"],"production":true}},{"dataset":{"identifier":"dataset.comp.my_computed_attr","title":"My
        computed attribute","anchor":{"attribute":{"identifier":"attr.comp.my_computed_attr","title":"My
        computed attribute","folder":"My computed attribute","labels":[{"label":{"identifier":"label.comp.my_computed_attr","title":"Label.Comp.My
        Computed Attr","type":"GDC.text","dataType":"VARCHAR(128)"}}],"defaultLabel":"label.comp.my_computed_attr","relations":["to
        {attr.csv_policies.state} as case when {metric.customers.count} <= 1000 then
        {attr.comp.my_computed_attr?\"Small\"}, when {metric.customers.count} <= 2000
        then {attr.comp.my_computed_attr?\"Medium\"}, when {metric.customers.count}
        > 2000 then {attr.comp.my_computed_attr?\"Large\"} else {attr.comp.my_computed_attr?\"\"}
        end"]}},"production":true}}],"dateDimensions":[{"dateDimension":{"name":"effective_to_date","title":"Effective
        To Date","production":true,"urn":"urn:gooddata:date","identifier":"effective_to_date.dataset.dt","identifierPrefix":"effective_to_date","bridges":[]}}]}}}}'
    http_version:
  recorded_at: Thu, 07 May 2020 13:56:17 GMT
- request:
    method: post
    uri: https://staging2-lcm-prod.intgdc.com/gdc/projects/ebq21r3kfv796qibuvauin0kx86t4jst/model/diff?includeCA=true&includeGrain=true
    body:
      encoding: UTF-8
      string: '{"diffRequest":{"targetModel":{"projectModel":{"modelMetadata":{"containCA":true},"datasets":[{"dataset":{"identifier":"dataset.csv_policies","title":"Policies","anchor":{"attribute":{"identifier":"attr.csv_policies.factsof","title":"Records
        of Policies","folder":"Policies"}},"attributes":[{"attribute":{"identifier":"attr.csv_policies.customer","title":"Customer","folder":"Policies","labels":[{"label":{"identifier":"label.csv_policies.customer","title":"Customer","type":"GDC.text","dataType":"VARCHAR(255)"}}],"defaultLabel":"label.csv_policies.customer"}},{"attribute":{"identifier":"attr.csv_policies.state","title":"State","folder":"Policies","labels":[{"label":{"identifier":"label.csv_policies.state","title":"State","type":"GDC.text","dataType":"VARCHAR(255)"}}],"defaultLabel":"label.csv_policies.state"}},{"attribute":{"identifier":"attr.csv_policies.coverage","title":"Coverage","folder":"Policies","labels":[{"label":{"identifier":"label.csv_policies.coverage","title":"Coverage","type":"GDC.text","dataType":"VARCHAR(255)"}}],"defaultLabel":"label.csv_policies.coverage"}},{"attribute":{"identifier":"attr.csv_policies.education","title":"Education","folder":"Policies","labels":[{"label":{"identifier":"label.csv_policies.education","title":"Education","type":"GDC.text","dataType":"VARCHAR(255)"}}],"defaultLabel":"label.csv_policies.education"}},{"attribute":{"identifier":"attr.csv_policies.employmentstatus","title":"Employmentstatus","folder":"Policies","labels":[{"label":{"identifier":"label.csv_policies.employmentstatus","title":"Employmentstatus","type":"GDC.text","dataType":"VARCHAR(255)"}}],"defaultLabel":"label.csv_policies.employmentstatus"}},{"attribute":{"identifier":"attr.csv_policies.gender","title":"Gender","folder":"Policies","labels":[{"label":{"identifier":"label.csv_policies.gender","title":"Gender","type":"GDC.text","dataType":"VARCHAR(255)"}}],"defaultLabel":"label.csv_policies.gender"}},{"attribute":{"identifier":"attr.csv_policies.marital_status","title":"Marital
        Status","folder":"Policies","labels":[{"label":{"identifier":"label.csv_policies.marital_status","title":"Marital
        Status","type":"GDC.text","dataType":"VARCHAR(255)"}}],"defaultLabel":"label.csv_policies.marital_status"}},{"attribute":{"identifier":"attr.csv_policies.policy_type","title":"Policy
        Type","folder":"Policies","labels":[{"label":{"identifier":"label.csv_policies.policy_type","title":"Policy
        Type","type":"GDC.text","dataType":"VARCHAR(255)"}}],"defaultLabel":"label.csv_policies.policy_type"}},{"attribute":{"identifier":"attr.csv_policies.renew_offer_type","title":"Renew
        Offer Type","folder":"Policies","labels":[{"label":{"identifier":"label.csv_policies.renew_offer_type","title":"Renew
        Offer Type","type":"GDC.text","dataType":"VARCHAR(255)"}}],"defaultLabel":"label.csv_policies.renew_offer_type"}},{"attribute":{"identifier":"attr.csv_policies.sales_channel","title":"Sales
        Channel","folder":"Policies","labels":[{"label":{"identifier":"label.csv_policies.sales_channel","title":"Sales
        Channel","type":"GDC.text","dataType":"VARCHAR(255)"}}],"defaultLabel":"label.csv_policies.sales_channel"}},{"attribute":{"identifier":"attr.csv_policies.vehicle_class","title":"Vehicle
        Class","folder":"Policies","labels":[{"label":{"identifier":"label.csv_policies.vehicle_class","title":"Vehicle
        Class","type":"GDC.text","dataType":"VARCHAR(255)"}}],"defaultLabel":"label.csv_policies.vehicle_class"}},{"attribute":{"identifier":"attr.csv_policies.vehicle_size","title":"Vehicle
        Size","folder":"Policies","labels":[{"label":{"identifier":"label.csv_policies.vehicle_size","title":"Vehicle
        Size","type":"GDC.text","dataType":"VARCHAR(255)"}}],"defaultLabel":"label.csv_policies.vehicle_size"}}],"facts":[{"fact":{"identifier":"fact.csv_policies.customer_lifetime_value.renamed","title":"Customer
        Lifetime Value","folder":"Policies","dataType":"DECIMAL(15,6)","type":"fact"}},{"fact":{"identifier":"fact.csv_policies.income","title":"Income","folder":"Policies","dataType":"DECIMAL(15,6)","type":"fact"}},{"fact":{"identifier":"fact.csv_policies.monthly_premium_auto","title":"Monthly
        Premium Auto","folder":"Policies","dataType":"DECIMAL(15,6)","type":"fact"}},{"fact":{"identifier":"fact.csv_policies.total_claim_amount","title":"Total
        Claim Amount","folder":"Policies","dataType":"DECIMAL(15,6)","type":"fact"}}],"references":["effective_to_date"],"bridges":[]}},{"dataset":{"identifier":"dataset.comp.my_computed_attr","title":"My
        computed attribute","anchor":{"attribute":{"identifier":"attr.comp.my_computed_attr","title":"My
        computed attribute","folder":"My computed attribute","labels":[{"label":{"identifier":"label.comp.my_computed_attr","title":"Label.Comp.My
        Computed Attr","type":"GDC.text","dataType":"VARCHAR(128)"}}],"relations":["to
        {attr.csv_policies.state} as case when {metric.customers.count} <= 1000 then
        {attr.comp.my_computed_attr?\"Small\"}, when {metric.customers.count} <= 2000
        then {attr.comp.my_computed_attr?\"Medium\"}, when {metric.customers.count}
        > 2000 then {attr.comp.my_computed_attr?\"Large\"} else {attr.comp.my_computed_attr?\"\"}
        end"],"defaultLabel":"label.comp.my_computed_attr"}},"attributes":[],"facts":[],"references":[],"bridges":[]}}],"dateDimensions":[{"dateDimension":{"name":"effective_to_date","urn":"urn:gooddata:date","title":"Effective
        To Date","identifierPrefix":"effective_to_date","bridges":[]}}]}}}}'
    headers:
      Accept:
      - application/json, application/zip
      User-Agent:
      - gooddata-gem/2.1.10/x86_64-darwin16/2.3.8
      Content-Type:
      - application/json
      X-Gdc-Authtt:
      - "<X_GDC_AUTHTT>"
      X-Gdc-Request:
      - ":bRskxGTtAwaCcYwF7SRZHA:sDDZeihJ-mNgPxX_sydNDw"
      Stats-On:
      - ''
      X-Gdc-Version:
      - '2'
      Content-Length:
      - '5381'
      Accept-Encoding:
      - gzip;q=1.0,deflate;q=0.6,identity;q=0.3
      Host:
      - staging2-lcm-prod.intgdc.com
  response:
    status:
      code: 202
      message: Accepted
    headers:
      Location:
      - "/gdc/projects/ebq21r3kfv796qibuvauin0kx86t4jst/model/diff/fe5121fda71957543480f3ba57d4b20768631a05f5a1074500000015"
      X-Gdc-Log-Header:
      - ''
      Content-Type:
      - application/json;charset=UTF-8
      Date:
      - Thu, 07 May 2020 13:56:20 GMT
      Server:
      - GoodData WebApp
      X-Gdc-Request-Time:
      - '241'
      X-Gdc-Request:
      - ":bRskxGTtAwaCcYwF7SRZHA:sDDZeihJ-mNgPxX_sydNDw:1GUnMNnWxmbMvlLS"
      Cache-Control:
      - no-cache, no-store, must-revalidate
      Vary:
      - origin,X-GDC-VERSION
      Transfer-Encoding:
      - chunked
      Strict-Transport-Security:
      - max-age=10886400; includeSubDomains; preload;
    body:
      encoding: ASCII-8BIT
      string: '{"asyncTask":{"link":{"poll":"/gdc/projects/ebq21r3kfv796qibuvauin0kx86t4jst/model/diff/fe5121fda71957543480f3ba57d4b20768631a05f5a1074500000015"}}}'
    http_version:
  recorded_at: Thu, 07 May 2020 13:56:19 GMT
- request:
    method: get
    uri: https://staging2-lcm-prod.intgdc.com/gdc/projects/ebq21r3kfv796qibuvauin0kx86t4jst/model/diff/fe5121fda71957543480f3ba57d4b20768631a05f5a1074500000015
    body:
      encoding: US-ASCII
      string: ''
    headers:
      Accept:
      - application/json, application/zip
      User-Agent:
      - gooddata-gem/2.1.10/x86_64-darwin16/2.3.8
      Content-Type:
      - application/json
      X-Gdc-Authtt:
      - "<X_GDC_AUTHTT>"
      X-Gdc-Request:
      - ":bRskxGTtAwaCcYwF7SRZHA:Wi5cCseik-4Bk-40ZMaTUA"
      Process:
      - 'false'
      Stats-On:
      - ''
      X-Gdc-Version:
      - '2'
      Accept-Encoding:
      - gzip;q=1.0,deflate;q=0.6,identity;q=0.3
      Host:
      - staging2-lcm-prod.intgdc.com
  response:
    status:
      code: 202
      message: Accepted
    headers:
      Location:
      - "/gdc/projects/ebq21r3kfv796qibuvauin0kx86t4jst/model/diff/fe5121fda71957543480f3ba57d4b20768631a05f5a1074500000015"
      X-Gdc-Log-Header:
      - ''
      Content-Type:
      - application/json;charset=UTF-8
      Date:
      - Thu, 07 May 2020 13:56:21 GMT
      Server:
      - GoodData WebApp
      X-Gdc-Request-Time:
      - '18'
      X-Gdc-Request:
      - ":bRskxGTtAwaCcYwF7SRZHA:Wi5cCseik-4Bk-40ZMaTUA:X4ccWHEYEm42z4vR"
      Cache-Control:
      - no-cache, no-store, must-revalidate
      Vary:
      - origin,X-GDC-VERSION
      Transfer-Encoding:
      - chunked
      Strict-Transport-Security:
      - max-age=10886400; includeSubDomains; preload;
    body:
      encoding: ASCII-8BIT
      string: '{"asyncTask":{"link":{"poll":"/gdc/projects/ebq21r3kfv796qibuvauin0kx86t4jst/model/diff/fe5121fda71957543480f3ba57d4b20768631a05f5a1074500000015"}}}'
    http_version:
  recorded_at: Thu, 07 May 2020 13:56:20 GMT
- request:
    method: get
    uri: https://staging2-lcm-prod.intgdc.com/gdc/projects/ebq21r3kfv796qibuvauin0kx86t4jst/model/diff/fe5121fda71957543480f3ba57d4b20768631a05f5a1074500000015
    body:
      encoding: US-ASCII
      string: ''
    headers:
      Accept:
      - application/json, application/zip
      User-Agent:
      - gooddata-gem/2.1.10/x86_64-darwin16/2.3.8
      Content-Type:
      - application/json
      X-Gdc-Authtt:
      - "<X_GDC_AUTHTT>"
      X-Gdc-Request:
      - ":bRskxGTtAwaCcYwF7SRZHA:dgDn8aHLhhv22HoSEZSeUQ"
      Process:
      - 'false'
      Stats-On:
      - ''
      X-Gdc-Version:
      - '2'
      Accept-Encoding:
      - gzip;q=1.0,deflate;q=0.6,identity;q=0.3
      Host:
      - staging2-lcm-prod.intgdc.com
  response:
    status:
      code: 200
      message: OK
    headers:
      X-Gdc-Log-Header:
      - ''
      Content-Type:
      - application/json;charset=UTF-8
      Date:
      - Thu, 07 May 2020 13:56:23 GMT
      Server:
      - GoodData WebApp
      X-Gdc-Request-Time:
      - '16'
      X-Gdc-Request:
      - ":bRskxGTtAwaCcYwF7SRZHA:dgDn8aHLhhv22HoSEZSeUQ:FcBvYeFxKF7GNIBV"
      Cache-Control:
      - no-cache, no-store, must-revalidate
      Vary:
      - origin,X-GDC-VERSION
      Transfer-Encoding:
      - chunked
      Strict-Transport-Security:
      - max-age=10886400; includeSubDomains; preload;
    body:
      encoding: ASCII-8BIT
      string: '{"projectModelDiff":{"updateOperations":[],"updateScripts":[]}}'
    http_version:
  recorded_at: Thu, 07 May 2020 13:56:22 GMT
- request:
    method: get
    uri: https://staging2-lcm-prod.intgdc.com/gdc/projects/ebq21r3kfv796qibuvauin0kx86t4jst/model/diff/fe5121fda71957543480f3ba57d4b20768631a05f5a1074500000015
    body:
      encoding: US-ASCII
      string: ''
    headers:
      Accept:
      - application/json, application/zip
      User-Agent:
      - gooddata-gem/2.1.10/x86_64-darwin16/2.3.8
      Content-Type:
      - application/json
      X-Gdc-Authtt:
      - "<X_GDC_AUTHTT>"
      X-Gdc-Request:
      - ":bRskxGTtAwaCcYwF7SRZHA:19AvoPcD844Hr6zBzNVoug"
      Stats-On:
      - ''
      X-Gdc-Version:
      - '2'
      Accept-Encoding:
      - gzip;q=1.0,deflate;q=0.6,identity;q=0.3
      Host:
      - staging2-lcm-prod.intgdc.com
  response:
    status:
      code: 200
      message: OK
    headers:
      X-Gdc-Log-Header:
      - ''
      Content-Type:
      - application/json;charset=UTF-8
      Date:
      - Thu, 07 May 2020 13:56:24 GMT
      Server:
      - GoodData WebApp
      X-Gdc-Request-Time:
      - '15'
      X-Gdc-Request:
      - ":bRskxGTtAwaCcYwF7SRZHA:19AvoPcD844Hr6zBzNVoug:H1GerTHfihOyROEI"
      Cache-Control:
      - no-cache, no-store, must-revalidate
      Vary:
      - origin,X-GDC-VERSION
      Transfer-Encoding:
      - chunked
      Strict-Transport-Security:
      - max-age=10886400; includeSubDomains; preload;
    body:
      encoding: ASCII-8BIT
      string: '{"projectModelDiff":{"updateOperations":[],"updateScripts":[]}}'
    http_version:
  recorded_at: Thu, 07 May 2020 13:56:23 GMT
- request:
    method: get
    uri: https://staging2-lcm-prod.intgdc.com/gdc/projects/v8pvoj7ccszm2o1tmsv59xuogm0mbkga/model/view?includeCA=true&includeDeprecated=true&includeGrain=true
    body:
      encoding: US-ASCII
      string: ''
    headers:
      Accept:
      - application/json, application/zip
      User-Agent:
      - gooddata-gem/2.1.10/x86_64-darwin16/2.3.8
      Content-Type:
      - application/json
      X-Gdc-Authtt:
      - "<X_GDC_AUTHTT>"
      X-Gdc-Request:
      - ":bRskxGTtAwaCcYwF7SRZHA:scFBhRz-sGmr1VuNbFzlhQ"
      Stats-On:
      - ''
      X-Gdc-Version:
      - '2'
      Accept-Encoding:
      - gzip;q=1.0,deflate;q=0.6,identity;q=0.3
      Host:
      - staging2-lcm-prod.intgdc.com
  response:
    status:
      code: 202
      message: Accepted
    headers:
      Location:
      - "/gdc/projects/v8pvoj7ccszm2o1tmsv59xuogm0mbkga/model/view/f74d618eecb714670fe4ac4ce186c4db09dc7e4d1e43a50e00000015"
      X-Gdc-Log-Header:
      - ''
      Content-Type:
      - application/json;charset=UTF-8
      Date:
      - Thu, 07 May 2020 13:56:24 GMT
      Server:
      - GoodData WebApp
      X-Gdc-Request-Time:
      - '15'
      X-Gdc-Request:
      - ":bRskxGTtAwaCcYwF7SRZHA:scFBhRz-sGmr1VuNbFzlhQ:xX5w6yEbEMms7N65"
      Cache-Control:
      - no-cache, no-store, must-revalidate
      Vary:
      - origin,X-GDC-VERSION
      Transfer-Encoding:
      - chunked
      Strict-Transport-Security:
      - max-age=10886400; includeSubDomains; preload;
    body:
      encoding: ASCII-8BIT
      string: '{"asyncTask":{"link":{"poll":"/gdc/projects/v8pvoj7ccszm2o1tmsv59xuogm0mbkga/model/view/f74d618eecb714670fe4ac4ce186c4db09dc7e4d1e43a50e00000015"}}}'
    http_version:
  recorded_at: Thu, 07 May 2020 13:56:24 GMT
- request:
    method: get
    uri: https://staging2-lcm-prod.intgdc.com/gdc/projects/v8pvoj7ccszm2o1tmsv59xuogm0mbkga/model/view/f74d618eecb714670fe4ac4ce186c4db09dc7e4d1e43a50e00000015
    body:
      encoding: US-ASCII
      string: ''
    headers:
      Accept:
      - application/json, application/zip
      User-Agent:
      - gooddata-gem/2.1.10/x86_64-darwin16/2.3.8
      Content-Type:
      - application/json
      X-Gdc-Authtt:
      - "<X_GDC_AUTHTT>"
      X-Gdc-Request:
      - ":bRskxGTtAwaCcYwF7SRZHA:MLlT1dEoKP0mVB0qc1OQwQ"
      Process:
      - 'false'
      Stats-On:
      - ''
      X-Gdc-Version:
      - '2'
      Accept-Encoding:
      - gzip;q=1.0,deflate;q=0.6,identity;q=0.3
      Host:
      - staging2-lcm-prod.intgdc.com
  response:
    status:
      code: 200
      message: OK
    headers:
      X-Gdc-Log-Header:
      - ''
      Content-Type:
      - application/json;charset=UTF-8
      Transfer-Encoding:
      - chunked
      Date:
      - Thu, 07 May 2020 13:56:25 GMT
      Server:
      - GoodData WebApp
      X-Gdc-Request-Time:
      - '20'
      X-Gdc-Request:
      - ":bRskxGTtAwaCcYwF7SRZHA:MLlT1dEoKP0mVB0qc1OQwQ:Pg4dOVulcRPZzxMu"
      Cache-Control:
      - no-cache, no-store, must-revalidate
      Vary:
      - Accept-Encoding,origin,X-GDC-VERSION
      Strict-Transport-Security:
      - max-age=10886400; includeSubDomains; preload;
    body:
      encoding: ASCII-8BIT
      string: '{"projectModelView":{"model":{"projectModel":{"modelMetadata":{"containCA":true},"datasets":[{"dataset":{"identifier":"dataset.csv_policies","title":"Policies","anchor":{"attribute":{"identifier":"attr.csv_policies.factsof","title":"Records
        of Policies","folder":"Policies"}},"attributes":[{"attribute":{"identifier":"attr.csv_policies.customer","title":"Customer","folder":"Policies","labels":[{"label":{"identifier":"label.csv_policies.customer","title":"Customer","type":"GDC.text","dataType":"VARCHAR(255)"}}],"defaultLabel":"label.csv_policies.customer"}},{"attribute":{"identifier":"attr.csv_policies.state","title":"State","folder":"Policies","labels":[{"label":{"identifier":"label.csv_policies.state","title":"State","type":"GDC.text","dataType":"VARCHAR(255)"}}],"defaultLabel":"label.csv_policies.state"}},{"attribute":{"identifier":"attr.csv_policies.coverage","title":"Coverage","folder":"Policies","labels":[{"label":{"identifier":"label.csv_policies.coverage","title":"Coverage","type":"GDC.text","dataType":"VARCHAR(255)"}}],"defaultLabel":"label.csv_policies.coverage"}},{"attribute":{"identifier":"attr.csv_policies.education","title":"Education","folder":"Policies","labels":[{"label":{"identifier":"label.csv_policies.education","title":"Education","type":"GDC.text","dataType":"VARCHAR(255)"}}],"defaultLabel":"label.csv_policies.education"}},{"attribute":{"identifier":"attr.csv_policies.employmentstatus","title":"Employmentstatus","folder":"Policies","labels":[{"label":{"identifier":"label.csv_policies.employmentstatus","title":"Employmentstatus","type":"GDC.text","dataType":"VARCHAR(255)"}}],"defaultLabel":"label.csv_policies.employmentstatus"}},{"attribute":{"identifier":"attr.csv_policies.gender","title":"Gender","folder":"Policies","labels":[{"label":{"identifier":"label.csv_policies.gender","title":"Gender","type":"GDC.text","dataType":"VARCHAR(255)"}}],"defaultLabel":"label.csv_policies.gender"}},{"attribute":{"identifier":"attr.csv_policies.marital_status","title":"Marital
        Status","folder":"Policies","labels":[{"label":{"identifier":"label.csv_policies.marital_status","title":"Marital
        Status","type":"GDC.text","dataType":"VARCHAR(255)"}}],"defaultLabel":"label.csv_policies.marital_status"}},{"attribute":{"identifier":"attr.csv_policies.policy_type","title":"Policy
        Type","folder":"Policies","labels":[{"label":{"identifier":"label.csv_policies.policy_type","title":"Policy
        Type","type":"GDC.text","dataType":"VARCHAR(255)"}}],"defaultLabel":"label.csv_policies.policy_type"}},{"attribute":{"identifier":"attr.csv_policies.renew_offer_type","title":"Renew
        Offer Type","folder":"Policies","labels":[{"label":{"identifier":"label.csv_policies.renew_offer_type","title":"Renew
        Offer Type","type":"GDC.text","dataType":"VARCHAR(255)"}}],"defaultLabel":"label.csv_policies.renew_offer_type"}},{"attribute":{"identifier":"attr.csv_policies.sales_channel","title":"Sales
        Channel","folder":"Policies","labels":[{"label":{"identifier":"label.csv_policies.sales_channel","title":"Sales
        Channel","type":"GDC.text","dataType":"VARCHAR(255)"}}],"defaultLabel":"label.csv_policies.sales_channel"}},{"attribute":{"identifier":"attr.csv_policies.vehicle_class","title":"Vehicle
        Class","folder":"Policies","labels":[{"label":{"identifier":"label.csv_policies.vehicle_class","title":"Vehicle
        Class","type":"GDC.text","dataType":"VARCHAR(255)"}}],"defaultLabel":"label.csv_policies.vehicle_class"}},{"attribute":{"identifier":"attr.csv_policies.vehicle_size","title":"Vehicle
        Size","folder":"Policies","labels":[{"label":{"identifier":"label.csv_policies.vehicle_size","title":"Vehicle
        Size","type":"GDC.text","dataType":"VARCHAR(255)"}}],"defaultLabel":"label.csv_policies.vehicle_size"}}],"facts":[{"fact":{"identifier":"fact.csv_policies.customer_lifetime_value.renamed","title":"Customer
        Lifetime Value","folder":"Policies","dataType":"DECIMAL(15,6)"}},{"fact":{"identifier":"fact.csv_policies.income","title":"Income","folder":"Policies","dataType":"DECIMAL(15,6)"}},{"fact":{"identifier":"fact.csv_policies.monthly_premium_auto","title":"Monthly
        Premium Auto","folder":"Policies","dataType":"DECIMAL(15,6)"}},{"fact":{"identifier":"fact.csv_policies.total_claim_amount","title":"Total
        Claim Amount","folder":"Policies","dataType":"DECIMAL(15,6)"}}],"references":["effective_to_date"],"production":true}},{"dataset":{"identifier":"dataset.comp.my_computed_attr","title":"My
        computed attribute","anchor":{"attribute":{"identifier":"attr.comp.my_computed_attr","title":"My
        computed attribute","folder":"My computed attribute","labels":[{"label":{"identifier":"label.comp.my_computed_attr","title":"Label.Comp.My
        Computed Attr","type":"GDC.text","dataType":"VARCHAR(128)"}}],"defaultLabel":"label.comp.my_computed_attr","relations":["to
        {attr.csv_policies.state} as case when {metric.customers.count} <= 1000 then
        {attr.comp.my_computed_attr?\"Small\"}, when {metric.customers.count} <= 2000
        then {attr.comp.my_computed_attr?\"Medium\"}, when {metric.customers.count}
        > 2000 then {attr.comp.my_computed_attr?\"Large\"} else {attr.comp.my_computed_attr?\"\"}
        end"]}},"production":true}}],"dateDimensions":[{"dateDimension":{"name":"effective_to_date","title":"Effective
        To Date","production":true,"urn":"urn:gooddata:date","identifier":"effective_to_date.dataset.dt","identifierPrefix":"effective_to_date","bridges":[]}}]}}}}'
    http_version:
  recorded_at: Thu, 07 May 2020 13:56:25 GMT
- request:
    method: get
    uri: https://staging2-lcm-prod.intgdc.com/gdc/projects/v8pvoj7ccszm2o1tmsv59xuogm0mbkga/model/view/f74d618eecb714670fe4ac4ce186c4db09dc7e4d1e43a50e00000015
    body:
      encoding: US-ASCII
      string: ''
    headers:
      Accept:
      - application/json, application/zip
      User-Agent:
      - gooddata-gem/2.1.10/x86_64-darwin16/2.3.8
      Content-Type:
      - application/json
      X-Gdc-Authtt:
      - "<X_GDC_AUTHTT>"
      X-Gdc-Request:
      - ":bRskxGTtAwaCcYwF7SRZHA:laaIl9mLoqr2YzigU8e1ig"
      Stats-On:
      - ''
      X-Gdc-Version:
      - '2'
      Accept-Encoding:
      - gzip;q=1.0,deflate;q=0.6,identity;q=0.3
      Host:
      - staging2-lcm-prod.intgdc.com
  response:
    status:
      code: 200
      message: OK
    headers:
      X-Gdc-Log-Header:
      - ''
      Content-Type:
      - application/json;charset=UTF-8
      Transfer-Encoding:
      - chunked
      Date:
      - Thu, 07 May 2020 13:56:26 GMT
      Server:
      - GoodData WebApp
      X-Gdc-Request-Time:
      - '15'
      X-Gdc-Request:
      - ":bRskxGTtAwaCcYwF7SRZHA:laaIl9mLoqr2YzigU8e1ig:qsH7q4eWS6jFto9y"
      Cache-Control:
      - no-cache, no-store, must-revalidate
      Vary:
      - Accept-Encoding,origin,X-GDC-VERSION
      Strict-Transport-Security:
      - max-age=10886400; includeSubDomains; preload;
    body:
      encoding: ASCII-8BIT
      string: '{"projectModelView":{"model":{"projectModel":{"modelMetadata":{"containCA":true},"datasets":[{"dataset":{"identifier":"dataset.csv_policies","title":"Policies","anchor":{"attribute":{"identifier":"attr.csv_policies.factsof","title":"Records
        of Policies","folder":"Policies"}},"attributes":[{"attribute":{"identifier":"attr.csv_policies.customer","title":"Customer","folder":"Policies","labels":[{"label":{"identifier":"label.csv_policies.customer","title":"Customer","type":"GDC.text","dataType":"VARCHAR(255)"}}],"defaultLabel":"label.csv_policies.customer"}},{"attribute":{"identifier":"attr.csv_policies.state","title":"State","folder":"Policies","labels":[{"label":{"identifier":"label.csv_policies.state","title":"State","type":"GDC.text","dataType":"VARCHAR(255)"}}],"defaultLabel":"label.csv_policies.state"}},{"attribute":{"identifier":"attr.csv_policies.coverage","title":"Coverage","folder":"Policies","labels":[{"label":{"identifier":"label.csv_policies.coverage","title":"Coverage","type":"GDC.text","dataType":"VARCHAR(255)"}}],"defaultLabel":"label.csv_policies.coverage"}},{"attribute":{"identifier":"attr.csv_policies.education","title":"Education","folder":"Policies","labels":[{"label":{"identifier":"label.csv_policies.education","title":"Education","type":"GDC.text","dataType":"VARCHAR(255)"}}],"defaultLabel":"label.csv_policies.education"}},{"attribute":{"identifier":"attr.csv_policies.employmentstatus","title":"Employmentstatus","folder":"Policies","labels":[{"label":{"identifier":"label.csv_policies.employmentstatus","title":"Employmentstatus","type":"GDC.text","dataType":"VARCHAR(255)"}}],"defaultLabel":"label.csv_policies.employmentstatus"}},{"attribute":{"identifier":"attr.csv_policies.gender","title":"Gender","folder":"Policies","labels":[{"label":{"identifier":"label.csv_policies.gender","title":"Gender","type":"GDC.text","dataType":"VARCHAR(255)"}}],"defaultLabel":"label.csv_policies.gender"}},{"attribute":{"identifier":"attr.csv_policies.marital_status","title":"Marital
        Status","folder":"Policies","labels":[{"label":{"identifier":"label.csv_policies.marital_status","title":"Marital
        Status","type":"GDC.text","dataType":"VARCHAR(255)"}}],"defaultLabel":"label.csv_policies.marital_status"}},{"attribute":{"identifier":"attr.csv_policies.policy_type","title":"Policy
        Type","folder":"Policies","labels":[{"label":{"identifier":"label.csv_policies.policy_type","title":"Policy
        Type","type":"GDC.text","dataType":"VARCHAR(255)"}}],"defaultLabel":"label.csv_policies.policy_type"}},{"attribute":{"identifier":"attr.csv_policies.renew_offer_type","title":"Renew
        Offer Type","folder":"Policies","labels":[{"label":{"identifier":"label.csv_policies.renew_offer_type","title":"Renew
        Offer Type","type":"GDC.text","dataType":"VARCHAR(255)"}}],"defaultLabel":"label.csv_policies.renew_offer_type"}},{"attribute":{"identifier":"attr.csv_policies.sales_channel","title":"Sales
        Channel","folder":"Policies","labels":[{"label":{"identifier":"label.csv_policies.sales_channel","title":"Sales
        Channel","type":"GDC.text","dataType":"VARCHAR(255)"}}],"defaultLabel":"label.csv_policies.sales_channel"}},{"attribute":{"identifier":"attr.csv_policies.vehicle_class","title":"Vehicle
        Class","folder":"Policies","labels":[{"label":{"identifier":"label.csv_policies.vehicle_class","title":"Vehicle
        Class","type":"GDC.text","dataType":"VARCHAR(255)"}}],"defaultLabel":"label.csv_policies.vehicle_class"}},{"attribute":{"identifier":"attr.csv_policies.vehicle_size","title":"Vehicle
        Size","folder":"Policies","labels":[{"label":{"identifier":"label.csv_policies.vehicle_size","title":"Vehicle
        Size","type":"GDC.text","dataType":"VARCHAR(255)"}}],"defaultLabel":"label.csv_policies.vehicle_size"}}],"facts":[{"fact":{"identifier":"fact.csv_policies.customer_lifetime_value.renamed","title":"Customer
        Lifetime Value","folder":"Policies","dataType":"DECIMAL(15,6)"}},{"fact":{"identifier":"fact.csv_policies.income","title":"Income","folder":"Policies","dataType":"DECIMAL(15,6)"}},{"fact":{"identifier":"fact.csv_policies.monthly_premium_auto","title":"Monthly
        Premium Auto","folder":"Policies","dataType":"DECIMAL(15,6)"}},{"fact":{"identifier":"fact.csv_policies.total_claim_amount","title":"Total
        Claim Amount","folder":"Policies","dataType":"DECIMAL(15,6)"}}],"references":["effective_to_date"],"production":true}},{"dataset":{"identifier":"dataset.comp.my_computed_attr","title":"My
        computed attribute","anchor":{"attribute":{"identifier":"attr.comp.my_computed_attr","title":"My
        computed attribute","folder":"My computed attribute","labels":[{"label":{"identifier":"label.comp.my_computed_attr","title":"Label.Comp.My
        Computed Attr","type":"GDC.text","dataType":"VARCHAR(128)"}}],"defaultLabel":"label.comp.my_computed_attr","relations":["to
        {attr.csv_policies.state} as case when {metric.customers.count} <= 1000 then
        {attr.comp.my_computed_attr?\"Small\"}, when {metric.customers.count} <= 2000
        then {attr.comp.my_computed_attr?\"Medium\"}, when {metric.customers.count}
        > 2000 then {attr.comp.my_computed_attr?\"Large\"} else {attr.comp.my_computed_attr?\"\"}
        end"]}},"production":true}}],"dateDimensions":[{"dateDimension":{"name":"effective_to_date","title":"Effective
        To Date","production":true,"urn":"urn:gooddata:date","identifier":"effective_to_date.dataset.dt","identifierPrefix":"effective_to_date","bridges":[]}}]}}}}'
    http_version:
  recorded_at: Thu, 07 May 2020 13:56:25 GMT
- request:
    method: post
    uri: https://staging2-lcm-prod.intgdc.com/gdc/projects/q3z8wbzkhnppkkj7gk9ovboc7ctjxx8o/model/diff?includeCA=true&includeGrain=true
    body:
      encoding: UTF-8
      string: '{"diffRequest":{"targetModel":{"projectModel":{"modelMetadata":{"containCA":true},"datasets":[{"dataset":{"identifier":"dataset.csv_policies","title":"Policies","anchor":{"attribute":{"identifier":"attr.csv_policies.factsof","title":"Records
        of Policies","folder":"Policies"}},"attributes":[{"attribute":{"identifier":"attr.csv_policies.customer","title":"Customer","folder":"Policies","labels":[{"label":{"identifier":"label.csv_policies.customer","title":"Customer","type":"GDC.text","dataType":"VARCHAR(255)"}}],"defaultLabel":"label.csv_policies.customer"}},{"attribute":{"identifier":"attr.csv_policies.state","title":"State","folder":"Policies","labels":[{"label":{"identifier":"label.csv_policies.state","title":"State","type":"GDC.text","dataType":"VARCHAR(255)"}}],"defaultLabel":"label.csv_policies.state"}},{"attribute":{"identifier":"attr.csv_policies.coverage","title":"Coverage","folder":"Policies","labels":[{"label":{"identifier":"label.csv_policies.coverage","title":"Coverage","type":"GDC.text","dataType":"VARCHAR(255)"}}],"defaultLabel":"label.csv_policies.coverage"}},{"attribute":{"identifier":"attr.csv_policies.education","title":"Education","folder":"Policies","labels":[{"label":{"identifier":"label.csv_policies.education","title":"Education","type":"GDC.text","dataType":"VARCHAR(255)"}}],"defaultLabel":"label.csv_policies.education"}},{"attribute":{"identifier":"attr.csv_policies.employmentstatus","title":"Employmentstatus","folder":"Policies","labels":[{"label":{"identifier":"label.csv_policies.employmentstatus","title":"Employmentstatus","type":"GDC.text","dataType":"VARCHAR(255)"}}],"defaultLabel":"label.csv_policies.employmentstatus"}},{"attribute":{"identifier":"attr.csv_policies.gender","title":"Gender","folder":"Policies","labels":[{"label":{"identifier":"label.csv_policies.gender","title":"Gender","type":"GDC.text","dataType":"VARCHAR(255)"}}],"defaultLabel":"label.csv_policies.gender"}},{"attribute":{"identifier":"attr.csv_policies.marital_status","title":"Marital
        Status","folder":"Policies","labels":[{"label":{"identifier":"label.csv_policies.marital_status","title":"Marital
        Status","type":"GDC.text","dataType":"VARCHAR(255)"}}],"defaultLabel":"label.csv_policies.marital_status"}},{"attribute":{"identifier":"attr.csv_policies.policy_type","title":"Policy
        Type","folder":"Policies","labels":[{"label":{"identifier":"label.csv_policies.policy_type","title":"Policy
        Type","type":"GDC.text","dataType":"VARCHAR(255)"}}],"defaultLabel":"label.csv_policies.policy_type"}},{"attribute":{"identifier":"attr.csv_policies.renew_offer_type","title":"Renew
        Offer Type","folder":"Policies","labels":[{"label":{"identifier":"label.csv_policies.renew_offer_type","title":"Renew
        Offer Type","type":"GDC.text","dataType":"VARCHAR(255)"}}],"defaultLabel":"label.csv_policies.renew_offer_type"}},{"attribute":{"identifier":"attr.csv_policies.sales_channel","title":"Sales
        Channel","folder":"Policies","labels":[{"label":{"identifier":"label.csv_policies.sales_channel","title":"Sales
        Channel","type":"GDC.text","dataType":"VARCHAR(255)"}}],"defaultLabel":"label.csv_policies.sales_channel"}},{"attribute":{"identifier":"attr.csv_policies.vehicle_class","title":"Vehicle
        Class","folder":"Policies","labels":[{"label":{"identifier":"label.csv_policies.vehicle_class","title":"Vehicle
        Class","type":"GDC.text","dataType":"VARCHAR(255)"}}],"defaultLabel":"label.csv_policies.vehicle_class"}},{"attribute":{"identifier":"attr.csv_policies.vehicle_size","title":"Vehicle
        Size","folder":"Policies","labels":[{"label":{"identifier":"label.csv_policies.vehicle_size","title":"Vehicle
        Size","type":"GDC.text","dataType":"VARCHAR(255)"}}],"defaultLabel":"label.csv_policies.vehicle_size"}}],"facts":[{"fact":{"identifier":"fact.csv_policies.customer_lifetime_value.renamed","title":"Customer
        Lifetime Value","folder":"Policies","dataType":"DECIMAL(15,6)","type":"fact"}},{"fact":{"identifier":"fact.csv_policies.income","title":"Income","folder":"Policies","dataType":"DECIMAL(15,6)","type":"fact"}},{"fact":{"identifier":"fact.csv_policies.monthly_premium_auto","title":"Monthly
        Premium Auto","folder":"Policies","dataType":"DECIMAL(15,6)","type":"fact"}},{"fact":{"identifier":"fact.csv_policies.total_claim_amount","title":"Total
        Claim Amount","folder":"Policies","dataType":"DECIMAL(15,6)","type":"fact"}}],"references":["effective_to_date"],"bridges":[]}},{"dataset":{"identifier":"dataset.comp.my_computed_attr","title":"My
        computed attribute","anchor":{"attribute":{"identifier":"attr.comp.my_computed_attr","title":"My
        computed attribute","folder":"My computed attribute","labels":[{"label":{"identifier":"label.comp.my_computed_attr","title":"Label.Comp.My
        Computed Attr","type":"GDC.text","dataType":"VARCHAR(128)"}}],"relations":["to
        {attr.csv_policies.state} as case when {metric.customers.count} <= 1000 then
        {attr.comp.my_computed_attr?\"Small\"}, when {metric.customers.count} <= 2000
        then {attr.comp.my_computed_attr?\"Medium\"}, when {metric.customers.count}
        > 2000 then {attr.comp.my_computed_attr?\"Large\"} else {attr.comp.my_computed_attr?\"\"}
        end"],"defaultLabel":"label.comp.my_computed_attr"}},"attributes":[],"facts":[],"references":[],"bridges":[]}}],"dateDimensions":[{"dateDimension":{"name":"effective_to_date","urn":"urn:gooddata:date","title":"Effective
        To Date","identifierPrefix":"effective_to_date","bridges":[]}}]}}}}'
    headers:
      Accept:
      - application/json, application/zip
      User-Agent:
      - gooddata-gem/2.1.10/x86_64-darwin16/2.3.8
      Content-Type:
      - application/json
      X-Gdc-Authtt:
      - "<X_GDC_AUTHTT>"
      X-Gdc-Request:
      - ":bRskxGTtAwaCcYwF7SRZHA:PR4aKYd2UL8PZKjEM1Xnzg"
      Stats-On:
      - ''
      X-Gdc-Version:
      - '2'
      Content-Length:
      - '5381'
      Accept-Encoding:
      - gzip;q=1.0,deflate;q=0.6,identity;q=0.3
      Host:
      - staging2-lcm-prod.intgdc.com
  response:
    status:
      code: 202
      message: Accepted
    headers:
      Location:
      - "/gdc/projects/q3z8wbzkhnppkkj7gk9ovboc7ctjxx8o/model/diff/431c3def3810fc09bd7c0f2ade8f0b1a779a9ae3379864e300000015"
      X-Gdc-Log-Header:
      - ''
      Content-Type:
      - application/json;charset=UTF-8
      Date:
      - Thu, 07 May 2020 13:56:28 GMT
      Server:
      - GoodData WebApp
      X-Gdc-Request-Time:
      - '233'
      X-Gdc-Request:
      - ":bRskxGTtAwaCcYwF7SRZHA:PR4aKYd2UL8PZKjEM1Xnzg:XHpQJy3G9J6A0v5l"
      Cache-Control:
      - no-cache, no-store, must-revalidate
      Vary:
      - origin,X-GDC-VERSION
      Transfer-Encoding:
      - chunked
      Strict-Transport-Security:
      - max-age=10886400; includeSubDomains; preload;
    body:
      encoding: ASCII-8BIT
      string: '{"asyncTask":{"link":{"poll":"/gdc/projects/q3z8wbzkhnppkkj7gk9ovboc7ctjxx8o/model/diff/431c3def3810fc09bd7c0f2ade8f0b1a779a9ae3379864e300000015"}}}'
    http_version:
  recorded_at: Thu, 07 May 2020 13:56:27 GMT
- request:
    method: get
    uri: https://staging2-lcm-prod.intgdc.com/gdc/projects/q3z8wbzkhnppkkj7gk9ovboc7ctjxx8o/model/diff/431c3def3810fc09bd7c0f2ade8f0b1a779a9ae3379864e300000015
    body:
      encoding: US-ASCII
      string: ''
    headers:
      Accept:
      - application/json, application/zip
      User-Agent:
      - gooddata-gem/2.1.10/x86_64-darwin16/2.3.8
      Content-Type:
      - application/json
      X-Gdc-Authtt:
      - "<X_GDC_AUTHTT>"
      X-Gdc-Request:
      - ":bRskxGTtAwaCcYwF7SRZHA:0BCizUuPkuR2-9LieTr-jQ"
      Process:
      - 'false'
      Stats-On:
      - ''
      X-Gdc-Version:
      - '2'
      Accept-Encoding:
      - gzip;q=1.0,deflate;q=0.6,identity;q=0.3
      Host:
      - staging2-lcm-prod.intgdc.com
  response:
    status:
      code: 401
      message: Unauthorized
    headers:
      Expires:
      - Thu, 01 Jan 1970 00:00:00 GMT
      Cache-Control:
      - no-store, no-cache, must-revalidate, max-age=0
      Pragma:
      - no-cache
      P3p:
      - CP='IDC DSP COR ADM DEVi TAIi PSA PSD IVAi IVDi CONi HIS OUR IND CNT'
      Www-Authenticate:
      - GoodData realm="GoodData API" cookie=GDCAuthTT
      Content-Type:
      - application/json; charset=utf-8
      X-Gdc-Request-Time:
      - '1'
      Set-Cookie:
      - GDCAuthTT=; Max-Age=0; Expires=Thu, 7 May 2020 15:56:29 GMT; Path=/gdc; Domain=staging2-lcm-prod.intgdc.com;
        Secure; HTTPOnly; SameSite=None
      X-Gdc-Request:
      - ":bRskxGTtAwaCcYwF7SRZHA:0BCizUuPkuR2-9LieTr-jQ:v8lar3DKTE6xnNMc"
      Vary:
      - origin
      Transfer-Encoding:
      - chunked
      Strict-Transport-Security:
      - max-age=10886400; includeSubDomains; preload;
    body:
      encoding: ASCII-8BIT
      string: |
        {
            "error": {
                "code": 401,
                "message": "Authorization Required",
                "description": "This server could not verify that you are authorized to access the document requested. Either you supplied the wrong credentials (e.g., bad password), or your browser doesn't understand how to supply the credentials required",
                "links": {
                    "documentation": "https://help.gooddata.com/display/developer/API+Reference#/reference/authentication/log-in"
                }
            }
        }
    http_version:
  recorded_at: Thu, 07 May 2020 13:56:28 GMT
- request:
    method: get
    uri: https://staging2-lcm-prod.intgdc.com/gdc/account/token
    body:
      encoding: US-ASCII
      string: ''
    headers:
      Accept:
      - application/json, application/zip
      User-Agent:
      - gooddata-gem/2.1.10/x86_64-darwin16/2.3.8
      Content-Type:
      - application/json
      X-Gdc-Authtt:
      - "<X_GDC_AUTHTT>"
      X-Gdc-Request:
      - ":bRskxGTtAwaCcYwF7SRZHA:Z2ggBFDZwTEuUOSu6xieSw"
      X-Gdc-Authsst:
      - "<X_GDC_AUTHSST>"
      Dont-Reauth:
      - 'true'
      X-Gdc-Version:
      - '2'
      Accept-Encoding:
      - gzip;q=1.0,deflate;q=0.6,identity;q=0.3
      Host:
      - staging2-lcm-prod.intgdc.com
  response:
    status:
      code: 200
      message: OK
    headers:
      Expires:
      - Thu, 01 Jan 1970 00:00:00 GMT
      Cache-Control:
      - no-store, no-cache, must-revalidate, max-age=0
      Pragma:
      - no-cache
      P3p:
      - CP='IDC DSP COR ADM DEVi TAIi PSA PSD IVAi IVDi CONi HIS OUR IND CNT'
      X-Gdc-Authtt:
      - "<X_GDC_AUTHTT>"
      X-Gdc-Log-Header:
      - ''
      Content-Type:
      - application/json
      Date:
      - Thu, 07 May 2020 13:56:30 GMT
      Server:
      - GoodData WebApp
      X-Gdc-Request-Time:
      - '25'
      X-Gdc-Request:
      - ":bRskxGTtAwaCcYwF7SRZHA:Z2ggBFDZwTEuUOSu6xieSw:OzrzLMj6vnzFISvq"
      Vary:
      - origin,X-GDC-VERSION
      Transfer-Encoding:
      - chunked
      Strict-Transport-Security:
      - max-age=10886400; includeSubDomains; preload;
    body:
      encoding: ASCII-8BIT
      string: '{"userToken":{"token":"<TOKEN>"}}'
    http_version:
  recorded_at: Thu, 07 May 2020 13:56:29 GMT
- request:
    method: get
    uri: https://staging2-lcm-prod.intgdc.com/gdc/projects/q3z8wbzkhnppkkj7gk9ovboc7ctjxx8o/model/diff/431c3def3810fc09bd7c0f2ade8f0b1a779a9ae3379864e300000015
    body:
      encoding: US-ASCII
      string: ''
    headers:
      Accept:
      - application/json, application/zip
      User-Agent:
      - gooddata-gem/2.1.10/x86_64-darwin16/2.3.8
      Content-Type:
      - application/json
      X-Gdc-Authtt:
      - "<X_GDC_AUTHTT>"
      X-Gdc-Request:
      - ":bRskxGTtAwaCcYwF7SRZHA:0BCizUuPkuR2-9LieTr-jQ"
      Process:
      - 'false'
      Stats-On:
      - ''
      X-Gdc-Version:
      - '2'
      Accept-Encoding:
      - gzip;q=1.0,deflate;q=0.6,identity;q=0.3
      Host:
      - staging2-lcm-prod.intgdc.com
  response:
    status:
      code: 200
      message: OK
    headers:
      X-Gdc-Log-Header:
      - ''
      Content-Type:
      - application/json;charset=UTF-8
      Date:
      - Thu, 07 May 2020 13:56:31 GMT
      Server:
      - GoodData WebApp
      X-Gdc-Request-Time:
      - '16'
      X-Gdc-Request:
      - ":bRskxGTtAwaCcYwF7SRZHA:0BCizUuPkuR2-9LieTr-jQ:7Q26OovMFWQMXeUn"
      Cache-Control:
      - no-cache, no-store, must-revalidate
      Vary:
      - origin,X-GDC-VERSION
      Transfer-Encoding:
      - chunked
      Strict-Transport-Security:
      - max-age=10886400; includeSubDomains; preload;
    body:
      encoding: ASCII-8BIT
      string: '{"projectModelDiff":{"updateOperations":[],"updateScripts":[]}}'
    http_version:
  recorded_at: Thu, 07 May 2020 13:56:30 GMT
- request:
    method: get
    uri: https://staging2-lcm-prod.intgdc.com/gdc/projects/q3z8wbzkhnppkkj7gk9ovboc7ctjxx8o/model/diff/431c3def3810fc09bd7c0f2ade8f0b1a779a9ae3379864e300000015
    body:
      encoding: US-ASCII
      string: ''
    headers:
      Accept:
      - application/json, application/zip
      User-Agent:
      - gooddata-gem/2.1.10/x86_64-darwin16/2.3.8
      Content-Type:
      - application/json
      X-Gdc-Authtt:
      - "<X_GDC_AUTHTT>"
      X-Gdc-Request:
      - ":bRskxGTtAwaCcYwF7SRZHA:yONtT55KEZCPQrAUAHtdkg"
      Stats-On:
      - ''
      X-Gdc-Version:
      - '2'
      Accept-Encoding:
      - gzip;q=1.0,deflate;q=0.6,identity;q=0.3
      Host:
      - staging2-lcm-prod.intgdc.com
  response:
    status:
      code: 200
      message: OK
    headers:
      X-Gdc-Log-Header:
      - ''
      Content-Type:
      - application/json;charset=UTF-8
      Date:
      - Thu, 07 May 2020 13:56:32 GMT
      Server:
      - GoodData WebApp
      X-Gdc-Request-Time:
      - '18'
      X-Gdc-Request:
      - ":bRskxGTtAwaCcYwF7SRZHA:yONtT55KEZCPQrAUAHtdkg:GuZtq25rYYZcnkUS"
      Cache-Control:
      - no-cache, no-store, must-revalidate
      Vary:
      - origin,X-GDC-VERSION
      Transfer-Encoding:
      - chunked
      Strict-Transport-Security:
      - max-age=10886400; includeSubDomains; preload;
    body:
      encoding: ASCII-8BIT
      string: '{"projectModelDiff":{"updateOperations":[],"updateScripts":[]}}'
    http_version:
  recorded_at: Thu, 07 May 2020 13:56:31 GMT
- request:
    method: get
    uri: https://staging2-lcm-prod.intgdc.com/gdc/projects/nqiq1xggf5he67wyc3qyzk8v7hrkhoae/model/view?includeCA=true&includeDeprecated=true&includeGrain=true
    body:
      encoding: US-ASCII
      string: ''
    headers:
      Accept:
      - application/json, application/zip
      User-Agent:
      - gooddata-gem/2.1.12/x86_64-darwin19/2.3.8
      Content-Type:
      - application/json
      X-Gdc-Authtt:
      - "<X_GDC_AUTHTT>"
      X-Gdc-Request:
      - ":VvyoM3RL1a39zR6WiU6kRA:bYloGOJLskW2t5LLPcMpuQ"
      Stats-On:
      - ''
      X-Gdc-Version:
      - '2'
      Accept-Encoding:
      - gzip;q=1.0,deflate;q=0.6,identity;q=0.3
      Host:
      - staging2-lcm-prod.intgdc.com
  response:
    status:
      code: 202
      message: Accepted
    headers:
      Location:
      - "/gdc/projects/nqiq1xggf5he67wyc3qyzk8v7hrkhoae/model/view/be7146bbbe6d91bb49c5b5cb238bc7a1dee7d5bbe5c13ea200000080"
      X-Gdc-Log-Header:
      - ''
      Content-Type:
      - application/json;charset=UTF-8
      Date:
      - Mon, 29 Jun 2020 09:06:11 GMT
      Server:
      - GoodData WebApp
      X-Gdc-Request-Time:
      - '14'
      X-Gdc-Request:
      - ":VvyoM3RL1a39zR6WiU6kRA:bYloGOJLskW2t5LLPcMpuQ:BJ5d0Qs4BcYEXhFb"
      Cache-Control:
      - no-cache, no-store, must-revalidate
      Vary:
      - origin,X-GDC-VERSION
      Transfer-Encoding:
      - chunked
      Strict-Transport-Security:
      - max-age=10886400; includeSubDomains; preload;
    body:
      encoding: ASCII-8BIT
      string: '{"asyncTask":{"link":{"poll":"/gdc/projects/nqiq1xggf5he67wyc3qyzk8v7hrkhoae/model/view/be7146bbbe6d91bb49c5b5cb238bc7a1dee7d5bbe5c13ea200000080"}}}'
    http_version:
  recorded_at: Mon, 29 Jun 2020 09:06:11 GMT
- request:
    method: get
    uri: https://staging2-lcm-prod.intgdc.com/gdc/projects/nqiq1xggf5he67wyc3qyzk8v7hrkhoae/model/view/be7146bbbe6d91bb49c5b5cb238bc7a1dee7d5bbe5c13ea200000080
    body:
      encoding: US-ASCII
      string: ''
    headers:
      Accept:
      - application/json, application/zip
      User-Agent:
      - gooddata-gem/2.1.12/x86_64-darwin19/2.3.8
      Content-Type:
      - application/json
      X-Gdc-Authtt:
      - "<X_GDC_AUTHTT>"
      X-Gdc-Request:
      - ":VvyoM3RL1a39zR6WiU6kRA:ZE1auivjpVo_NF7QMpNczQ"
      Process:
      - 'false'
      Stats-On:
      - ''
      X-Gdc-Version:
      - '2'
      Accept-Encoding:
      - gzip;q=1.0,deflate;q=0.6,identity;q=0.3
      Host:
      - staging2-lcm-prod.intgdc.com
  response:
    status:
      code: 200
      message: OK
    headers:
      X-Gdc-Log-Header:
      - ''
      Content-Type:
      - application/json;charset=UTF-8
      Transfer-Encoding:
      - chunked
      Date:
      - Mon, 29 Jun 2020 09:06:11 GMT
      Server:
      - GoodData WebApp
      X-Gdc-Request-Time:
      - '32'
      X-Gdc-Request:
      - ":VvyoM3RL1a39zR6WiU6kRA:ZE1auivjpVo_NF7QMpNczQ:Plpr4jJHG5ifNB5z"
      Cache-Control:
      - no-cache, no-store, must-revalidate
      Vary:
      - Accept-Encoding,origin,X-GDC-VERSION
      Strict-Transport-Security:
      - max-age=10886400; includeSubDomains; preload;
    body:
      encoding: ASCII-8BIT
      string: '{"projectModelView":{"model":{"projectModel":{"modelMetadata":{"containCA":true},"datasets":[{"dataset":{"identifier":"dataset.csv_policies","title":"Policies","anchor":{"attribute":{"identifier":"attr.csv_policies.factsof","title":"Records
        of Policies","folder":"Policies"}},"attributes":[{"attribute":{"identifier":"attr.csv_policies.customer","title":"Customer","folder":"Policies","labels":[{"label":{"identifier":"label.csv_policies.customer","title":"Customer","type":"GDC.text","dataType":"VARCHAR(255)"}}],"defaultLabel":"label.csv_policies.customer"}},{"attribute":{"identifier":"attr.csv_policies.state","title":"State","folder":"Policies","labels":[{"label":{"identifier":"label.csv_policies.state","title":"State","type":"GDC.text","dataType":"VARCHAR(255)"}}],"defaultLabel":"label.csv_policies.state"}},{"attribute":{"identifier":"attr.csv_policies.coverage","title":"Coverage","folder":"Policies","labels":[{"label":{"identifier":"label.csv_policies.coverage","title":"Coverage","type":"GDC.text","dataType":"VARCHAR(255)"}}],"defaultLabel":"label.csv_policies.coverage"}},{"attribute":{"identifier":"attr.csv_policies.education","title":"Education","folder":"Policies","labels":[{"label":{"identifier":"label.csv_policies.education","title":"Education","type":"GDC.text","dataType":"VARCHAR(255)"}}],"defaultLabel":"label.csv_policies.education"}},{"attribute":{"identifier":"attr.csv_policies.employmentstatus","title":"Employmentstatus","folder":"Policies","labels":[{"label":{"identifier":"label.csv_policies.employmentstatus","title":"Employmentstatus","type":"GDC.text","dataType":"VARCHAR(255)"}}],"defaultLabel":"label.csv_policies.employmentstatus"}},{"attribute":{"identifier":"attr.csv_policies.gender","title":"Gender","folder":"Policies","labels":[{"label":{"identifier":"label.csv_policies.gender","title":"Gender","type":"GDC.text","dataType":"VARCHAR(255)"}}],"defaultLabel":"label.csv_policies.gender"}},{"attribute":{"identifier":"attr.csv_policies.marital_status","title":"Marital
        Status","folder":"Policies","labels":[{"label":{"identifier":"label.csv_policies.marital_status","title":"Marital
        Status","type":"GDC.text","dataType":"VARCHAR(255)"}}],"defaultLabel":"label.csv_policies.marital_status"}},{"attribute":{"identifier":"attr.csv_policies.policy_type","title":"Policy
        Type","folder":"Policies","labels":[{"label":{"identifier":"label.csv_policies.policy_type","title":"Policy
        Type","type":"GDC.text","dataType":"VARCHAR(255)"}}],"defaultLabel":"label.csv_policies.policy_type"}},{"attribute":{"identifier":"attr.csv_policies.renew_offer_type","title":"Renew
        Offer Type","folder":"Policies","labels":[{"label":{"identifier":"label.csv_policies.renew_offer_type","title":"Renew
        Offer Type","type":"GDC.text","dataType":"VARCHAR(255)"}}],"defaultLabel":"label.csv_policies.renew_offer_type"}},{"attribute":{"identifier":"attr.csv_policies.sales_channel","title":"Sales
        Channel","folder":"Policies","labels":[{"label":{"identifier":"label.csv_policies.sales_channel","title":"Sales
        Channel","type":"GDC.text","dataType":"VARCHAR(255)"}}],"defaultLabel":"label.csv_policies.sales_channel"}},{"attribute":{"identifier":"attr.csv_policies.vehicle_class","title":"Vehicle
        Class","folder":"Policies","labels":[{"label":{"identifier":"label.csv_policies.vehicle_class","title":"Vehicle
        Class","type":"GDC.text","dataType":"VARCHAR(255)"}}],"defaultLabel":"label.csv_policies.vehicle_class"}},{"attribute":{"identifier":"attr.csv_policies.vehicle_size","title":"Vehicle
        Size","folder":"Policies","labels":[{"label":{"identifier":"label.csv_policies.vehicle_size","title":"Vehicle
        Size","type":"GDC.text","dataType":"VARCHAR(255)"}}],"defaultLabel":"label.csv_policies.vehicle_size"}}],"facts":[{"fact":{"identifier":"fact.csv_policies.customer_lifetime_value.renamed","title":"Customer
        Lifetime Value","folder":"Policies","dataType":"DECIMAL(15,6)"}},{"fact":{"identifier":"fact.csv_policies.income","title":"Income","folder":"Policies","dataType":"DECIMAL(15,6)"}},{"fact":{"identifier":"fact.csv_policies.monthly_premium_auto","title":"Monthly
        Premium Auto","folder":"Policies","dataType":"DECIMAL(15,6)"}},{"fact":{"identifier":"fact.csv_policies.total_claim_amount","title":"Total
        Claim Amount","folder":"Policies","dataType":"DECIMAL(15,6)"}}],"references":["effective_to_date"],"production":true}},{"dataset":{"identifier":"dataset.comp.my_computed_attr","title":"My
        computed attribute","anchor":{"attribute":{"identifier":"attr.comp.my_computed_attr","title":"My
        computed attribute","folder":"My computed attribute","labels":[{"label":{"identifier":"label.comp.my_computed_attr","title":"Label.Comp.My
        Computed Attr","type":"GDC.text","dataType":"VARCHAR(128)"}}],"defaultLabel":"label.comp.my_computed_attr","relations":["to
        {attr.csv_policies.state} as case when {metric.customers.count} <= 1000 then
        {attr.comp.my_computed_attr?\"Small\"}, when {metric.customers.count} <= 2000
        then {attr.comp.my_computed_attr?\"Medium\"}, when {metric.customers.count}
        > 2000 then {attr.comp.my_computed_attr?\"Large\"} else {attr.comp.my_computed_attr?\"\"}
        end"]}},"production":true}}],"dateDimensions":[{"dateDimension":{"name":"effective_to_date","title":"Effective
        To Date","production":true,"urn":"urn:gooddata:date","identifier":"effective_to_date.dataset.dt","identifierPrefix":"effective_to_date","bridges":[]}}]}}}}'
    http_version:
  recorded_at: Mon, 29 Jun 2020 09:06:12 GMT
- request:
    method: get
    uri: https://staging2-lcm-prod.intgdc.com/gdc/projects/nqiq1xggf5he67wyc3qyzk8v7hrkhoae/model/view/be7146bbbe6d91bb49c5b5cb238bc7a1dee7d5bbe5c13ea200000080
    body:
      encoding: US-ASCII
      string: ''
    headers:
      Accept:
      - application/json, application/zip
      User-Agent:
      - gooddata-gem/2.1.12/x86_64-darwin19/2.3.8
      Content-Type:
      - application/json
      X-Gdc-Authtt:
      - "<X_GDC_AUTHTT>"
      X-Gdc-Request:
      - ":VvyoM3RL1a39zR6WiU6kRA:Z3kcm7rX8vChxfl8Z6rvdQ"
      Stats-On:
      - ''
      X-Gdc-Version:
      - '2'
      Accept-Encoding:
      - gzip;q=1.0,deflate;q=0.6,identity;q=0.3
      Host:
      - staging2-lcm-prod.intgdc.com
  response:
    status:
      code: 200
      message: OK
    headers:
      X-Gdc-Log-Header:
      - ''
      Content-Type:
      - application/json;charset=UTF-8
      Transfer-Encoding:
      - chunked
      Date:
      - Mon, 29 Jun 2020 09:06:13 GMT
      Server:
      - GoodData WebApp
      X-Gdc-Request-Time:
      - '12'
      X-Gdc-Request:
      - ":VvyoM3RL1a39zR6WiU6kRA:Z3kcm7rX8vChxfl8Z6rvdQ:L6US3BZmzrNvIqPf"
      Cache-Control:
      - no-cache, no-store, must-revalidate
      Vary:
      - Accept-Encoding,origin,X-GDC-VERSION
      Strict-Transport-Security:
      - max-age=10886400; includeSubDomains; preload;
    body:
      encoding: ASCII-8BIT
      string: '{"projectModelView":{"model":{"projectModel":{"modelMetadata":{"containCA":true},"datasets":[{"dataset":{"identifier":"dataset.csv_policies","title":"Policies","anchor":{"attribute":{"identifier":"attr.csv_policies.factsof","title":"Records
        of Policies","folder":"Policies"}},"attributes":[{"attribute":{"identifier":"attr.csv_policies.customer","title":"Customer","folder":"Policies","labels":[{"label":{"identifier":"label.csv_policies.customer","title":"Customer","type":"GDC.text","dataType":"VARCHAR(255)"}}],"defaultLabel":"label.csv_policies.customer"}},{"attribute":{"identifier":"attr.csv_policies.state","title":"State","folder":"Policies","labels":[{"label":{"identifier":"label.csv_policies.state","title":"State","type":"GDC.text","dataType":"VARCHAR(255)"}}],"defaultLabel":"label.csv_policies.state"}},{"attribute":{"identifier":"attr.csv_policies.coverage","title":"Coverage","folder":"Policies","labels":[{"label":{"identifier":"label.csv_policies.coverage","title":"Coverage","type":"GDC.text","dataType":"VARCHAR(255)"}}],"defaultLabel":"label.csv_policies.coverage"}},{"attribute":{"identifier":"attr.csv_policies.education","title":"Education","folder":"Policies","labels":[{"label":{"identifier":"label.csv_policies.education","title":"Education","type":"GDC.text","dataType":"VARCHAR(255)"}}],"defaultLabel":"label.csv_policies.education"}},{"attribute":{"identifier":"attr.csv_policies.employmentstatus","title":"Employmentstatus","folder":"Policies","labels":[{"label":{"identifier":"label.csv_policies.employmentstatus","title":"Employmentstatus","type":"GDC.text","dataType":"VARCHAR(255)"}}],"defaultLabel":"label.csv_policies.employmentstatus"}},{"attribute":{"identifier":"attr.csv_policies.gender","title":"Gender","folder":"Policies","labels":[{"label":{"identifier":"label.csv_policies.gender","title":"Gender","type":"GDC.text","dataType":"VARCHAR(255)"}}],"defaultLabel":"label.csv_policies.gender"}},{"attribute":{"identifier":"attr.csv_policies.marital_status","title":"Marital
        Status","folder":"Policies","labels":[{"label":{"identifier":"label.csv_policies.marital_status","title":"Marital
        Status","type":"GDC.text","dataType":"VARCHAR(255)"}}],"defaultLabel":"label.csv_policies.marital_status"}},{"attribute":{"identifier":"attr.csv_policies.policy_type","title":"Policy
        Type","folder":"Policies","labels":[{"label":{"identifier":"label.csv_policies.policy_type","title":"Policy
        Type","type":"GDC.text","dataType":"VARCHAR(255)"}}],"defaultLabel":"label.csv_policies.policy_type"}},{"attribute":{"identifier":"attr.csv_policies.renew_offer_type","title":"Renew
        Offer Type","folder":"Policies","labels":[{"label":{"identifier":"label.csv_policies.renew_offer_type","title":"Renew
        Offer Type","type":"GDC.text","dataType":"VARCHAR(255)"}}],"defaultLabel":"label.csv_policies.renew_offer_type"}},{"attribute":{"identifier":"attr.csv_policies.sales_channel","title":"Sales
        Channel","folder":"Policies","labels":[{"label":{"identifier":"label.csv_policies.sales_channel","title":"Sales
        Channel","type":"GDC.text","dataType":"VARCHAR(255)"}}],"defaultLabel":"label.csv_policies.sales_channel"}},{"attribute":{"identifier":"attr.csv_policies.vehicle_class","title":"Vehicle
        Class","folder":"Policies","labels":[{"label":{"identifier":"label.csv_policies.vehicle_class","title":"Vehicle
        Class","type":"GDC.text","dataType":"VARCHAR(255)"}}],"defaultLabel":"label.csv_policies.vehicle_class"}},{"attribute":{"identifier":"attr.csv_policies.vehicle_size","title":"Vehicle
        Size","folder":"Policies","labels":[{"label":{"identifier":"label.csv_policies.vehicle_size","title":"Vehicle
        Size","type":"GDC.text","dataType":"VARCHAR(255)"}}],"defaultLabel":"label.csv_policies.vehicle_size"}}],"facts":[{"fact":{"identifier":"fact.csv_policies.customer_lifetime_value.renamed","title":"Customer
        Lifetime Value","folder":"Policies","dataType":"DECIMAL(15,6)"}},{"fact":{"identifier":"fact.csv_policies.income","title":"Income","folder":"Policies","dataType":"DECIMAL(15,6)"}},{"fact":{"identifier":"fact.csv_policies.monthly_premium_auto","title":"Monthly
        Premium Auto","folder":"Policies","dataType":"DECIMAL(15,6)"}},{"fact":{"identifier":"fact.csv_policies.total_claim_amount","title":"Total
        Claim Amount","folder":"Policies","dataType":"DECIMAL(15,6)"}}],"references":["effective_to_date"],"production":true}},{"dataset":{"identifier":"dataset.comp.my_computed_attr","title":"My
        computed attribute","anchor":{"attribute":{"identifier":"attr.comp.my_computed_attr","title":"My
        computed attribute","folder":"My computed attribute","labels":[{"label":{"identifier":"label.comp.my_computed_attr","title":"Label.Comp.My
        Computed Attr","type":"GDC.text","dataType":"VARCHAR(128)"}}],"defaultLabel":"label.comp.my_computed_attr","relations":["to
        {attr.csv_policies.state} as case when {metric.customers.count} <= 1000 then
        {attr.comp.my_computed_attr?\"Small\"}, when {metric.customers.count} <= 2000
        then {attr.comp.my_computed_attr?\"Medium\"}, when {metric.customers.count}
        > 2000 then {attr.comp.my_computed_attr?\"Large\"} else {attr.comp.my_computed_attr?\"\"}
        end"]}},"production":true}}],"dateDimensions":[{"dateDimension":{"name":"effective_to_date","title":"Effective
        To Date","production":true,"urn":"urn:gooddata:date","identifier":"effective_to_date.dataset.dt","identifierPrefix":"effective_to_date","bridges":[]}}]}}}}'
    http_version:
  recorded_at: Mon, 29 Jun 2020 09:06:13 GMT
- request:
    method: post
    uri: https://staging2-lcm-prod.intgdc.com/gdc/projects/jqz6r113xvd6pd4tn6omllqg5i48rpov/model/diff?includeCA=true&includeGrain=true
    body:
      encoding: UTF-8
      string: '{"diffRequest":{"targetModel":{"projectModel":{"modelMetadata":{"containCA":true},"datasets":[{"dataset":{"identifier":"dataset.csv_policies","title":"Policies","anchor":{"attribute":{"identifier":"attr.csv_policies.factsof","title":"Records
        of Policies","folder":"Policies"}},"attributes":[{"attribute":{"identifier":"attr.csv_policies.customer","title":"Customer","folder":"Policies","labels":[{"label":{"identifier":"label.csv_policies.customer","title":"Customer","type":"GDC.text","dataType":"VARCHAR(255)"}}],"defaultLabel":"label.csv_policies.customer"}},{"attribute":{"identifier":"attr.csv_policies.state","title":"State","folder":"Policies","labels":[{"label":{"identifier":"label.csv_policies.state","title":"State","type":"GDC.text","dataType":"VARCHAR(255)"}}],"defaultLabel":"label.csv_policies.state"}},{"attribute":{"identifier":"attr.csv_policies.coverage","title":"Coverage","folder":"Policies","labels":[{"label":{"identifier":"label.csv_policies.coverage","title":"Coverage","type":"GDC.text","dataType":"VARCHAR(255)"}}],"defaultLabel":"label.csv_policies.coverage"}},{"attribute":{"identifier":"attr.csv_policies.education","title":"Education","folder":"Policies","labels":[{"label":{"identifier":"label.csv_policies.education","title":"Education","type":"GDC.text","dataType":"VARCHAR(255)"}}],"defaultLabel":"label.csv_policies.education"}},{"attribute":{"identifier":"attr.csv_policies.employmentstatus","title":"Employmentstatus","folder":"Policies","labels":[{"label":{"identifier":"label.csv_policies.employmentstatus","title":"Employmentstatus","type":"GDC.text","dataType":"VARCHAR(255)"}}],"defaultLabel":"label.csv_policies.employmentstatus"}},{"attribute":{"identifier":"attr.csv_policies.gender","title":"Gender","folder":"Policies","labels":[{"label":{"identifier":"label.csv_policies.gender","title":"Gender","type":"GDC.text","dataType":"VARCHAR(255)"}}],"defaultLabel":"label.csv_policies.gender"}},{"attribute":{"identifier":"attr.csv_policies.marital_status","title":"Marital
        Status","folder":"Policies","labels":[{"label":{"identifier":"label.csv_policies.marital_status","title":"Marital
        Status","type":"GDC.text","dataType":"VARCHAR(255)"}}],"defaultLabel":"label.csv_policies.marital_status"}},{"attribute":{"identifier":"attr.csv_policies.policy_type","title":"Policy
        Type","folder":"Policies","labels":[{"label":{"identifier":"label.csv_policies.policy_type","title":"Policy
        Type","type":"GDC.text","dataType":"VARCHAR(255)"}}],"defaultLabel":"label.csv_policies.policy_type"}},{"attribute":{"identifier":"attr.csv_policies.renew_offer_type","title":"Renew
        Offer Type","folder":"Policies","labels":[{"label":{"identifier":"label.csv_policies.renew_offer_type","title":"Renew
        Offer Type","type":"GDC.text","dataType":"VARCHAR(255)"}}],"defaultLabel":"label.csv_policies.renew_offer_type"}},{"attribute":{"identifier":"attr.csv_policies.sales_channel","title":"Sales
        Channel","folder":"Policies","labels":[{"label":{"identifier":"label.csv_policies.sales_channel","title":"Sales
        Channel","type":"GDC.text","dataType":"VARCHAR(255)"}}],"defaultLabel":"label.csv_policies.sales_channel"}},{"attribute":{"identifier":"attr.csv_policies.vehicle_class","title":"Vehicle
        Class","folder":"Policies","labels":[{"label":{"identifier":"label.csv_policies.vehicle_class","title":"Vehicle
        Class","type":"GDC.text","dataType":"VARCHAR(255)"}}],"defaultLabel":"label.csv_policies.vehicle_class"}},{"attribute":{"identifier":"attr.csv_policies.vehicle_size","title":"Vehicle
        Size","folder":"Policies","labels":[{"label":{"identifier":"label.csv_policies.vehicle_size","title":"Vehicle
        Size","type":"GDC.text","dataType":"VARCHAR(255)"}}],"defaultLabel":"label.csv_policies.vehicle_size"}}],"facts":[{"fact":{"identifier":"fact.csv_policies.customer_lifetime_value.renamed","title":"Customer
        Lifetime Value","folder":"Policies","dataType":"DECIMAL(15,6)","type":"fact"}},{"fact":{"identifier":"fact.csv_policies.income","title":"Income","folder":"Policies","dataType":"DECIMAL(15,6)","type":"fact"}},{"fact":{"identifier":"fact.csv_policies.monthly_premium_auto","title":"Monthly
        Premium Auto","folder":"Policies","dataType":"DECIMAL(15,6)","type":"fact"}},{"fact":{"identifier":"fact.csv_policies.total_claim_amount","title":"Total
        Claim Amount","folder":"Policies","dataType":"DECIMAL(15,6)","type":"fact"}}],"references":["effective_to_date"],"bridges":[]}},{"dataset":{"identifier":"dataset.comp.my_computed_attr","title":"My
        computed attribute","anchor":{"attribute":{"identifier":"attr.comp.my_computed_attr","title":"My
        computed attribute","folder":"My computed attribute","labels":[{"label":{"identifier":"label.comp.my_computed_attr","title":"Label.Comp.My
        Computed Attr","type":"GDC.text","dataType":"VARCHAR(128)"}}],"relations":["to
        {attr.csv_policies.state} as case when {metric.customers.count} <= 1000 then
        {attr.comp.my_computed_attr?\"Small\"}, when {metric.customers.count} <= 2000
        then {attr.comp.my_computed_attr?\"Medium\"}, when {metric.customers.count}
        > 2000 then {attr.comp.my_computed_attr?\"Large\"} else {attr.comp.my_computed_attr?\"\"}
        end"],"defaultLabel":"label.comp.my_computed_attr"}},"attributes":[],"facts":[],"references":[],"bridges":[]}}],"dateDimensions":[{"dateDimension":{"name":"effective_to_date","urn":"urn:gooddata:date","title":"Effective
        To Date","identifierPrefix":"effective_to_date","bridges":[]}}]}}}}'
    headers:
      Accept:
      - application/json, application/zip
      User-Agent:
      - gooddata-gem/2.1.12/x86_64-darwin19/2.3.8
      Content-Type:
      - application/json
      X-Gdc-Authtt:
      - "<X_GDC_AUTHTT>"
      X-Gdc-Request:
      - ":VvyoM3RL1a39zR6WiU6kRA:qd-5iYlPbmSL2LPhRU9Q2Q"
      Stats-On:
      - ''
      X-Gdc-Version:
      - '2'
      Content-Length:
      - '5381'
      Accept-Encoding:
      - gzip;q=1.0,deflate;q=0.6,identity;q=0.3
      Host:
      - staging2-lcm-prod.intgdc.com
  response:
    status:
      code: 202
      message: Accepted
    headers:
      Location:
      - "/gdc/projects/jqz6r113xvd6pd4tn6omllqg5i48rpov/model/diff/bdefa85cb3ef9bd33b7ab1f6d2b3579c4fc02dfe63ac83e800000080"
      X-Gdc-Log-Header:
      - ''
      Content-Type:
      - application/json;charset=UTF-8
      Date:
      - Mon, 29 Jun 2020 09:06:14 GMT
      Server:
      - GoodData WebApp
      X-Gdc-Request-Time:
      - '218'
      X-Gdc-Request:
      - ":VvyoM3RL1a39zR6WiU6kRA:qd-5iYlPbmSL2LPhRU9Q2Q:Iph2BeMJdFQHOSKv"
      Cache-Control:
      - no-cache, no-store, must-revalidate
      Vary:
      - origin,X-GDC-VERSION
      Transfer-Encoding:
      - chunked
      Strict-Transport-Security:
      - max-age=10886400; includeSubDomains; preload;
    body:
      encoding: ASCII-8BIT
      string: '{"asyncTask":{"link":{"poll":"/gdc/projects/jqz6r113xvd6pd4tn6omllqg5i48rpov/model/diff/bdefa85cb3ef9bd33b7ab1f6d2b3579c4fc02dfe63ac83e800000080"}}}'
    http_version:
  recorded_at: Mon, 29 Jun 2020 09:06:14 GMT
- request:
    method: get
    uri: https://staging2-lcm-prod.intgdc.com/gdc/projects/jqz6r113xvd6pd4tn6omllqg5i48rpov/model/diff/bdefa85cb3ef9bd33b7ab1f6d2b3579c4fc02dfe63ac83e800000080
    body:
      encoding: US-ASCII
      string: ''
    headers:
      Accept:
      - application/json, application/zip
      User-Agent:
      - gooddata-gem/2.1.12/x86_64-darwin19/2.3.8
      Content-Type:
      - application/json
      X-Gdc-Authtt:
      - "<X_GDC_AUTHTT>"
      X-Gdc-Request:
      - ":VvyoM3RL1a39zR6WiU6kRA:UzYTMrFM6hAUC6cCG__f2Q"
      Process:
      - 'false'
      Stats-On:
      - ''
      X-Gdc-Version:
      - '2'
      Accept-Encoding:
      - gzip;q=1.0,deflate;q=0.6,identity;q=0.3
      Host:
      - staging2-lcm-prod.intgdc.com
  response:
    status:
      code: 202
      message: Accepted
    headers:
      Location:
      - "/gdc/projects/jqz6r113xvd6pd4tn6omllqg5i48rpov/model/diff/bdefa85cb3ef9bd33b7ab1f6d2b3579c4fc02dfe63ac83e800000080"
      X-Gdc-Log-Header:
      - ''
      Content-Type:
      - application/json;charset=UTF-8
      Date:
      - Mon, 29 Jun 2020 09:06:14 GMT
      Server:
      - GoodData WebApp
      X-Gdc-Request-Time:
      - '10'
      X-Gdc-Request:
      - ":VvyoM3RL1a39zR6WiU6kRA:UzYTMrFM6hAUC6cCG__f2Q:fG7DsxB92SztSW9Y"
      Cache-Control:
      - no-cache, no-store, must-revalidate
      Vary:
      - origin,X-GDC-VERSION
      Transfer-Encoding:
      - chunked
      Strict-Transport-Security:
      - max-age=10886400; includeSubDomains; preload;
    body:
      encoding: ASCII-8BIT
      string: '{"asyncTask":{"link":{"poll":"/gdc/projects/jqz6r113xvd6pd4tn6omllqg5i48rpov/model/diff/bdefa85cb3ef9bd33b7ab1f6d2b3579c4fc02dfe63ac83e800000080"}}}'
    http_version:
  recorded_at: Mon, 29 Jun 2020 09:06:16 GMT
- request:
    method: get
    uri: https://staging2-lcm-prod.intgdc.com/gdc/projects/jqz6r113xvd6pd4tn6omllqg5i48rpov/model/diff/bdefa85cb3ef9bd33b7ab1f6d2b3579c4fc02dfe63ac83e800000080
    body:
      encoding: US-ASCII
      string: ''
    headers:
      Accept:
      - application/json, application/zip
      User-Agent:
      - gooddata-gem/2.1.12/x86_64-darwin19/2.3.8
      Content-Type:
      - application/json
      X-Gdc-Authtt:
      - "<X_GDC_AUTHTT>"
      X-Gdc-Request:
      - ":VvyoM3RL1a39zR6WiU6kRA:jGTHW1f93Ajw2dzW58bauQ"
      Process:
      - 'false'
      Stats-On:
      - ''
      X-Gdc-Version:
      - '2'
      Accept-Encoding:
      - gzip;q=1.0,deflate;q=0.6,identity;q=0.3
      Host:
      - staging2-lcm-prod.intgdc.com
  response:
    status:
      code: 200
      message: OK
    headers:
      X-Gdc-Log-Header:
      - ''
      Content-Type:
      - application/json;charset=UTF-8
      Date:
      - Mon, 29 Jun 2020 09:06:18 GMT
      Server:
      - GoodData WebApp
      X-Gdc-Request-Time:
      - '14'
      X-Gdc-Request:
      - ":VvyoM3RL1a39zR6WiU6kRA:jGTHW1f93Ajw2dzW58bauQ:GgTbIeJ7I2GdKI2K"
      Cache-Control:
      - no-cache, no-store, must-revalidate
      Vary:
      - origin,X-GDC-VERSION
      Transfer-Encoding:
      - chunked
      Strict-Transport-Security:
      - max-age=10886400; includeSubDomains; preload;
    body:
      encoding: ASCII-8BIT
      string: '{"projectModelDiff":{"updateOperations":[],"updateScripts":[]}}'
    http_version:
  recorded_at: Mon, 29 Jun 2020 09:06:18 GMT
- request:
    method: get
    uri: https://staging2-lcm-prod.intgdc.com/gdc/projects/jqz6r113xvd6pd4tn6omllqg5i48rpov/model/diff/bdefa85cb3ef9bd33b7ab1f6d2b3579c4fc02dfe63ac83e800000080
    body:
      encoding: US-ASCII
      string: ''
    headers:
      Accept:
      - application/json, application/zip
      User-Agent:
      - gooddata-gem/2.1.12/x86_64-darwin19/2.3.8
      Content-Type:
      - application/json
      X-Gdc-Authtt:
      - "<X_GDC_AUTHTT>"
      X-Gdc-Request:
      - ":VvyoM3RL1a39zR6WiU6kRA:HbnGAl7jU9WHTMGBVckEWg"
      Stats-On:
      - ''
      X-Gdc-Version:
      - '2'
      Accept-Encoding:
      - gzip;q=1.0,deflate;q=0.6,identity;q=0.3
      Host:
      - staging2-lcm-prod.intgdc.com
  response:
    status:
      code: 200
      message: OK
    headers:
      X-Gdc-Log-Header:
      - ''
      Content-Type:
      - application/json;charset=UTF-8
      Date:
      - Mon, 29 Jun 2020 09:06:19 GMT
      Server:
      - GoodData WebApp
      X-Gdc-Request-Time:
      - '14'
      X-Gdc-Request:
      - ":VvyoM3RL1a39zR6WiU6kRA:HbnGAl7jU9WHTMGBVckEWg:vPUvmHcWJtvOVTVh"
      Cache-Control:
      - no-cache, no-store, must-revalidate
      Vary:
      - origin,X-GDC-VERSION
      Transfer-Encoding:
      - chunked
      Strict-Transport-Security:
      - max-age=10886400; includeSubDomains; preload;
    body:
      encoding: ASCII-8BIT
      string: '{"projectModelDiff":{"updateOperations":[],"updateScripts":[]}}'
    http_version:
  recorded_at: Mon, 29 Jun 2020 09:06:19 GMT
- request:
    method: get
    uri: https://staging2-lcm-prod.intgdc.com/gdc/projects/nqiq1xggf5he67wyc3qyzk8v7hrkhoae/model/view?includeCA=true&includeDeprecated=true&includeGrain=true
    body:
      encoding: US-ASCII
      string: ''
    headers:
      Accept:
      - application/json, application/zip
      User-Agent:
      - gooddata-gem/2.1.12/x86_64-darwin19/2.3.8
      Content-Type:
      - application/json
      X-Gdc-Authtt:
      - "<X_GDC_AUTHTT>"
      X-Gdc-Request:
      - ":VvyoM3RL1a39zR6WiU6kRA:51b_8ANwflx2dUtK4fzuOQ"
      Stats-On:
      - ''
      X-Gdc-Version:
      - '2'
      Accept-Encoding:
      - gzip;q=1.0,deflate;q=0.6,identity;q=0.3
      Host:
      - staging2-lcm-prod.intgdc.com
  response:
    status:
      code: 202
      message: Accepted
    headers:
      Location:
      - "/gdc/projects/nqiq1xggf5he67wyc3qyzk8v7hrkhoae/model/view/b3f63b602c75cd0e426200b4c2d584fd810e7372e206ff6700000080"
      X-Gdc-Log-Header:
      - ''
      Content-Type:
      - application/json;charset=UTF-8
      Date:
      - Mon, 29 Jun 2020 09:06:20 GMT
      Server:
      - GoodData WebApp
      X-Gdc-Request-Time:
      - '16'
      X-Gdc-Request:
      - ":VvyoM3RL1a39zR6WiU6kRA:51b_8ANwflx2dUtK4fzuOQ:AmncdQSTtUMRZNsV"
      Cache-Control:
      - no-cache, no-store, must-revalidate
      Vary:
      - origin,X-GDC-VERSION
      Transfer-Encoding:
      - chunked
      Strict-Transport-Security:
      - max-age=10886400; includeSubDomains; preload;
    body:
      encoding: ASCII-8BIT
      string: '{"asyncTask":{"link":{"poll":"/gdc/projects/nqiq1xggf5he67wyc3qyzk8v7hrkhoae/model/view/b3f63b602c75cd0e426200b4c2d584fd810e7372e206ff6700000080"}}}'
    http_version:
  recorded_at: Mon, 29 Jun 2020 09:06:20 GMT
- request:
    method: get
    uri: https://staging2-lcm-prod.intgdc.com/gdc/projects/nqiq1xggf5he67wyc3qyzk8v7hrkhoae/model/view/b3f63b602c75cd0e426200b4c2d584fd810e7372e206ff6700000080
    body:
      encoding: US-ASCII
      string: ''
    headers:
      Accept:
      - application/json, application/zip
      User-Agent:
      - gooddata-gem/2.1.12/x86_64-darwin19/2.3.8
      Content-Type:
      - application/json
      X-Gdc-Authtt:
      - "<X_GDC_AUTHTT>"
      X-Gdc-Request:
      - ":VvyoM3RL1a39zR6WiU6kRA:2XvKYDr__luLudgymWHv5g"
      Process:
      - 'false'
      Stats-On:
      - ''
      X-Gdc-Version:
      - '2'
      Accept-Encoding:
      - gzip;q=1.0,deflate;q=0.6,identity;q=0.3
      Host:
      - staging2-lcm-prod.intgdc.com
  response:
    status:
      code: 200
      message: OK
    headers:
      X-Gdc-Log-Header:
      - ''
      Content-Type:
      - application/json;charset=UTF-8
      Transfer-Encoding:
      - chunked
      Date:
      - Mon, 29 Jun 2020 09:06:21 GMT
      Server:
      - GoodData WebApp
      X-Gdc-Request-Time:
      - '14'
      X-Gdc-Request:
      - ":VvyoM3RL1a39zR6WiU6kRA:2XvKYDr__luLudgymWHv5g:iSmBaubULSEqdnLf"
      Cache-Control:
      - no-cache, no-store, must-revalidate
      Vary:
      - Accept-Encoding,origin,X-GDC-VERSION
      Strict-Transport-Security:
      - max-age=10886400; includeSubDomains; preload;
    body:
      encoding: ASCII-8BIT
      string: '{"projectModelView":{"model":{"projectModel":{"modelMetadata":{"containCA":true},"datasets":[{"dataset":{"identifier":"dataset.csv_policies","title":"Policies","anchor":{"attribute":{"identifier":"attr.csv_policies.factsof","title":"Records
        of Policies","folder":"Policies"}},"attributes":[{"attribute":{"identifier":"attr.csv_policies.customer","title":"Customer","folder":"Policies","labels":[{"label":{"identifier":"label.csv_policies.customer","title":"Customer","type":"GDC.text","dataType":"VARCHAR(255)"}}],"defaultLabel":"label.csv_policies.customer"}},{"attribute":{"identifier":"attr.csv_policies.state","title":"State","folder":"Policies","labels":[{"label":{"identifier":"label.csv_policies.state","title":"State","type":"GDC.text","dataType":"VARCHAR(255)"}}],"defaultLabel":"label.csv_policies.state"}},{"attribute":{"identifier":"attr.csv_policies.coverage","title":"Coverage","folder":"Policies","labels":[{"label":{"identifier":"label.csv_policies.coverage","title":"Coverage","type":"GDC.text","dataType":"VARCHAR(255)"}}],"defaultLabel":"label.csv_policies.coverage"}},{"attribute":{"identifier":"attr.csv_policies.education","title":"Education","folder":"Policies","labels":[{"label":{"identifier":"label.csv_policies.education","title":"Education","type":"GDC.text","dataType":"VARCHAR(255)"}}],"defaultLabel":"label.csv_policies.education"}},{"attribute":{"identifier":"attr.csv_policies.employmentstatus","title":"Employmentstatus","folder":"Policies","labels":[{"label":{"identifier":"label.csv_policies.employmentstatus","title":"Employmentstatus","type":"GDC.text","dataType":"VARCHAR(255)"}}],"defaultLabel":"label.csv_policies.employmentstatus"}},{"attribute":{"identifier":"attr.csv_policies.gender","title":"Gender","folder":"Policies","labels":[{"label":{"identifier":"label.csv_policies.gender","title":"Gender","type":"GDC.text","dataType":"VARCHAR(255)"}}],"defaultLabel":"label.csv_policies.gender"}},{"attribute":{"identifier":"attr.csv_policies.marital_status","title":"Marital
        Status","folder":"Policies","labels":[{"label":{"identifier":"label.csv_policies.marital_status","title":"Marital
        Status","type":"GDC.text","dataType":"VARCHAR(255)"}}],"defaultLabel":"label.csv_policies.marital_status"}},{"attribute":{"identifier":"attr.csv_policies.policy_type","title":"Policy
        Type","folder":"Policies","labels":[{"label":{"identifier":"label.csv_policies.policy_type","title":"Policy
        Type","type":"GDC.text","dataType":"VARCHAR(255)"}}],"defaultLabel":"label.csv_policies.policy_type"}},{"attribute":{"identifier":"attr.csv_policies.renew_offer_type","title":"Renew
        Offer Type","folder":"Policies","labels":[{"label":{"identifier":"label.csv_policies.renew_offer_type","title":"Renew
        Offer Type","type":"GDC.text","dataType":"VARCHAR(255)"}}],"defaultLabel":"label.csv_policies.renew_offer_type"}},{"attribute":{"identifier":"attr.csv_policies.sales_channel","title":"Sales
        Channel","folder":"Policies","labels":[{"label":{"identifier":"label.csv_policies.sales_channel","title":"Sales
        Channel","type":"GDC.text","dataType":"VARCHAR(255)"}}],"defaultLabel":"label.csv_policies.sales_channel"}},{"attribute":{"identifier":"attr.csv_policies.vehicle_class","title":"Vehicle
        Class","folder":"Policies","labels":[{"label":{"identifier":"label.csv_policies.vehicle_class","title":"Vehicle
        Class","type":"GDC.text","dataType":"VARCHAR(255)"}}],"defaultLabel":"label.csv_policies.vehicle_class"}},{"attribute":{"identifier":"attr.csv_policies.vehicle_size","title":"Vehicle
        Size","folder":"Policies","labels":[{"label":{"identifier":"label.csv_policies.vehicle_size","title":"Vehicle
        Size","type":"GDC.text","dataType":"VARCHAR(255)"}}],"defaultLabel":"label.csv_policies.vehicle_size"}}],"facts":[{"fact":{"identifier":"fact.csv_policies.customer_lifetime_value.renamed","title":"Customer
        Lifetime Value","folder":"Policies","dataType":"DECIMAL(15,6)"}},{"fact":{"identifier":"fact.csv_policies.income","title":"Income","folder":"Policies","dataType":"DECIMAL(15,6)"}},{"fact":{"identifier":"fact.csv_policies.monthly_premium_auto","title":"Monthly
        Premium Auto","folder":"Policies","dataType":"DECIMAL(15,6)"}},{"fact":{"identifier":"fact.csv_policies.total_claim_amount","title":"Total
        Claim Amount","folder":"Policies","dataType":"DECIMAL(15,6)"}}],"references":["effective_to_date"],"production":true}},{"dataset":{"identifier":"dataset.comp.my_computed_attr","title":"My
        computed attribute","anchor":{"attribute":{"identifier":"attr.comp.my_computed_attr","title":"My
        computed attribute","folder":"My computed attribute","labels":[{"label":{"identifier":"label.comp.my_computed_attr","title":"Label.Comp.My
        Computed Attr","type":"GDC.text","dataType":"VARCHAR(128)"}}],"defaultLabel":"label.comp.my_computed_attr","relations":["to
        {attr.csv_policies.state} as case when {metric.customers.count} <= 1000 then
        {attr.comp.my_computed_attr?\"Small\"}, when {metric.customers.count} <= 2000
        then {attr.comp.my_computed_attr?\"Medium\"}, when {metric.customers.count}
        > 2000 then {attr.comp.my_computed_attr?\"Large\"} else {attr.comp.my_computed_attr?\"\"}
        end"]}},"production":true}}],"dateDimensions":[{"dateDimension":{"name":"effective_to_date","title":"Effective
        To Date","production":true,"urn":"urn:gooddata:date","identifier":"effective_to_date.dataset.dt","identifierPrefix":"effective_to_date","bridges":[]}}]}}}}'
    http_version:
  recorded_at: Mon, 29 Jun 2020 09:06:22 GMT
- request:
    method: get
    uri: https://staging2-lcm-prod.intgdc.com/gdc/projects/nqiq1xggf5he67wyc3qyzk8v7hrkhoae/model/view/b3f63b602c75cd0e426200b4c2d584fd810e7372e206ff6700000080
    body:
      encoding: US-ASCII
      string: ''
    headers:
      Accept:
      - application/json, application/zip
      User-Agent:
      - gooddata-gem/2.1.12/x86_64-darwin19/2.3.8
      Content-Type:
      - application/json
      X-Gdc-Authtt:
      - "<X_GDC_AUTHTT>"
      X-Gdc-Request:
      - ":VvyoM3RL1a39zR6WiU6kRA:HLQU_6EtRWZT3xdlwOkY5A"
      Stats-On:
      - ''
      X-Gdc-Version:
      - '2'
      Accept-Encoding:
      - gzip;q=1.0,deflate;q=0.6,identity;q=0.3
      Host:
      - staging2-lcm-prod.intgdc.com
  response:
    status:
      code: 200
      message: OK
    headers:
      X-Gdc-Log-Header:
      - ''
      Content-Type:
      - application/json;charset=UTF-8
      Transfer-Encoding:
      - chunked
      Date:
      - Mon, 29 Jun 2020 09:06:22 GMT
      Server:
      - GoodData WebApp
      X-Gdc-Request-Time:
      - '14'
      X-Gdc-Request:
      - ":VvyoM3RL1a39zR6WiU6kRA:HLQU_6EtRWZT3xdlwOkY5A:MU44rV3rM2edFARa"
      Cache-Control:
      - no-cache, no-store, must-revalidate
      Vary:
      - Accept-Encoding,origin,X-GDC-VERSION
      Strict-Transport-Security:
      - max-age=10886400; includeSubDomains; preload;
    body:
      encoding: ASCII-8BIT
      string: '{"projectModelView":{"model":{"projectModel":{"modelMetadata":{"containCA":true},"datasets":[{"dataset":{"identifier":"dataset.csv_policies","title":"Policies","anchor":{"attribute":{"identifier":"attr.csv_policies.factsof","title":"Records
        of Policies","folder":"Policies"}},"attributes":[{"attribute":{"identifier":"attr.csv_policies.customer","title":"Customer","folder":"Policies","labels":[{"label":{"identifier":"label.csv_policies.customer","title":"Customer","type":"GDC.text","dataType":"VARCHAR(255)"}}],"defaultLabel":"label.csv_policies.customer"}},{"attribute":{"identifier":"attr.csv_policies.state","title":"State","folder":"Policies","labels":[{"label":{"identifier":"label.csv_policies.state","title":"State","type":"GDC.text","dataType":"VARCHAR(255)"}}],"defaultLabel":"label.csv_policies.state"}},{"attribute":{"identifier":"attr.csv_policies.coverage","title":"Coverage","folder":"Policies","labels":[{"label":{"identifier":"label.csv_policies.coverage","title":"Coverage","type":"GDC.text","dataType":"VARCHAR(255)"}}],"defaultLabel":"label.csv_policies.coverage"}},{"attribute":{"identifier":"attr.csv_policies.education","title":"Education","folder":"Policies","labels":[{"label":{"identifier":"label.csv_policies.education","title":"Education","type":"GDC.text","dataType":"VARCHAR(255)"}}],"defaultLabel":"label.csv_policies.education"}},{"attribute":{"identifier":"attr.csv_policies.employmentstatus","title":"Employmentstatus","folder":"Policies","labels":[{"label":{"identifier":"label.csv_policies.employmentstatus","title":"Employmentstatus","type":"GDC.text","dataType":"VARCHAR(255)"}}],"defaultLabel":"label.csv_policies.employmentstatus"}},{"attribute":{"identifier":"attr.csv_policies.gender","title":"Gender","folder":"Policies","labels":[{"label":{"identifier":"label.csv_policies.gender","title":"Gender","type":"GDC.text","dataType":"VARCHAR(255)"}}],"defaultLabel":"label.csv_policies.gender"}},{"attribute":{"identifier":"attr.csv_policies.marital_status","title":"Marital
        Status","folder":"Policies","labels":[{"label":{"identifier":"label.csv_policies.marital_status","title":"Marital
        Status","type":"GDC.text","dataType":"VARCHAR(255)"}}],"defaultLabel":"label.csv_policies.marital_status"}},{"attribute":{"identifier":"attr.csv_policies.policy_type","title":"Policy
        Type","folder":"Policies","labels":[{"label":{"identifier":"label.csv_policies.policy_type","title":"Policy
        Type","type":"GDC.text","dataType":"VARCHAR(255)"}}],"defaultLabel":"label.csv_policies.policy_type"}},{"attribute":{"identifier":"attr.csv_policies.renew_offer_type","title":"Renew
        Offer Type","folder":"Policies","labels":[{"label":{"identifier":"label.csv_policies.renew_offer_type","title":"Renew
        Offer Type","type":"GDC.text","dataType":"VARCHAR(255)"}}],"defaultLabel":"label.csv_policies.renew_offer_type"}},{"attribute":{"identifier":"attr.csv_policies.sales_channel","title":"Sales
        Channel","folder":"Policies","labels":[{"label":{"identifier":"label.csv_policies.sales_channel","title":"Sales
        Channel","type":"GDC.text","dataType":"VARCHAR(255)"}}],"defaultLabel":"label.csv_policies.sales_channel"}},{"attribute":{"identifier":"attr.csv_policies.vehicle_class","title":"Vehicle
        Class","folder":"Policies","labels":[{"label":{"identifier":"label.csv_policies.vehicle_class","title":"Vehicle
        Class","type":"GDC.text","dataType":"VARCHAR(255)"}}],"defaultLabel":"label.csv_policies.vehicle_class"}},{"attribute":{"identifier":"attr.csv_policies.vehicle_size","title":"Vehicle
        Size","folder":"Policies","labels":[{"label":{"identifier":"label.csv_policies.vehicle_size","title":"Vehicle
        Size","type":"GDC.text","dataType":"VARCHAR(255)"}}],"defaultLabel":"label.csv_policies.vehicle_size"}}],"facts":[{"fact":{"identifier":"fact.csv_policies.customer_lifetime_value.renamed","title":"Customer
        Lifetime Value","folder":"Policies","dataType":"DECIMAL(15,6)"}},{"fact":{"identifier":"fact.csv_policies.income","title":"Income","folder":"Policies","dataType":"DECIMAL(15,6)"}},{"fact":{"identifier":"fact.csv_policies.monthly_premium_auto","title":"Monthly
        Premium Auto","folder":"Policies","dataType":"DECIMAL(15,6)"}},{"fact":{"identifier":"fact.csv_policies.total_claim_amount","title":"Total
        Claim Amount","folder":"Policies","dataType":"DECIMAL(15,6)"}}],"references":["effective_to_date"],"production":true}},{"dataset":{"identifier":"dataset.comp.my_computed_attr","title":"My
        computed attribute","anchor":{"attribute":{"identifier":"attr.comp.my_computed_attr","title":"My
        computed attribute","folder":"My computed attribute","labels":[{"label":{"identifier":"label.comp.my_computed_attr","title":"Label.Comp.My
        Computed Attr","type":"GDC.text","dataType":"VARCHAR(128)"}}],"defaultLabel":"label.comp.my_computed_attr","relations":["to
        {attr.csv_policies.state} as case when {metric.customers.count} <= 1000 then
        {attr.comp.my_computed_attr?\"Small\"}, when {metric.customers.count} <= 2000
        then {attr.comp.my_computed_attr?\"Medium\"}, when {metric.customers.count}
        > 2000 then {attr.comp.my_computed_attr?\"Large\"} else {attr.comp.my_computed_attr?\"\"}
        end"]}},"production":true}}],"dateDimensions":[{"dateDimension":{"name":"effective_to_date","title":"Effective
        To Date","production":true,"urn":"urn:gooddata:date","identifier":"effective_to_date.dataset.dt","identifierPrefix":"effective_to_date","bridges":[]}}]}}}}'
    http_version:
  recorded_at: Mon, 29 Jun 2020 09:06:22 GMT
- request:
    method: post
    uri: https://staging2-lcm-prod.intgdc.com/gdc/projects/t5wfemsvs42x6xon2orjhkf0uuwfqr34/model/diff?includeCA=true&includeGrain=true
    body:
      encoding: UTF-8
      string: '{"diffRequest":{"targetModel":{"projectModel":{"modelMetadata":{"containCA":true},"datasets":[{"dataset":{"identifier":"dataset.csv_policies","title":"Policies","anchor":{"attribute":{"identifier":"attr.csv_policies.factsof","title":"Records
        of Policies","folder":"Policies"}},"attributes":[{"attribute":{"identifier":"attr.csv_policies.customer","title":"Customer","folder":"Policies","labels":[{"label":{"identifier":"label.csv_policies.customer","title":"Customer","type":"GDC.text","dataType":"VARCHAR(255)"}}],"defaultLabel":"label.csv_policies.customer"}},{"attribute":{"identifier":"attr.csv_policies.state","title":"State","folder":"Policies","labels":[{"label":{"identifier":"label.csv_policies.state","title":"State","type":"GDC.text","dataType":"VARCHAR(255)"}}],"defaultLabel":"label.csv_policies.state"}},{"attribute":{"identifier":"attr.csv_policies.coverage","title":"Coverage","folder":"Policies","labels":[{"label":{"identifier":"label.csv_policies.coverage","title":"Coverage","type":"GDC.text","dataType":"VARCHAR(255)"}}],"defaultLabel":"label.csv_policies.coverage"}},{"attribute":{"identifier":"attr.csv_policies.education","title":"Education","folder":"Policies","labels":[{"label":{"identifier":"label.csv_policies.education","title":"Education","type":"GDC.text","dataType":"VARCHAR(255)"}}],"defaultLabel":"label.csv_policies.education"}},{"attribute":{"identifier":"attr.csv_policies.employmentstatus","title":"Employmentstatus","folder":"Policies","labels":[{"label":{"identifier":"label.csv_policies.employmentstatus","title":"Employmentstatus","type":"GDC.text","dataType":"VARCHAR(255)"}}],"defaultLabel":"label.csv_policies.employmentstatus"}},{"attribute":{"identifier":"attr.csv_policies.gender","title":"Gender","folder":"Policies","labels":[{"label":{"identifier":"label.csv_policies.gender","title":"Gender","type":"GDC.text","dataType":"VARCHAR(255)"}}],"defaultLabel":"label.csv_policies.gender"}},{"attribute":{"identifier":"attr.csv_policies.marital_status","title":"Marital
        Status","folder":"Policies","labels":[{"label":{"identifier":"label.csv_policies.marital_status","title":"Marital
        Status","type":"GDC.text","dataType":"VARCHAR(255)"}}],"defaultLabel":"label.csv_policies.marital_status"}},{"attribute":{"identifier":"attr.csv_policies.policy_type","title":"Policy
        Type","folder":"Policies","labels":[{"label":{"identifier":"label.csv_policies.policy_type","title":"Policy
        Type","type":"GDC.text","dataType":"VARCHAR(255)"}}],"defaultLabel":"label.csv_policies.policy_type"}},{"attribute":{"identifier":"attr.csv_policies.renew_offer_type","title":"Renew
        Offer Type","folder":"Policies","labels":[{"label":{"identifier":"label.csv_policies.renew_offer_type","title":"Renew
        Offer Type","type":"GDC.text","dataType":"VARCHAR(255)"}}],"defaultLabel":"label.csv_policies.renew_offer_type"}},{"attribute":{"identifier":"attr.csv_policies.sales_channel","title":"Sales
        Channel","folder":"Policies","labels":[{"label":{"identifier":"label.csv_policies.sales_channel","title":"Sales
        Channel","type":"GDC.text","dataType":"VARCHAR(255)"}}],"defaultLabel":"label.csv_policies.sales_channel"}},{"attribute":{"identifier":"attr.csv_policies.vehicle_class","title":"Vehicle
        Class","folder":"Policies","labels":[{"label":{"identifier":"label.csv_policies.vehicle_class","title":"Vehicle
        Class","type":"GDC.text","dataType":"VARCHAR(255)"}}],"defaultLabel":"label.csv_policies.vehicle_class"}},{"attribute":{"identifier":"attr.csv_policies.vehicle_size","title":"Vehicle
        Size","folder":"Policies","labels":[{"label":{"identifier":"label.csv_policies.vehicle_size","title":"Vehicle
        Size","type":"GDC.text","dataType":"VARCHAR(255)"}}],"defaultLabel":"label.csv_policies.vehicle_size"}}],"facts":[{"fact":{"identifier":"fact.csv_policies.customer_lifetime_value.renamed","title":"Customer
        Lifetime Value","folder":"Policies","dataType":"DECIMAL(15,6)","type":"fact"}},{"fact":{"identifier":"fact.csv_policies.income","title":"Income","folder":"Policies","dataType":"DECIMAL(15,6)","type":"fact"}},{"fact":{"identifier":"fact.csv_policies.monthly_premium_auto","title":"Monthly
        Premium Auto","folder":"Policies","dataType":"DECIMAL(15,6)","type":"fact"}},{"fact":{"identifier":"fact.csv_policies.total_claim_amount","title":"Total
        Claim Amount","folder":"Policies","dataType":"DECIMAL(15,6)","type":"fact"}}],"references":["effective_to_date"],"bridges":[]}},{"dataset":{"identifier":"dataset.comp.my_computed_attr","title":"My
        computed attribute","anchor":{"attribute":{"identifier":"attr.comp.my_computed_attr","title":"My
        computed attribute","folder":"My computed attribute","labels":[{"label":{"identifier":"label.comp.my_computed_attr","title":"Label.Comp.My
        Computed Attr","type":"GDC.text","dataType":"VARCHAR(128)"}}],"relations":["to
        {attr.csv_policies.state} as case when {metric.customers.count} <= 1000 then
        {attr.comp.my_computed_attr?\"Small\"}, when {metric.customers.count} <= 2000
        then {attr.comp.my_computed_attr?\"Medium\"}, when {metric.customers.count}
        > 2000 then {attr.comp.my_computed_attr?\"Large\"} else {attr.comp.my_computed_attr?\"\"}
        end"],"defaultLabel":"label.comp.my_computed_attr"}},"attributes":[],"facts":[],"references":[],"bridges":[]}}],"dateDimensions":[{"dateDimension":{"name":"effective_to_date","urn":"urn:gooddata:date","title":"Effective
        To Date","identifierPrefix":"effective_to_date","bridges":[]}}]}}}}'
    headers:
      Accept:
      - application/json, application/zip
      User-Agent:
      - gooddata-gem/2.1.12/x86_64-darwin19/2.3.8
      Content-Type:
      - application/json
      X-Gdc-Authtt:
      - "<X_GDC_AUTHTT>"
      X-Gdc-Request:
      - ":VvyoM3RL1a39zR6WiU6kRA:HnQ70OBYEreHjSR4qoI9Bw"
      Stats-On:
      - ''
      X-Gdc-Version:
      - '2'
      Content-Length:
      - '5381'
      Accept-Encoding:
      - gzip;q=1.0,deflate;q=0.6,identity;q=0.3
      Host:
      - staging2-lcm-prod.intgdc.com
  response:
    status:
      code: 202
      message: Accepted
    headers:
      Location:
      - "/gdc/projects/t5wfemsvs42x6xon2orjhkf0uuwfqr34/model/diff/8b04f52d0b15bd2cfd289876a998422f7d05521509cce77000000080"
      X-Gdc-Log-Header:
      - ''
      Content-Type:
      - application/json;charset=UTF-8
      Date:
      - Mon, 29 Jun 2020 09:06:23 GMT
      Server:
      - GoodData WebApp
      X-Gdc-Request-Time:
      - '219'
      X-Gdc-Request:
      - ":VvyoM3RL1a39zR6WiU6kRA:HnQ70OBYEreHjSR4qoI9Bw:WXCSemgqfKVYblcj"
      Cache-Control:
      - no-cache, no-store, must-revalidate
      Vary:
      - origin,X-GDC-VERSION
      Transfer-Encoding:
      - chunked
      Strict-Transport-Security:
      - max-age=10886400; includeSubDomains; preload;
    body:
      encoding: ASCII-8BIT
      string: '{"asyncTask":{"link":{"poll":"/gdc/projects/t5wfemsvs42x6xon2orjhkf0uuwfqr34/model/diff/8b04f52d0b15bd2cfd289876a998422f7d05521509cce77000000080"}}}'
    http_version:
  recorded_at: Mon, 29 Jun 2020 09:06:24 GMT
- request:
    method: get
    uri: https://staging2-lcm-prod.intgdc.com/gdc/projects/t5wfemsvs42x6xon2orjhkf0uuwfqr34/model/diff/8b04f52d0b15bd2cfd289876a998422f7d05521509cce77000000080
    body:
      encoding: US-ASCII
      string: ''
    headers:
      Accept:
      - application/json, application/zip
      User-Agent:
      - gooddata-gem/2.1.12/x86_64-darwin19/2.3.8
      Content-Type:
      - application/json
      X-Gdc-Authtt:
      - "<X_GDC_AUTHTT>"
      X-Gdc-Request:
      - ":VvyoM3RL1a39zR6WiU6kRA:Qaf-nPX6KHy1cDclXzv5Sw"
      Process:
      - 'false'
      Stats-On:
      - ''
      X-Gdc-Version:
      - '2'
      Accept-Encoding:
      - gzip;q=1.0,deflate;q=0.6,identity;q=0.3
      Host:
      - staging2-lcm-prod.intgdc.com
  response:
    status:
      code: 202
      message: Accepted
    headers:
      Location:
      - "/gdc/projects/t5wfemsvs42x6xon2orjhkf0uuwfqr34/model/diff/8b04f52d0b15bd2cfd289876a998422f7d05521509cce77000000080"
      X-Gdc-Log-Header:
      - ''
      Content-Type:
      - application/json;charset=UTF-8
      Date:
      - Mon, 29 Jun 2020 09:06:24 GMT
      Server:
      - GoodData WebApp
      X-Gdc-Request-Time:
      - '14'
      X-Gdc-Request:
      - ":VvyoM3RL1a39zR6WiU6kRA:Qaf-nPX6KHy1cDclXzv5Sw:xxLk1z1JPTBXiyrJ"
      Cache-Control:
      - no-cache, no-store, must-revalidate
      Vary:
      - origin,X-GDC-VERSION
      Transfer-Encoding:
      - chunked
      Strict-Transport-Security:
      - max-age=10886400; includeSubDomains; preload;
    body:
      encoding: ASCII-8BIT
      string: '{"asyncTask":{"link":{"poll":"/gdc/projects/t5wfemsvs42x6xon2orjhkf0uuwfqr34/model/diff/8b04f52d0b15bd2cfd289876a998422f7d05521509cce77000000080"}}}'
    http_version:
  recorded_at: Mon, 29 Jun 2020 09:06:25 GMT
- request:
    method: get
    uri: https://staging2-lcm-prod.intgdc.com/gdc/projects/t5wfemsvs42x6xon2orjhkf0uuwfqr34/model/diff/8b04f52d0b15bd2cfd289876a998422f7d05521509cce77000000080
    body:
      encoding: US-ASCII
      string: ''
    headers:
      Accept:
      - application/json, application/zip
      User-Agent:
      - gooddata-gem/2.1.12/x86_64-darwin19/2.3.8
      Content-Type:
      - application/json
      X-Gdc-Authtt:
      - "<X_GDC_AUTHTT>"
      X-Gdc-Request:
      - ":VvyoM3RL1a39zR6WiU6kRA:WLSiIM4-2tvsLqpTgG5qcg"
      Process:
      - 'false'
      Stats-On:
      - ''
      X-Gdc-Version:
      - '2'
      Accept-Encoding:
      - gzip;q=1.0,deflate;q=0.6,identity;q=0.3
      Host:
      - staging2-lcm-prod.intgdc.com
  response:
    status:
      code: 200
      message: OK
    headers:
      X-Gdc-Log-Header:
      - ''
      Content-Type:
      - application/json;charset=UTF-8
      Date:
      - Mon, 29 Jun 2020 09:06:26 GMT
      Server:
      - GoodData WebApp
      X-Gdc-Request-Time:
      - '10'
      X-Gdc-Request:
      - ":VvyoM3RL1a39zR6WiU6kRA:WLSiIM4-2tvsLqpTgG5qcg:LELeM5Y2SjttyelP"
      Cache-Control:
      - no-cache, no-store, must-revalidate
      Vary:
      - origin,X-GDC-VERSION
      Transfer-Encoding:
      - chunked
      Strict-Transport-Security:
      - max-age=10886400; includeSubDomains; preload;
    body:
      encoding: ASCII-8BIT
      string: '{"projectModelDiff":{"updateOperations":[],"updateScripts":[]}}'
    http_version:
  recorded_at: Mon, 29 Jun 2020 09:06:27 GMT
- request:
    method: get
    uri: https://staging2-lcm-prod.intgdc.com/gdc/projects/t5wfemsvs42x6xon2orjhkf0uuwfqr34/model/diff/8b04f52d0b15bd2cfd289876a998422f7d05521509cce77000000080
    body:
      encoding: US-ASCII
      string: ''
    headers:
      Accept:
      - application/json, application/zip
      User-Agent:
      - gooddata-gem/2.1.12/x86_64-darwin19/2.3.8
      Content-Type:
      - application/json
      X-Gdc-Authtt:
      - "<X_GDC_AUTHTT>"
      X-Gdc-Request:
      - ":VvyoM3RL1a39zR6WiU6kRA:mxZd-LMS3dWPdC4Ke7PNXw"
      Stats-On:
      - ''
      X-Gdc-Version:
      - '2'
      Accept-Encoding:
      - gzip;q=1.0,deflate;q=0.6,identity;q=0.3
      Host:
      - staging2-lcm-prod.intgdc.com
  response:
    status:
      code: 200
      message: OK
    headers:
      X-Gdc-Log-Header:
      - ''
      Content-Type:
      - application/json;charset=UTF-8
      Date:
      - Mon, 29 Jun 2020 09:06:27 GMT
      Server:
      - GoodData WebApp
      X-Gdc-Request-Time:
      - '12'
      X-Gdc-Request:
      - ":VvyoM3RL1a39zR6WiU6kRA:mxZd-LMS3dWPdC4Ke7PNXw:EZdMbronpeMqZ0Ld"
      Cache-Control:
      - no-cache, no-store, must-revalidate
      Vary:
      - origin,X-GDC-VERSION
      Transfer-Encoding:
      - chunked
      Strict-Transport-Security:
      - max-age=10886400; includeSubDomains; preload;
    body:
      encoding: ASCII-8BIT
      string: '{"projectModelDiff":{"updateOperations":[],"updateScripts":[]}}'
    http_version:
  recorded_at: Mon, 29 Jun 2020 09:06:28 GMT
recorded_with: VCR 5.0.0
