---
http_interactions:
- request:
    method: get
    uri: https://staging2-lcm-prod.intgdc.com/gdc/md/v8pvoj7ccszm2o1tmsv59xuogm0mbkga/objects/query?category=prompt&limit=50&offset=0
    body:
      encoding: US-ASCII
      string: ''
    headers:
      Accept:
      - application/json, application/zip
      User-Agent:
      - gooddata-gem/2.1.10/x86_64-darwin16/2.3.8
      Content-Type:
      - application/json
      X-Gdc-Authtt:
      - "<X_GDC_AUTHTT>"
      X-Gdc-Request:
      - ":bRskxGTtAwaCcYwF7SRZHA:42onO8ybuEtGVAjRVLCo9w"
      Stats-On:
      - ''
      X-Gdc-Version:
      - '2'
      Accept-Encoding:
      - gzip;q=1.0,deflate;q=0.6,identity;q=0.3
      Host:
      - staging2-lcm-prod.intgdc.com
  response:
    status:
      code: 200
      message: OK
    headers:
      Date:
      - Thu, 07 May 2020 13:48:16 GMT
      Server:
      - GoodData WebApp
      Keep-Alive:
      - timeout=5, max=100
      X-Gdc-Log-Header:
      - ''
      Cache-Control:
      - no-cache, no-store, must-revalidate
      Content-Type:
      - application/json;charset=UTF-8
      X-Gdc-Request-Time:
      - '27'
      X-Gdc-Request:
      - ":bRskxGTtAwaCcYwF7SRZHA:42onO8ybuEtGVAjRVLCo9w:MdmY6sH44wmNNpOH"
      Vary:
      - origin,X-GDC-VERSION
      Transfer-Encoding:
      - chunked
      Strict-Transport-Security:
      - max-age=10886400; includeSubDomains; preload;
    body:
      encoding: ASCII-8BIT
      string: '{"objects":{"paging":{"count":0,"offset":0},"items":[]}}'
    http_version:
  recorded_at: Thu, 07 May 2020 13:48:16 GMT
- request:
    method: get
    uri: https://staging2-lcm-prod.intgdc.com/gdc/md/stp6jv2id7msbitjkk40jfm7720dw1gf/objects/query?category=prompt&limit=50&offset=0
    body:
      encoding: US-ASCII
      string: ''
    headers:
      Accept:
      - application/json, application/zip
      User-Agent:
      - gooddata-gem/2.1.10/x86_64-darwin16/2.3.8
      Content-Type:
      - application/json
      X-Gdc-Authtt:
      - "<X_GDC_AUTHTT>"
      X-Gdc-Request:
      - ":bRskxGTtAwaCcYwF7SRZHA:C-LejMXEQd6OYWV0gYfs6Q"
      Stats-On:
      - ''
      X-Gdc-Version:
      - '2'
      Accept-Encoding:
      - gzip;q=1.0,deflate;q=0.6,identity;q=0.3
      Host:
      - staging2-lcm-prod.intgdc.com
  response:
    status:
      code: 200
      message: OK
    headers:
      Date:
      - Thu, 07 May 2020 13:48:18 GMT
      Server:
      - GoodData WebApp
      Keep-Alive:
      - timeout=5, max=100
      X-Gdc-Log-Header:
      - ''
      Cache-Control:
      - no-cache, no-store, must-revalidate
      Content-Type:
      - application/json;charset=UTF-8
      X-Gdc-Request-Time:
      - '25'
      X-Gdc-Request:
      - ":bRskxGTtAwaCcYwF7SRZHA:C-LejMXEQd6OYWV0gYfs6Q:xWZXjtMhqnlclpb8"
      Vary:
      - origin,X-GDC-VERSION
      Transfer-Encoding:
      - chunked
      Strict-Transport-Security:
      - max-age=10886400; includeSubDomains; preload;
    body:
      encoding: ASCII-8BIT
      string: '{"objects":{"paging":{"count":0,"offset":0},"items":[]}}'
    http_version:
  recorded_at: Thu, 07 May 2020 13:48:17 GMT
- request:
    method: get
    uri: https://staging2-lcm-prod.intgdc.com/gdc/md/nqiq1xggf5he67wyc3qyzk8v7hrkhoae/objects/query?category=prompt&limit=50&offset=0
    body:
      encoding: US-ASCII
      string: ''
    headers:
      Accept:
      - application/json, application/zip
      User-Agent:
      - gooddata-gem/2.1.12/x86_64-darwin19/2.3.8
      Content-Type:
      - application/json
      X-Gdc-Authtt:
      - "<X_GDC_AUTHTT>"
      X-Gdc-Request:
      - ":VvyoM3RL1a39zR6WiU6kRA:w0fGGzLmaQXqp3ViILc3mw"
      Stats-On:
      - ''
      X-Gdc-Version:
      - '2'
      Accept-Encoding:
      - gzip;q=1.0,deflate;q=0.6,identity;q=0.3
      Host:
      - staging2-lcm-prod.intgdc.com
  response:
    status:
      code: 200
      message: OK
    headers:
      Date:
      - Mon, 29 Jun 2020 08:59:06 GMT
      Server:
      - GoodData WebApp
      Keep-Alive:
      - timeout=5, max=39
      X-Gdc-Log-Header:
      - ''
      Cache-Control:
      - no-cache, no-store, must-revalidate
      Content-Type:
      - application/json;charset=UTF-8
      X-Gdc-Request-Time:
      - '26'
      X-Gdc-Request:
      - ":VvyoM3RL1a39zR6WiU6kRA:w0fGGzLmaQXqp3ViILc3mw:HxK7h4Bsz2H4i4gG"
      Vary:
      - origin,X-GDC-VERSION
      Transfer-Encoding:
      - chunked
      Strict-Transport-Security:
      - max-age=10886400; includeSubDomains; preload;
    body:
      encoding: ASCII-8BIT
      string: '{"objects":{"paging":{"count":0,"offset":0},"items":[]}}'
    http_version:
  recorded_at: Mon, 29 Jun 2020 08:59:07 GMT
- request:
    method: get
    uri: https://staging2-lcm-prod.intgdc.com/gdc/md/qpdncf72i3d05fuzkipdwmud9swrycs0/objects/query?category=prompt&limit=50&offset=0
    body:
      encoding: US-ASCII
      string: ''
    headers:
      Accept:
      - application/json, application/zip
      User-Agent:
      - gooddata-gem/2.1.12/x86_64-darwin19/2.3.8
      Content-Type:
      - application/json
      X-Gdc-Authtt:
      - "<X_GDC_AUTHTT>"
      X-Gdc-Request:
      - ":VvyoM3RL1a39zR6WiU6kRA:7le1tCXXBdV_cpy3I7V4vQ"
      Stats-On:
      - ''
      X-Gdc-Version:
      - '2'
      Accept-Encoding:
      - gzip;q=1.0,deflate;q=0.6,identity;q=0.3
      Host:
      - staging2-lcm-prod.intgdc.com
  response:
    status:
      code: 200
      message: OK
    headers:
      Date:
      - Mon, 29 Jun 2020 08:59:08 GMT
      Server:
      - GoodData WebApp
      Keep-Alive:
      - timeout=5, max=30
      X-Gdc-Log-Header:
      - ''
      Cache-Control:
      - no-cache, no-store, must-revalidate
      Content-Type:
      - application/json;charset=UTF-8
      X-Gdc-Request-Time:
      - '22'
      X-Gdc-Request:
      - ":VvyoM3RL1a39zR6WiU6kRA:7le1tCXXBdV_cpy3I7V4vQ:Y9r86tKl130C3nG7"
      Vary:
      - origin,X-GDC-VERSION
      Transfer-Encoding:
      - chunked
      Strict-Transport-Security:
      - max-age=10886400; includeSubDomains; preload;
    body:
      encoding: ASCII-8BIT
      string: '{"objects":{"paging":{"count":0,"offset":0},"items":[]}}'
    http_version:
  recorded_at: Mon, 29 Jun 2020 08:59:08 GMT
recorded_with: VCR 5.0.0
