---
http_interactions:
- request:
    method: get
    uri: https://staging2-lcm-dev.intgdc.com/gdc/md/d1jibu5q4oaxutzx2gvh940i9c95domw/objects/query?category=projectDashboard&limit=50&offset=0
    body:
      encoding: US-ASCII
      string: ''
    headers:
      Accept:
      - application/json, application/zip
      User-Agent:
      - gooddata-gem/2.1.10/x86_64-darwin16/2.3.8
      Content-Type:
      - application/json
      X-Gdc-Authtt:
      - "<X_GDC_AUTHTT>"
      X-Gdc-Request:
      - ":2Wa6iWupUmeg_6eZ0KTMwg:LNfZPqnSftYZdDdG2LcwYg"
      Stats-On:
      - ''
      X-Gdc-Version:
      - '2'
      Accept-Encoding:
      - gzip;q=1.0,deflate;q=0.6,identity;q=0.3
      Host:
      - staging2-lcm-dev.intgdc.com
  response:
    status:
      code: 200
      message: OK
    headers:
      Date:
      - Thu, 07 May 2020 13:47:19 GMT
      Server:
      - GoodData WebApp
      Keep-Alive:
      - timeout=5, max=99
      X-Gdc-Log-Header:
      - ''
      Cache-Control:
      - no-cache, no-store, must-revalidate
      Content-Type:
      - application/json;charset=UTF-8
      Transfer-Encoding:
      - chunked
      X-Gdc-Request-Time:
      - '43'
      X-Gdc-Request:
      - ":2Wa6iWupUmeg_6eZ0KTMwg:LNfZPqnSftYZdDdG2LcwYg:wc9v019Lx8gxxsHf"
      Vary:
      - Accept-Encoding,origin,X-GDC-VERSION
      Strict-Transport-Security:
      - max-age=10886400; includeSubDomains; preload;
    body:
      encoding: ASCII-8BIT
      string: '{"objects":{"paging":{"count":2,"offset":0},"items":[{"projectDashboard":{"content":{"tabs":[{"identifier":"aagsLYmwb2wU","title":"Tab
        1","items":[{"reportItem":{"obj":"/gdc/md/d1jibu5q4oaxutzx2gvh940i9c95domw/obj/384","sizeY":100,"sizeX":640,"visualization":{"grid":{"columnWidths":[]},"oneNumber":{"labels":{}}},"style":{"displayTitle":1,"background":{"opacity":0.0}},"positionY":0,"filters":[],"positionX":0}},{"reportItem":{"obj":"/gdc/md/d1jibu5q4oaxutzx2gvh940i9c95domw/obj/386","sizeY":100,"sizeX":640,"visualization":{"grid":{"columnWidths":[]},"oneNumber":{"labels":{}}},"style":{"displayTitle":1,"background":{"opacity":0.0}},"positionY":150,"filters":[],"positionX":0}},{"reportItem":{"obj":"/gdc/md/d1jibu5q4oaxutzx2gvh940i9c95domw/obj/396","sizeY":100,"sizeX":640,"visualization":{"grid":{"columnWidths":[]},"oneNumber":{"labels":{}}},"style":{"displayTitle":1,"background":{"opacity":0.0}},"positionY":0,"filters":[],"positionX":0}},{"reportItem":{"obj":"/gdc/md/d1jibu5q4oaxutzx2gvh940i9c95domw/obj/402","sizeY":200,"sizeX":300,"visualization":{"grid":{"columnWidths":[]},"oneNumber":{"labels":{}}},"style":{"displayTitle":1,"background":{"opacity":0.0}},"positionY":300,"filters":[],"positionX":0}}]},{"identifier":"aahsLYmwb2wU","title":"Tab
        2","items":[{"reportItem":{"obj":"/gdc/md/d1jibu5q4oaxutzx2gvh940i9c95domw/obj/384","sizeY":100,"sizeX":640,"visualization":{"grid":{"columnWidths":[]},"oneNumber":{"labels":{}}},"style":{"displayTitle":1,"background":{"opacity":0.0}},"positionY":0,"filters":[],"positionX":0}},{"reportItem":{"obj":"/gdc/md/d1jibu5q4oaxutzx2gvh940i9c95domw/obj/386","sizeY":100,"sizeX":640,"visualization":{"grid":{"columnWidths":[]},"oneNumber":{"labels":{}}},"style":{"displayTitle":1,"background":{"opacity":0.0}},"positionY":150,"filters":[],"positionX":0}},{"reportItem":{"obj":"/gdc/md/d1jibu5q4oaxutzx2gvh940i9c95domw/obj/396","sizeY":100,"sizeX":640,"visualization":{"grid":{"columnWidths":[]},"oneNumber":{"labels":{}}},"style":{"displayTitle":1,"background":{"opacity":0.0}},"positionY":0,"filters":[],"positionX":0}}]}],"filters":[]},"meta":{"author":"/gdc/account/profile/ef00d74950b4291e8567b4bcbdfed9a0","uri":"/gdc/md/d1jibu5q4oaxutzx2gvh940i9c95domw/obj/397","tags":"dashboard","created":"2020-05-07
        15:15:06","identifier":"dashboard.dashboard.1","deprecated":"0","summary":"","isProduction":1,"title":"Dashboard
        1","category":"projectDashboard","updated":"2020-05-07 15:39:18","contributor":"/gdc/account/profile/ef00d74950b4291e8567b4bcbdfed9a0"}}},{"projectDashboard":{"content":{"tabs":[{"identifier":"aaisLLlnb2Pb","title":"Tab
        1","items":[{"reportItem":{"obj":"/gdc/md/d1jibu5q4oaxutzx2gvh940i9c95domw/obj/384","sizeY":100,"sizeX":640,"visualization":{"grid":{"columnWidths":[]},"oneNumber":{"labels":{}}},"style":{"displayTitle":1,"background":{"opacity":0.0}},"positionY":0,"filters":[],"positionX":0}},{"reportItem":{"obj":"/gdc/md/d1jibu5q4oaxutzx2gvh940i9c95domw/obj/386","sizeY":100,"sizeX":640,"visualization":{"grid":{"columnWidths":[]},"oneNumber":{"labels":{}}},"style":{"displayTitle":1,"background":{"opacity":0.0}},"positionY":150,"filters":[],"positionX":0}},{"reportItem":{"obj":"/gdc/md/d1jibu5q4oaxutzx2gvh940i9c95domw/obj/396","sizeY":100,"sizeX":640,"visualization":{"grid":{"columnWidths":[]},"oneNumber":{"labels":{}}},"style":{"displayTitle":1,"background":{"opacity":0.0}},"positionY":0,"filters":[],"positionX":0}}]},{"identifier":"aajsLLlnb2Pb","title":"Tab
        2","items":[{"reportItem":{"obj":"/gdc/md/d1jibu5q4oaxutzx2gvh940i9c95domw/obj/384","sizeY":100,"sizeX":640,"visualization":{"grid":{"columnWidths":[]},"oneNumber":{"labels":{}}},"style":{"displayTitle":1,"background":{"opacity":0.0}},"positionY":0,"filters":[],"positionX":0}},{"reportItem":{"obj":"/gdc/md/d1jibu5q4oaxutzx2gvh940i9c95domw/obj/386","sizeY":100,"sizeX":640,"visualization":{"grid":{"columnWidths":[]},"oneNumber":{"labels":{}}},"style":{"displayTitle":1,"background":{"opacity":0.0}},"positionY":150,"filters":[],"positionX":0}},{"reportItem":{"obj":"/gdc/md/d1jibu5q4oaxutzx2gvh940i9c95domw/obj/396","sizeY":100,"sizeX":640,"visualization":{"grid":{"columnWidths":[]},"oneNumber":{"labels":{}}},"style":{"displayTitle":1,"background":{"opacity":0.0}},"positionY":0,"filters":[],"positionX":0}}]}],"filters":[]},"meta":{"author":"/gdc/account/profile/ef00d74950b4291e8567b4bcbdfed9a0","uri":"/gdc/md/d1jibu5q4oaxutzx2gvh940i9c95domw/obj/398","tags":"dashboard","created":"2020-05-07
        15:15:22","identifier":"dashboard.dashboard.2","deprecated":"0","summary":"","isProduction":1,"title":"Dashboard
        2","category":"projectDashboard","updated":"2020-05-07 15:15:24","contributor":"/gdc/account/profile/ef00d74950b4291e8567b4bcbdfed9a0"}}}]}}'
    http_version:
  recorded_at: Thu, 07 May 2020 13:47:18 GMT
- request:
    method: get
    uri: https://staging2-lcm-prod.intgdc.com/gdc/md/v8pvoj7ccszm2o1tmsv59xuogm0mbkga/objects/query?category=projectDashboard&limit=50&offset=0
    body:
      encoding: US-ASCII
      string: ''
    headers:
      Accept:
      - application/json, application/zip
      User-Agent:
      - gooddata-gem/2.1.10/x86_64-darwin16/2.3.8
      Content-Type:
      - application/json
      X-Gdc-Authtt:
      - "<X_GDC_AUTHTT>"
      X-Gdc-Request:
      - ":bRskxGTtAwaCcYwF7SRZHA:ZqDqgo_SaHTM2o4EsOqisA"
      Stats-On:
      - ''
      X-Gdc-Version:
      - '2'
      Accept-Encoding:
      - gzip;q=1.0,deflate;q=0.6,identity;q=0.3
      Host:
      - staging2-lcm-prod.intgdc.com
  response:
    status:
      code: 200
      message: OK
    headers:
      Date:
      - Thu, 07 May 2020 13:47:20 GMT
      Server:
      - GoodData WebApp
      Keep-Alive:
      - timeout=5, max=99
      X-Gdc-Log-Header:
      - ''
      Cache-Control:
      - no-cache, no-store, must-revalidate
      Content-Type:
      - application/json;charset=UTF-8
      Transfer-Encoding:
      - chunked
      X-Gdc-Request-Time:
      - '54'
      X-Gdc-Request:
      - ":bRskxGTtAwaCcYwF7SRZHA:ZqDqgo_SaHTM2o4EsOqisA:jrkNXe0m7Ohcdvp4"
      Vary:
      - Accept-Encoding,origin,X-GDC-VERSION
      Strict-Transport-Security:
      - max-age=10886400; includeSubDomains; preload;
    body:
      encoding: ASCII-8BIT
      string: '{"objects":{"paging":{"count":2,"offset":0},"items":[{"projectDashboard":{"content":{"tabs":[{"identifier":"aaisLLlnb2Pb","title":"Tab
        1","items":[{"reportItem":{"obj":"/gdc/md/v8pvoj7ccszm2o1tmsv59xuogm0mbkga/obj/362","sizeY":100,"sizeX":640,"visualization":{"grid":{"columnWidths":[]},"oneNumber":{"labels":{}}},"style":{"displayTitle":1,"background":{"opacity":0.0}},"positionY":0,"filters":[],"positionX":0}},{"reportItem":{"obj":"/gdc/md/v8pvoj7ccszm2o1tmsv59xuogm0mbkga/obj/360","sizeY":100,"sizeX":640,"visualization":{"grid":{"columnWidths":[]},"oneNumber":{"labels":{}}},"style":{"displayTitle":1,"background":{"opacity":0.0}},"positionY":150,"filters":[],"positionX":0}},{"reportItem":{"obj":"/gdc/md/v8pvoj7ccszm2o1tmsv59xuogm0mbkga/obj/364","sizeY":100,"sizeX":640,"visualization":{"grid":{"columnWidths":[]},"oneNumber":{"labels":{}}},"style":{"displayTitle":1,"background":{"opacity":0.0}},"positionY":0,"filters":[],"positionX":0}}]},{"identifier":"aajsLLlnb2Pb","title":"Tab
        2","items":[{"reportItem":{"obj":"/gdc/md/v8pvoj7ccszm2o1tmsv59xuogm0mbkga/obj/362","sizeY":100,"sizeX":640,"visualization":{"grid":{"columnWidths":[]},"oneNumber":{"labels":{}}},"style":{"displayTitle":1,"background":{"opacity":0.0}},"positionY":0,"filters":[],"positionX":0}},{"reportItem":{"obj":"/gdc/md/v8pvoj7ccszm2o1tmsv59xuogm0mbkga/obj/360","sizeY":100,"sizeX":640,"visualization":{"grid":{"columnWidths":[]},"oneNumber":{"labels":{}}},"style":{"displayTitle":1,"background":{"opacity":0.0}},"positionY":150,"filters":[],"positionX":0}},{"reportItem":{"obj":"/gdc/md/v8pvoj7ccszm2o1tmsv59xuogm0mbkga/obj/364","sizeY":100,"sizeX":640,"visualization":{"grid":{"columnWidths":[]},"oneNumber":{"labels":{}}},"style":{"displayTitle":1,"background":{"opacity":0.0}},"positionY":0,"filters":[],"positionX":0}}]}],"filters":[]},"meta":{"author":"/gdc/account/profile/5ad80b895edcc438e5a4418e222733fa","uri":"/gdc/md/v8pvoj7ccszm2o1tmsv59xuogm0mbkga/obj/365","tags":"dashboard","created":"2020-05-07
        15:44:00","identifier":"dashboard.dashboard.2","deprecated":"0","summary":"","isProduction":1,"title":"Dashboard
        2","category":"projectDashboard","updated":"2020-05-07 15:15:24","contributor":"/gdc/account/profile/5ad80b895edcc438e5a4418e222733fa"}}},{"projectDashboard":{"content":{"tabs":[{"identifier":"aagsLYmwb2wU","title":"Tab
        1","items":[{"reportItem":{"obj":"/gdc/md/v8pvoj7ccszm2o1tmsv59xuogm0mbkga/obj/362","sizeY":100,"sizeX":640,"visualization":{"grid":{"columnWidths":[]},"oneNumber":{"labels":{}}},"style":{"displayTitle":1,"background":{"opacity":0.0}},"positionY":0,"filters":[],"positionX":0}},{"reportItem":{"obj":"/gdc/md/v8pvoj7ccszm2o1tmsv59xuogm0mbkga/obj/360","sizeY":100,"sizeX":640,"visualization":{"grid":{"columnWidths":[]},"oneNumber":{"labels":{}}},"style":{"displayTitle":1,"background":{"opacity":0.0}},"positionY":150,"filters":[],"positionX":0}},{"reportItem":{"obj":"/gdc/md/v8pvoj7ccszm2o1tmsv59xuogm0mbkga/obj/364","sizeY":100,"sizeX":640,"visualization":{"grid":{"columnWidths":[]},"oneNumber":{"labels":{}}},"style":{"displayTitle":1,"background":{"opacity":0.0}},"positionY":0,"filters":[],"positionX":0}},{"reportItem":{"obj":"/gdc/md/v8pvoj7ccszm2o1tmsv59xuogm0mbkga/obj/357","sizeY":200,"sizeX":300,"visualization":{"grid":{"columnWidths":[]},"oneNumber":{"labels":{}}},"style":{"displayTitle":1,"background":{"opacity":0.0}},"positionY":300,"filters":[],"positionX":0}}]},{"identifier":"aahsLYmwb2wU","title":"Tab
        2","items":[{"reportItem":{"obj":"/gdc/md/v8pvoj7ccszm2o1tmsv59xuogm0mbkga/obj/362","sizeY":100,"sizeX":640,"visualization":{"grid":{"columnWidths":[]},"oneNumber":{"labels":{}}},"style":{"displayTitle":1,"background":{"opacity":0.0}},"positionY":0,"filters":[],"positionX":0}},{"reportItem":{"obj":"/gdc/md/v8pvoj7ccszm2o1tmsv59xuogm0mbkga/obj/360","sizeY":100,"sizeX":640,"visualization":{"grid":{"columnWidths":[]},"oneNumber":{"labels":{}}},"style":{"displayTitle":1,"background":{"opacity":0.0}},"positionY":150,"filters":[],"positionX":0}},{"reportItem":{"obj":"/gdc/md/v8pvoj7ccszm2o1tmsv59xuogm0mbkga/obj/364","sizeY":100,"sizeX":640,"visualization":{"grid":{"columnWidths":[]},"oneNumber":{"labels":{}}},"style":{"displayTitle":1,"background":{"opacity":0.0}},"positionY":0,"filters":[],"positionX":0}}]}],"filters":[]},"meta":{"author":"/gdc/account/profile/5ad80b895edcc438e5a4418e222733fa","uri":"/gdc/md/v8pvoj7ccszm2o1tmsv59xuogm0mbkga/obj/366","tags":"dashboard","created":"2020-05-07
        15:44:00","identifier":"dashboard.dashboard.1","deprecated":"0","summary":"","isProduction":1,"title":"Dashboard
        1","category":"projectDashboard","updated":"2020-05-07 15:39:18","contributor":"/gdc/account/profile/5ad80b895edcc438e5a4418e222733fa"}}}]}}'
    http_version:
  recorded_at: Thu, 07 May 2020 13:47:19 GMT
- request:
    method: get
    uri: https://staging2-lcm-prod.intgdc.com/gdc/md/stp6jv2id7msbitjkk40jfm7720dw1gf/objects/query?category=projectDashboard&limit=50&offset=0
    body:
      encoding: US-ASCII
      string: ''
    headers:
      Accept:
      - application/json, application/zip
      User-Agent:
      - gooddata-gem/2.1.10/x86_64-darwin16/2.3.8
      Content-Type:
      - application/json
      X-Gdc-Authtt:
      - "<X_GDC_AUTHTT>"
      X-Gdc-Request:
      - ":bRskxGTtAwaCcYwF7SRZHA:5o6ZyAJhe76wgGFjQ8fdKg"
      Stats-On:
      - ''
      X-Gdc-Version:
      - '2'
      Accept-Encoding:
      - gzip;q=1.0,deflate;q=0.6,identity;q=0.3
      Host:
      - staging2-lcm-prod.intgdc.com
  response:
    status:
      code: 200
      message: OK
    headers:
      Date:
      - Thu, 07 May 2020 13:47:21 GMT
      Server:
      - GoodData WebApp
      Keep-Alive:
      - timeout=5, max=98
      X-Gdc-Log-Header:
      - ''
      Cache-Control:
      - no-cache, no-store, must-revalidate
      Content-Type:
      - application/json;charset=UTF-8
      Transfer-Encoding:
      - chunked
      X-Gdc-Request-Time:
      - '44'
      X-Gdc-Request:
      - ":bRskxGTtAwaCcYwF7SRZHA:5o6ZyAJhe76wgGFjQ8fdKg:3UwbMrVuHGKAV9Gb"
      Vary:
      - Accept-Encoding,origin,X-GDC-VERSION
      Strict-Transport-Security:
      - max-age=10886400; includeSubDomains; preload;
    body:
      encoding: ASCII-8BIT
      string: '{"objects":{"paging":{"count":2,"offset":0},"items":[{"projectDashboard":{"content":{"tabs":[{"identifier":"aaisLLlnb2Pb","title":"Tab
        1","items":[{"reportItem":{"obj":"/gdc/md/stp6jv2id7msbitjkk40jfm7720dw1gf/obj/362","sizeY":100,"sizeX":640,"visualization":{"grid":{"columnWidths":[]},"oneNumber":{"labels":{}}},"style":{"displayTitle":1,"background":{"opacity":0.0}},"positionY":0,"filters":[],"positionX":0}},{"reportItem":{"obj":"/gdc/md/stp6jv2id7msbitjkk40jfm7720dw1gf/obj/360","sizeY":100,"sizeX":640,"visualization":{"grid":{"columnWidths":[]},"oneNumber":{"labels":{}}},"style":{"displayTitle":1,"background":{"opacity":0.0}},"positionY":150,"filters":[],"positionX":0}},{"reportItem":{"obj":"/gdc/md/stp6jv2id7msbitjkk40jfm7720dw1gf/obj/364","sizeY":100,"sizeX":640,"visualization":{"grid":{"columnWidths":[]},"oneNumber":{"labels":{}}},"style":{"displayTitle":1,"background":{"opacity":0.0}},"positionY":0,"filters":[],"positionX":0}}]},{"identifier":"aajsLLlnb2Pb","title":"Tab
        2","items":[{"reportItem":{"obj":"/gdc/md/stp6jv2id7msbitjkk40jfm7720dw1gf/obj/362","sizeY":100,"sizeX":640,"visualization":{"grid":{"columnWidths":[]},"oneNumber":{"labels":{}}},"style":{"displayTitle":1,"background":{"opacity":0.0}},"positionY":0,"filters":[],"positionX":0}},{"reportItem":{"obj":"/gdc/md/stp6jv2id7msbitjkk40jfm7720dw1gf/obj/360","sizeY":100,"sizeX":640,"visualization":{"grid":{"columnWidths":[]},"oneNumber":{"labels":{}}},"style":{"displayTitle":1,"background":{"opacity":0.0}},"positionY":150,"filters":[],"positionX":0}},{"reportItem":{"obj":"/gdc/md/stp6jv2id7msbitjkk40jfm7720dw1gf/obj/364","sizeY":100,"sizeX":640,"visualization":{"grid":{"columnWidths":[]},"oneNumber":{"labels":{}}},"style":{"displayTitle":1,"background":{"opacity":0.0}},"positionY":0,"filters":[],"positionX":0}}]}],"filters":[]},"meta":{"author":"/gdc/account/profile/5ad80b895edcc438e5a4418e222733fa","uri":"/gdc/md/stp6jv2id7msbitjkk40jfm7720dw1gf/obj/365","tags":"dashboard","created":"2020-05-07
        15:44:20","identifier":"dashboard.dashboard.2","deprecated":"0","summary":"","isProduction":1,"title":"Dashboard
        2","category":"projectDashboard","updated":"2020-05-07 15:15:24","contributor":"/gdc/account/profile/5ad80b895edcc438e5a4418e222733fa"}}},{"projectDashboard":{"content":{"tabs":[{"identifier":"aagsLYmwb2wU","title":"Tab
        1","items":[{"reportItem":{"obj":"/gdc/md/stp6jv2id7msbitjkk40jfm7720dw1gf/obj/362","sizeY":100,"sizeX":640,"visualization":{"grid":{"columnWidths":[]},"oneNumber":{"labels":{}}},"style":{"displayTitle":1,"background":{"opacity":0.0}},"positionY":0,"filters":[],"positionX":0}},{"reportItem":{"obj":"/gdc/md/stp6jv2id7msbitjkk40jfm7720dw1gf/obj/360","sizeY":100,"sizeX":640,"visualization":{"grid":{"columnWidths":[]},"oneNumber":{"labels":{}}},"style":{"displayTitle":1,"background":{"opacity":0.0}},"positionY":150,"filters":[],"positionX":0}},{"reportItem":{"obj":"/gdc/md/stp6jv2id7msbitjkk40jfm7720dw1gf/obj/364","sizeY":100,"sizeX":640,"visualization":{"grid":{"columnWidths":[]},"oneNumber":{"labels":{}}},"style":{"displayTitle":1,"background":{"opacity":0.0}},"positionY":0,"filters":[],"positionX":0}},{"reportItem":{"obj":"/gdc/md/stp6jv2id7msbitjkk40jfm7720dw1gf/obj/357","sizeY":200,"sizeX":300,"visualization":{"grid":{"columnWidths":[]},"oneNumber":{"labels":{}}},"style":{"displayTitle":1,"background":{"opacity":0.0}},"positionY":300,"filters":[],"positionX":0}}]},{"identifier":"aahsLYmwb2wU","title":"Tab
        2","items":[{"reportItem":{"obj":"/gdc/md/stp6jv2id7msbitjkk40jfm7720dw1gf/obj/362","sizeY":100,"sizeX":640,"visualization":{"grid":{"columnWidths":[]},"oneNumber":{"labels":{}}},"style":{"displayTitle":1,"background":{"opacity":0.0}},"positionY":0,"filters":[],"positionX":0}},{"reportItem":{"obj":"/gdc/md/stp6jv2id7msbitjkk40jfm7720dw1gf/obj/360","sizeY":100,"sizeX":640,"visualization":{"grid":{"columnWidths":[]},"oneNumber":{"labels":{}}},"style":{"displayTitle":1,"background":{"opacity":0.0}},"positionY":150,"filters":[],"positionX":0}},{"reportItem":{"obj":"/gdc/md/stp6jv2id7msbitjkk40jfm7720dw1gf/obj/364","sizeY":100,"sizeX":640,"visualization":{"grid":{"columnWidths":[]},"oneNumber":{"labels":{}}},"style":{"displayTitle":1,"background":{"opacity":0.0}},"positionY":0,"filters":[],"positionX":0}}]}],"filters":[]},"meta":{"author":"/gdc/account/profile/5ad80b895edcc438e5a4418e222733fa","uri":"/gdc/md/stp6jv2id7msbitjkk40jfm7720dw1gf/obj/366","tags":"dashboard","created":"2020-05-07
        15:44:20","identifier":"dashboard.dashboard.1","deprecated":"0","summary":"","isProduction":1,"title":"Dashboard
        1","category":"projectDashboard","updated":"2020-05-07 15:39:18","contributor":"/gdc/account/profile/5ad80b895edcc438e5a4418e222733fa"}}}]}}'
    http_version:
  recorded_at: Thu, 07 May 2020 13:47:20 GMT
- request:
    method: get
    uri: https://staging2-lcm-dev.intgdc.com/gdc/md/uvios3npjiw7exldjfoliwwrxnb4m6j9/objects/query?category=projectDashboard&limit=50&offset=0
    body:
      encoding: US-ASCII
      string: ''
    headers:
      Accept:
      - application/json, application/zip
      User-Agent:
      - gooddata-gem/2.1.12/x86_64-darwin19/2.3.8
      Content-Type:
      - application/json
      X-Gdc-Authtt:
      - "<X_GDC_AUTHTT>"
      X-Gdc-Request:
      - ":ml0iq8AU2NNyQyuVQA3iNw:Fawz2bFq7R7_DdkYvtrVYg"
      Stats-On:
      - ''
      X-Gdc-Version:
      - '2'
      Accept-Encoding:
      - gzip;q=1.0,deflate;q=0.6,identity;q=0.3
      Host:
      - staging2-lcm-dev.intgdc.com
  response:
    status:
      code: 200
      message: OK
    headers:
      Date:
      - Mon, 29 Jun 2020 08:58:02 GMT
      Server:
      - GoodData WebApp
      Keep-Alive:
      - timeout=5, max=35
      X-Gdc-Log-Header:
      - ''
      Cache-Control:
      - no-cache, no-store, must-revalidate
      Content-Type:
      - application/json;charset=UTF-8
      Transfer-Encoding:
      - chunked
      X-Gdc-Request-Time:
      - '42'
      X-Gdc-Request:
      - ":ml0iq8AU2NNyQyuVQA3iNw:Fawz2bFq7R7_DdkYvtrVYg:M3ZyaLrO7fQCAJHC"
      Vary:
      - Accept-Encoding,origin,X-GDC-VERSION
      Strict-Transport-Security:
      - max-age=10886400; includeSubDomains; preload;
    body:
      encoding: ASCII-8BIT
      string: '{"objects":{"paging":{"count":2,"offset":0},"items":[{"projectDashboard":{"content":{"tabs":[{"identifier":"aaerHjdAfpOV","title":"Tab
        1","items":[{"reportItem":{"obj":"/gdc/md/uvios3npjiw7exldjfoliwwrxnb4m6j9/obj/384","sizeY":100,"sizeX":640,"visualization":{"grid":{"columnWidths":[]},"oneNumber":{"labels":{}}},"style":{"displayTitle":1,"background":{"opacity":0.0}},"positionY":0,"filters":[],"positionX":0}},{"reportItem":{"obj":"/gdc/md/uvios3npjiw7exldjfoliwwrxnb4m6j9/obj/386","sizeY":100,"sizeX":640,"visualization":{"grid":{"columnWidths":[]},"oneNumber":{"labels":{}}},"style":{"displayTitle":1,"background":{"opacity":0.0}},"positionY":150,"filters":[],"positionX":0}},{"reportItem":{"obj":"/gdc/md/uvios3npjiw7exldjfoliwwrxnb4m6j9/obj/396","sizeY":100,"sizeX":640,"visualization":{"grid":{"columnWidths":[]},"oneNumber":{"labels":{}}},"style":{"displayTitle":1,"background":{"opacity":0.0}},"positionY":0,"filters":[],"positionX":0}},{"reportItem":{"obj":"/gdc/md/uvios3npjiw7exldjfoliwwrxnb4m6j9/obj/402","sizeY":200,"sizeX":300,"visualization":{"grid":{"columnWidths":[]},"oneNumber":{"labels":{}}},"style":{"displayTitle":1,"background":{"opacity":0.0}},"positionY":300,"filters":[],"positionX":0}}]},{"identifier":"aafrHjdAfpOV","title":"Tab
        2","items":[{"reportItem":{"obj":"/gdc/md/uvios3npjiw7exldjfoliwwrxnb4m6j9/obj/384","sizeY":100,"sizeX":640,"visualization":{"grid":{"columnWidths":[]},"oneNumber":{"labels":{}}},"style":{"displayTitle":1,"background":{"opacity":0.0}},"positionY":0,"filters":[],"positionX":0}},{"reportItem":{"obj":"/gdc/md/uvios3npjiw7exldjfoliwwrxnb4m6j9/obj/386","sizeY":100,"sizeX":640,"visualization":{"grid":{"columnWidths":[]},"oneNumber":{"labels":{}}},"style":{"displayTitle":1,"background":{"opacity":0.0}},"positionY":150,"filters":[],"positionX":0}},{"reportItem":{"obj":"/gdc/md/uvios3npjiw7exldjfoliwwrxnb4m6j9/obj/396","sizeY":100,"sizeX":640,"visualization":{"grid":{"columnWidths":[]},"oneNumber":{"labels":{}}},"style":{"displayTitle":1,"background":{"opacity":0.0}},"positionY":0,"filters":[],"positionX":0}}]}],"filters":[]},"meta":{"author":"/gdc/account/profile/ef00d74950b4291e8567b4bcbdfed9a0","uri":"/gdc/md/uvios3npjiw7exldjfoliwwrxnb4m6j9/obj/397","tags":"dashboard","created":"2020-06-29
        10:03:08","identifier":"dashboard.dashboard.1","deprecated":"0","summary":"","isProduction":1,"title":"Dashboard
        1","category":"projectDashboard","updated":"2020-06-29 10:49:58","contributor":"/gdc/account/profile/ef00d74950b4291e8567b4bcbdfed9a0"}}},{"projectDashboard":{"content":{"tabs":[{"identifier":"aahrHjdAfpOV","title":"Tab
        1","items":[{"reportItem":{"obj":"/gdc/md/uvios3npjiw7exldjfoliwwrxnb4m6j9/obj/384","sizeY":100,"sizeX":640,"visualization":{"grid":{"columnWidths":[]},"oneNumber":{"labels":{}}},"style":{"displayTitle":1,"background":{"opacity":0.0}},"positionY":0,"filters":[],"positionX":0}},{"reportItem":{"obj":"/gdc/md/uvios3npjiw7exldjfoliwwrxnb4m6j9/obj/386","sizeY":100,"sizeX":640,"visualization":{"grid":{"columnWidths":[]},"oneNumber":{"labels":{}}},"style":{"displayTitle":1,"background":{"opacity":0.0}},"positionY":150,"filters":[],"positionX":0}},{"reportItem":{"obj":"/gdc/md/uvios3npjiw7exldjfoliwwrxnb4m6j9/obj/396","sizeY":100,"sizeX":640,"visualization":{"grid":{"columnWidths":[]},"oneNumber":{"labels":{}}},"style":{"displayTitle":1,"background":{"opacity":0.0}},"positionY":0,"filters":[],"positionX":0}}]},{"identifier":"aairHjdAfpOV","title":"Tab
        2","items":[{"reportItem":{"obj":"/gdc/md/uvios3npjiw7exldjfoliwwrxnb4m6j9/obj/384","sizeY":100,"sizeX":640,"visualization":{"grid":{"columnWidths":[]},"oneNumber":{"labels":{}}},"style":{"displayTitle":1,"background":{"opacity":0.0}},"positionY":0,"filters":[],"positionX":0}},{"reportItem":{"obj":"/gdc/md/uvios3npjiw7exldjfoliwwrxnb4m6j9/obj/386","sizeY":100,"sizeX":640,"visualization":{"grid":{"columnWidths":[]},"oneNumber":{"labels":{}}},"style":{"displayTitle":1,"background":{"opacity":0.0}},"positionY":150,"filters":[],"positionX":0}},{"reportItem":{"obj":"/gdc/md/uvios3npjiw7exldjfoliwwrxnb4m6j9/obj/396","sizeY":100,"sizeX":640,"visualization":{"grid":{"columnWidths":[]},"oneNumber":{"labels":{}}},"style":{"displayTitle":1,"background":{"opacity":0.0}},"positionY":0,"filters":[],"positionX":0}}]}],"filters":[]},"meta":{"author":"/gdc/account/profile/ef00d74950b4291e8567b4bcbdfed9a0","uri":"/gdc/md/uvios3npjiw7exldjfoliwwrxnb4m6j9/obj/398","tags":"dashboard","created":"2020-06-29
        10:03:27","identifier":"dashboard.dashboard.2","deprecated":"0","summary":"","isProduction":1,"title":"Dashboard
        2","category":"projectDashboard","updated":"2020-06-29 10:03:29","contributor":"/gdc/account/profile/ef00d74950b4291e8567b4bcbdfed9a0"}}}]}}'
    http_version:
  recorded_at: Mon, 29 Jun 2020 08:58:02 GMT
- request:
    method: get
    uri: https://staging2-lcm-prod.intgdc.com/gdc/md/nqiq1xggf5he67wyc3qyzk8v7hrkhoae/objects/query?category=projectDashboard&limit=50&offset=0
    body:
      encoding: US-ASCII
      string: ''
    headers:
      Accept:
      - application/json, application/zip
      User-Agent:
      - gooddata-gem/2.1.12/x86_64-darwin19/2.3.8
      Content-Type:
      - application/json
      X-Gdc-Authtt:
      - "<X_GDC_AUTHTT>"
      X-Gdc-Request:
      - ":VvyoM3RL1a39zR6WiU6kRA:5CPnFRZ9gw_s5vFzqLX0og"
      Stats-On:
      - ''
      X-Gdc-Version:
      - '2'
      Accept-Encoding:
      - gzip;q=1.0,deflate;q=0.6,identity;q=0.3
      Host:
      - staging2-lcm-prod.intgdc.com
  response:
    status:
      code: 200
      message: OK
    headers:
      Date:
      - Mon, 29 Jun 2020 08:58:03 GMT
      Server:
      - GoodData WebApp
      Keep-Alive:
      - timeout=5, max=94
      X-Gdc-Log-Header:
      - ''
      Cache-Control:
      - no-cache, no-store, must-revalidate
      Content-Type:
      - application/json;charset=UTF-8
      Transfer-Encoding:
      - chunked
      X-Gdc-Request-Time:
      - '29'
      X-Gdc-Request:
      - ":VvyoM3RL1a39zR6WiU6kRA:5CPnFRZ9gw_s5vFzqLX0og:2rXlARp7s3BW0f8J"
      Vary:
      - Accept-Encoding,origin,X-GDC-VERSION
      Strict-Transport-Security:
      - max-age=10886400; includeSubDomains; preload;
    body:
      encoding: ASCII-8BIT
      string: '{"objects":{"paging":{"count":2,"offset":0},"items":[{"projectDashboard":{"content":{"tabs":[{"identifier":"aahrHjdAfpOV","title":"Tab
        1","items":[{"reportItem":{"obj":"/gdc/md/nqiq1xggf5he67wyc3qyzk8v7hrkhoae/obj/362","sizeY":100,"sizeX":640,"visualization":{"grid":{"columnWidths":[]},"oneNumber":{"labels":{}}},"style":{"displayTitle":1,"background":{"opacity":0.0}},"positionY":0,"filters":[],"positionX":0}},{"reportItem":{"obj":"/gdc/md/nqiq1xggf5he67wyc3qyzk8v7hrkhoae/obj/360","sizeY":100,"sizeX":640,"visualization":{"grid":{"columnWidths":[]},"oneNumber":{"labels":{}}},"style":{"displayTitle":1,"background":{"opacity":0.0}},"positionY":150,"filters":[],"positionX":0}},{"reportItem":{"obj":"/gdc/md/nqiq1xggf5he67wyc3qyzk8v7hrkhoae/obj/364","sizeY":100,"sizeX":640,"visualization":{"grid":{"columnWidths":[]},"oneNumber":{"labels":{}}},"style":{"displayTitle":1,"background":{"opacity":0.0}},"positionY":0,"filters":[],"positionX":0}}]},{"identifier":"aairHjdAfpOV","title":"Tab
        2","items":[{"reportItem":{"obj":"/gdc/md/nqiq1xggf5he67wyc3qyzk8v7hrkhoae/obj/362","sizeY":100,"sizeX":640,"visualization":{"grid":{"columnWidths":[]},"oneNumber":{"labels":{}}},"style":{"displayTitle":1,"background":{"opacity":0.0}},"positionY":0,"filters":[],"positionX":0}},{"reportItem":{"obj":"/gdc/md/nqiq1xggf5he67wyc3qyzk8v7hrkhoae/obj/360","sizeY":100,"sizeX":640,"visualization":{"grid":{"columnWidths":[]},"oneNumber":{"labels":{}}},"style":{"displayTitle":1,"background":{"opacity":0.0}},"positionY":150,"filters":[],"positionX":0}},{"reportItem":{"obj":"/gdc/md/nqiq1xggf5he67wyc3qyzk8v7hrkhoae/obj/364","sizeY":100,"sizeX":640,"visualization":{"grid":{"columnWidths":[]},"oneNumber":{"labels":{}}},"style":{"displayTitle":1,"background":{"opacity":0.0}},"positionY":0,"filters":[],"positionX":0}}]}],"filters":[]},"meta":{"author":"/gdc/account/profile/5ad80b895edcc438e5a4418e222733fa","uri":"/gdc/md/nqiq1xggf5he67wyc3qyzk8v7hrkhoae/obj/365","tags":"dashboard","created":"2020-06-29
        10:54:36","identifier":"dashboard.dashboard.2","deprecated":"0","summary":"","isProduction":1,"title":"Dashboard
        2","category":"projectDashboard","updated":"2020-06-29 10:03:29","contributor":"/gdc/account/profile/5ad80b895edcc438e5a4418e222733fa"}}},{"projectDashboard":{"content":{"tabs":[{"identifier":"aaerHjdAfpOV","title":"Tab
        1","items":[{"reportItem":{"obj":"/gdc/md/nqiq1xggf5he67wyc3qyzk8v7hrkhoae/obj/362","sizeY":100,"sizeX":640,"visualization":{"grid":{"columnWidths":[]},"oneNumber":{"labels":{}}},"style":{"displayTitle":1,"background":{"opacity":0.0}},"positionY":0,"filters":[],"positionX":0}},{"reportItem":{"obj":"/gdc/md/nqiq1xggf5he67wyc3qyzk8v7hrkhoae/obj/360","sizeY":100,"sizeX":640,"visualization":{"grid":{"columnWidths":[]},"oneNumber":{"labels":{}}},"style":{"displayTitle":1,"background":{"opacity":0.0}},"positionY":150,"filters":[],"positionX":0}},{"reportItem":{"obj":"/gdc/md/nqiq1xggf5he67wyc3qyzk8v7hrkhoae/obj/364","sizeY":100,"sizeX":640,"visualization":{"grid":{"columnWidths":[]},"oneNumber":{"labels":{}}},"style":{"displayTitle":1,"background":{"opacity":0.0}},"positionY":0,"filters":[],"positionX":0}},{"reportItem":{"obj":"/gdc/md/nqiq1xggf5he67wyc3qyzk8v7hrkhoae/obj/357","sizeY":200,"sizeX":300,"visualization":{"grid":{"columnWidths":[]},"oneNumber":{"labels":{}}},"style":{"displayTitle":1,"background":{"opacity":0.0}},"positionY":300,"filters":[],"positionX":0}}]},{"identifier":"aafrHjdAfpOV","title":"Tab
        2","items":[{"reportItem":{"obj":"/gdc/md/nqiq1xggf5he67wyc3qyzk8v7hrkhoae/obj/362","sizeY":100,"sizeX":640,"visualization":{"grid":{"columnWidths":[]},"oneNumber":{"labels":{}}},"style":{"displayTitle":1,"background":{"opacity":0.0}},"positionY":0,"filters":[],"positionX":0}},{"reportItem":{"obj":"/gdc/md/nqiq1xggf5he67wyc3qyzk8v7hrkhoae/obj/360","sizeY":100,"sizeX":640,"visualization":{"grid":{"columnWidths":[]},"oneNumber":{"labels":{}}},"style":{"displayTitle":1,"background":{"opacity":0.0}},"positionY":150,"filters":[],"positionX":0}},{"reportItem":{"obj":"/gdc/md/nqiq1xggf5he67wyc3qyzk8v7hrkhoae/obj/364","sizeY":100,"sizeX":640,"visualization":{"grid":{"columnWidths":[]},"oneNumber":{"labels":{}}},"style":{"displayTitle":1,"background":{"opacity":0.0}},"positionY":0,"filters":[],"positionX":0}}]}],"filters":[]},"meta":{"author":"/gdc/account/profile/5ad80b895edcc438e5a4418e222733fa","uri":"/gdc/md/nqiq1xggf5he67wyc3qyzk8v7hrkhoae/obj/366","tags":"dashboard","created":"2020-06-29
        10:54:36","identifier":"dashboard.dashboard.1","deprecated":"0","summary":"","isProduction":1,"title":"Dashboard
        1","category":"projectDashboard","updated":"2020-06-29 10:49:58","contributor":"/gdc/account/profile/5ad80b895edcc438e5a4418e222733fa"}}}]}}'
    http_version:
  recorded_at: Mon, 29 Jun 2020 08:58:03 GMT
- request:
    method: get
    uri: https://staging2-lcm-prod.intgdc.com/gdc/md/qpdncf72i3d05fuzkipdwmud9swrycs0/objects/query?category=projectDashboard&limit=50&offset=0
    body:
      encoding: US-ASCII
      string: ''
    headers:
      Accept:
      - application/json, application/zip
      User-Agent:
      - gooddata-gem/2.1.12/x86_64-darwin19/2.3.8
      Content-Type:
      - application/json
      X-Gdc-Authtt:
      - "<X_GDC_AUTHTT>"
      X-Gdc-Request:
      - ":VvyoM3RL1a39zR6WiU6kRA:TZ06qW2thYyxUESxrHa-jQ"
      Stats-On:
      - ''
      X-Gdc-Version:
      - '2'
      Accept-Encoding:
      - gzip;q=1.0,deflate;q=0.6,identity;q=0.3
      Host:
      - staging2-lcm-prod.intgdc.com
  response:
    status:
      code: 200
      message: OK
    headers:
      Date:
      - Mon, 29 Jun 2020 08:58:04 GMT
      Server:
      - GoodData WebApp
      Keep-Alive:
      - timeout=5, max=75
      X-Gdc-Log-Header:
      - ''
      Cache-Control:
      - no-cache, no-store, must-revalidate
      Content-Type:
      - application/json;charset=UTF-8
      Transfer-Encoding:
      - chunked
      X-Gdc-Request-Time:
      - '31'
      X-Gdc-Request:
      - ":VvyoM3RL1a39zR6WiU6kRA:TZ06qW2thYyxUESxrHa-jQ:r6wgLN9yv0Hnk53s"
      Vary:
      - Accept-Encoding,origin,X-GDC-VERSION
      Strict-Transport-Security:
      - max-age=10886400; includeSubDomains; preload;
    body:
      encoding: ASCII-8BIT
      string: '{"objects":{"paging":{"count":2,"offset":0},"items":[{"projectDashboard":{"content":{"tabs":[{"identifier":"aahrHjdAfpOV","title":"Tab
        1","items":[{"reportItem":{"obj":"/gdc/md/qpdncf72i3d05fuzkipdwmud9swrycs0/obj/362","sizeY":100,"sizeX":640,"visualization":{"grid":{"columnWidths":[]},"oneNumber":{"labels":{}}},"style":{"displayTitle":1,"background":{"opacity":0.0}},"positionY":0,"filters":[],"positionX":0}},{"reportItem":{"obj":"/gdc/md/qpdncf72i3d05fuzkipdwmud9swrycs0/obj/360","sizeY":100,"sizeX":640,"visualization":{"grid":{"columnWidths":[]},"oneNumber":{"labels":{}}},"style":{"displayTitle":1,"background":{"opacity":0.0}},"positionY":150,"filters":[],"positionX":0}},{"reportItem":{"obj":"/gdc/md/qpdncf72i3d05fuzkipdwmud9swrycs0/obj/364","sizeY":100,"sizeX":640,"visualization":{"grid":{"columnWidths":[]},"oneNumber":{"labels":{}}},"style":{"displayTitle":1,"background":{"opacity":0.0}},"positionY":0,"filters":[],"positionX":0}}]},{"identifier":"aairHjdAfpOV","title":"Tab
        2","items":[{"reportItem":{"obj":"/gdc/md/qpdncf72i3d05fuzkipdwmud9swrycs0/obj/362","sizeY":100,"sizeX":640,"visualization":{"grid":{"columnWidths":[]},"oneNumber":{"labels":{}}},"style":{"displayTitle":1,"background":{"opacity":0.0}},"positionY":0,"filters":[],"positionX":0}},{"reportItem":{"obj":"/gdc/md/qpdncf72i3d05fuzkipdwmud9swrycs0/obj/360","sizeY":100,"sizeX":640,"visualization":{"grid":{"columnWidths":[]},"oneNumber":{"labels":{}}},"style":{"displayTitle":1,"background":{"opacity":0.0}},"positionY":150,"filters":[],"positionX":0}},{"reportItem":{"obj":"/gdc/md/qpdncf72i3d05fuzkipdwmud9swrycs0/obj/364","sizeY":100,"sizeX":640,"visualization":{"grid":{"columnWidths":[]},"oneNumber":{"labels":{}}},"style":{"displayTitle":1,"background":{"opacity":0.0}},"positionY":0,"filters":[],"positionX":0}}]}],"filters":[]},"meta":{"author":"/gdc/account/profile/5ad80b895edcc438e5a4418e222733fa","uri":"/gdc/md/qpdncf72i3d05fuzkipdwmud9swrycs0/obj/365","tags":"dashboard","created":"2020-06-29
        10:54:54","identifier":"dashboard.dashboard.2","deprecated":"0","summary":"","isProduction":1,"title":"Dashboard
        2","category":"projectDashboard","updated":"2020-06-29 10:03:29","contributor":"/gdc/account/profile/5ad80b895edcc438e5a4418e222733fa"}}},{"projectDashboard":{"content":{"tabs":[{"identifier":"aaerHjdAfpOV","title":"Tab
        1","items":[{"reportItem":{"obj":"/gdc/md/qpdncf72i3d05fuzkipdwmud9swrycs0/obj/362","sizeY":100,"sizeX":640,"visualization":{"grid":{"columnWidths":[]},"oneNumber":{"labels":{}}},"style":{"displayTitle":1,"background":{"opacity":0.0}},"positionY":0,"filters":[],"positionX":0}},{"reportItem":{"obj":"/gdc/md/qpdncf72i3d05fuzkipdwmud9swrycs0/obj/360","sizeY":100,"sizeX":640,"visualization":{"grid":{"columnWidths":[]},"oneNumber":{"labels":{}}},"style":{"displayTitle":1,"background":{"opacity":0.0}},"positionY":150,"filters":[],"positionX":0}},{"reportItem":{"obj":"/gdc/md/qpdncf72i3d05fuzkipdwmud9swrycs0/obj/364","sizeY":100,"sizeX":640,"visualization":{"grid":{"columnWidths":[]},"oneNumber":{"labels":{}}},"style":{"displayTitle":1,"background":{"opacity":0.0}},"positionY":0,"filters":[],"positionX":0}},{"reportItem":{"obj":"/gdc/md/qpdncf72i3d05fuzkipdwmud9swrycs0/obj/357","sizeY":200,"sizeX":300,"visualization":{"grid":{"columnWidths":[]},"oneNumber":{"labels":{}}},"style":{"displayTitle":1,"background":{"opacity":0.0}},"positionY":300,"filters":[],"positionX":0}}]},{"identifier":"aafrHjdAfpOV","title":"Tab
        2","items":[{"reportItem":{"obj":"/gdc/md/qpdncf72i3d05fuzkipdwmud9swrycs0/obj/362","sizeY":100,"sizeX":640,"visualization":{"grid":{"columnWidths":[]},"oneNumber":{"labels":{}}},"style":{"displayTitle":1,"background":{"opacity":0.0}},"positionY":0,"filters":[],"positionX":0}},{"reportItem":{"obj":"/gdc/md/qpdncf72i3d05fuzkipdwmud9swrycs0/obj/360","sizeY":100,"sizeX":640,"visualization":{"grid":{"columnWidths":[]},"oneNumber":{"labels":{}}},"style":{"displayTitle":1,"background":{"opacity":0.0}},"positionY":150,"filters":[],"positionX":0}},{"reportItem":{"obj":"/gdc/md/qpdncf72i3d05fuzkipdwmud9swrycs0/obj/364","sizeY":100,"sizeX":640,"visualization":{"grid":{"columnWidths":[]},"oneNumber":{"labels":{}}},"style":{"displayTitle":1,"background":{"opacity":0.0}},"positionY":0,"filters":[],"positionX":0}}]}],"filters":[]},"meta":{"author":"/gdc/account/profile/5ad80b895edcc438e5a4418e222733fa","uri":"/gdc/md/qpdncf72i3d05fuzkipdwmud9swrycs0/obj/366","tags":"dashboard","created":"2020-06-29
        10:54:54","identifier":"dashboard.dashboard.1","deprecated":"0","summary":"","isProduction":1,"title":"Dashboard
        1","category":"projectDashboard","updated":"2020-06-29 10:49:58","contributor":"/gdc/account/profile/5ad80b895edcc438e5a4418e222733fa"}}}]}}'
    http_version:
  recorded_at: Mon, 29 Jun 2020 08:58:05 GMT
recorded_with: VCR 5.0.0
